Number of devices: Available ports:
COM12 - USB Serial Device (COM12)
COM1 - Communications Port (COM1)
COM8 - USB Serial Device (COM8)
COM21 - USB Serial Device (COM21)
COM6 - USB Serial Device (COM6)
COM14 - USB Serial Device (COM14)
Port device_1: (com5): Waiting for new model...

(com5): Waiting for new model...

(com5): Waiting for new model...

Seed conf: Seed: 4321


[com5] Sending model to com5
Model sent to com5
[com5] Model received confirmation:  Received new model.


[com5] Sending samples from 0 to 500
[com5] Sending sample montserrat.2jdj9gln.ingestion-bcfbf9bfd-96mhc.json (0/500): Button 1
[com5] Sending train command
[com5] Train start confirmation: ok


[com5] Button confirmation: Button 1


[com5] Only forward confirmation: Only forward 0


[com5] Sample received confirmation: Sample received for button 1


[com5] Graph command received: graph


[com5] Outputs [raw]: b'0.795744 0.855873 0.487519 0.269876 \n'
[com5] Outputs: ['0.795744', '0.855873', '0.487519', '0.269876']
[com5] Predicted button: 2
[com5] Error: 0.271187

[com5] Sample sent in: 977.28466796875 milliseconds)
[com5] Sending sample pedraforca.2jdji1ie.ingestion-7979684cc8-9nv75.json (1/500): Button 2
[com5] Sending train command
[com5] Train start confirmation: ok


[com5] Button confirmation: Button 2


[com5] Only forward confirmation: Only forward 0


[com5] Sample received confirmation: Sample received for button 2


[com5] Graph command received: graph


[com5] Outputs [raw]: b'0.844478 0.600330 0.148422 0.270541 \n'
[com5] Outputs: ['0.844478', '0.600330', '0.148422', '0.270541']
[com5] Predicted button: 1
[com5] Error: 0.242025

[com5] Sample sent in: 974.922607421875 milliseconds)
[com5] Sending sample vermell.2im7lnjs.ingestion-65c5587588-smqjm.json (2/500): Button 3
[com5] Sending train command
[com5] Train start confirmation: ok


[com5] Button confirmation: Button 3


[com5] Only forward confirmation: Only forward 0


[com5] Sample received confirmation: Sample received for button 3


[com5] Graph command received: graph


[com5] Outputs [raw]: b'0.789250 0.664914 0.133055 0.187589 \n'
[com5] Outputs: ['0.789250', '0.664914', '0.133055', '0.187589']
[com5] Predicted button: 1
[com5] Error: 0.462952

[com5] Sample sent in: 970.097412109375 milliseconds)
[com5] Sending sample blau.2im8o907.ingestion-65c5587588-lg5cg.json (3/500): Button 4
[com5] Sending train command
[com5] Train start confirmation: ok


[com5] Button confirmation: Button 4


[com5] Only forward confirmation: Only forward 0


[com5] Sample received confirmation: Sample received for button 4


[com5] Graph command received: graph


[com5] Outputs [raw]: b'0.475516 0.371249 0.036963 0.137573 \n'
[com5] Outputs: ['0.475516', '0.371249', '0.036963', '0.137573']
[com5] Predicted button: 1
[com5] Error: 0.277272

[com5] Sample sent in: 956.135009765625 milliseconds)
[com5] Sending sample montserrat.2i1jhqoq.ingestion-6fbcb45f68-gjdgd.json (4/500): Button 1
[com5] Sending train command
[com5] Train start confirmation: ok


[com5] Button confirmation: Button 1


[com5] Only forward confirmation: Only forward 0


[com5] Sample received confirmation: Sample received for button 1


[com5] Graph command received: graph


[com5] Outputs [raw]: b'0.171859 0.084998 0.043667 0.322162 \n'
[com5] Outputs: ['0.171859', '0.084998', '0.043667', '0.322162']
[com5] Predicted button: 4
[com5] Error: 0.199684

[com5] Sample sent in: 980.156005859375 milliseconds)
[com5] Sending sample pedraforca.2jdji5kg.ingestion-7979684cc8-9nv75.json (5/500): Button 2
[com5] Sending train command
[com5] Train start confirmation: ok


[com5] Button confirmation: Button 2


[com5] Only forward confirmation: Only forward 0


[com5] Sample received confirmation: Sample received for button 2


[com5] Graph command received: graph


[com5] Outputs [raw]: b'0.020029 0.481740 0.076417 0.066734 \n'
[com5] Outputs: ['0.020029', '0.481740', '0.076417', '0.066734']
[com5] Predicted button: 2
[com5] Error: 0.069822

[com5] Sample sent in: 1012.146240234375 milliseconds)
[com5] Sending sample vermell.2im7gglf.ingestion-65c5587588-lg5cg.json (6/500): Button 3
[com5] Sending train command
[com5] Train start confirmation: ok


[com5] Button confirmation: Button 3


[com5] Only forward confirmation: Only forward 0


[com5] Sample received confirmation: Sample received for button 3


[com5] Graph command received: graph


[com5] Outputs [raw]: b'0.022891 0.176381 0.073134 0.191757 \n'
[com5] Outputs: ['0.022891', '0.176381', '0.073134', '0.191757']
[com5] Predicted button: 4
[com5] Error: 0.231872

[com5] Sample sent in: 986.405029296875 milliseconds)
[com5] Sending sample blau.2im6upcv.ingestion-65c5587588-smqjm.json (7/500): Button 4
[com5] Sending train command
[com5] Train start confirmation: ok


[com5] Button confirmation: Button 4


[com5] Only forward confirmation: Only forward 0


[com5] Sample received confirmation: Sample received for button 4


[com5] Graph command received: graph


[com5] Outputs [raw]: b'0.014855 0.145293 0.087741 0.196647 \n'
[com5] Outputs: ['0.014855', '0.145293', '0.087741', '0.196647']
[com5] Predicted button: 4
[com5] Error: 0.168601

[com5] Sample sent in: 998.999755859375 milliseconds)
[com5] Sending sample montserrat.2jdja2fs.ingestion-7979684cc8-tbwcn.json (8/500): Button 1
[com5] Sending train command
[com5] Train start confirmation: ok


[com5] Button confirmation: Button 1


[com5] Only forward confirmation: Only forward 0


[com5] Sample received confirmation: Sample received for button 1


[com5] Graph command received: graph


[com5] Outputs [raw]: b'0.028248 0.011539 0.043995 0.180624 \n'
[com5] Outputs: ['0.028248', '0.011539', '0.043995', '0.180624']
[com5] Predicted button: 4
[com5] Error: 0.244749

[com5] Sample sent in: 989.18115234375 milliseconds)
[com5] Sending sample pedraforca.2i1j9eh0.ingestion-6fbcb45f68-v56rs.json (9/500): Button 2
[com5] Sending train command
[com5] Train start confirmation: ok


[com5] Button confirmation: Button 2


[com5] Only forward confirmation: Only forward 0


[com5] Sample received confirmation: Sample received for button 2


[com5] Graph command received: graph


[com5] Outputs [raw]: b'0.005903 0.095127 0.047611 0.148377 \n'
[com5] Outputs: ['0.005903', '0.095127', '0.047611', '0.148377']
[com5] Predicted button: 4
[com5] Error: 0.210778

[com5] Sample sent in: 958.583251953125 milliseconds)
[com5] Sending sample vermell.2im7hbhe.ingestion-65c5587588-smqjm.json (10/500): Button 3
[com5] Sending train command
[com5] Train start confirmation: ok


[com5] Button confirmation: Button 3


[com5] Only forward confirmation: Only forward 0


[com5] Sample received confirmation: Sample received for button 3


[com5] Graph command received: graph


[com5] Outputs [raw]: b'0.009086 0.171022 0.271057 0.292971 \n'
[com5] Outputs: ['0.009086', '0.171022', '0.271057', '0.292971']
[com5] Predicted button: 4
[com5] Error: 0.161630

[com5] Sample sent in: 978.90771484375 milliseconds)
[com5] Sending sample blau.2im8o77f.ingestion-65c5587588-smqjm.json (11/500): Button 4
[com5] Sending train command
[com5] Train start confirmation: ok


[com5] Button confirmation: Button 4


[com5] Only forward confirmation: Only forward 0


[com5] Sample received confirmation: Sample received for button 4


[com5] Graph command received: graph


[com5] Outputs [raw]: b'0.010661 0.337439 0.506603 0.186875 \n'
[com5] Outputs: ['0.010661', '0.337439', '0.506603', '0.186875']
[com5] Predicted button: 3
[com5] Error: 0.257949

[com5] Sample sent in: 966.943359375 milliseconds)
[com5] Sending sample montserrat.2jdj5a4c.ingestion-bcfbf9bfd-96mhc.json (12/500): Button 1
[com5] Sending train command
[com5] Train start confirmation: ok


[com5] Button confirmation: Button 1


[com5] Only forward confirmation: Only forward 0


[com5] Sample received confirmation: Sample received for button 1


[com5] Graph command received: graph


[com5] Outputs [raw]: b'0.020806 0.004803 0.151531 0.185359 \n'
[com5] Outputs: ['0.020806', '0.004803', '0.151531', '0.185359']
[com5] Predicted button: 4
[com5] Error: 0.254041

[com5] Sample sent in: 1011.408203125 milliseconds)
[com5] Sending sample pedraforca.2jdjef44.ingestion-7979684cc8-5gkxz.json (13/500): Button 2
[com5] Sending train command
[com5] Train start confirmation: ok


[com5] Button confirmation: Button 2


[com5] Only forward confirmation: Only forward 0


[com5] Sample received confirmation: Sample received for button 2


[com5] Graph command received: graph


[com5] Outputs [raw]: b'0.002763 0.423400 0.103313 0.050350 \n'
[com5] Outputs: ['0.002763', '0.423400', '0.103313', '0.050350']
[com5] Predicted button: 2
[com5] Error: 0.086421

[com5] Sample sent in: 977.595458984375 milliseconds)
[com5] Sending sample vermell.2im7fbom.ingestion-65c5587588-lg5cg.json (14/500): Button 3
[com5] Sending train command
[com5] Train start confirmation: ok


[com5] Button confirmation: Button 3


[com5] Only forward confirmation: Only forward 0


[com5] Sample received confirmation: Sample received for button 3


[com5] Graph command received: graph


[com5] Outputs [raw]: b'0.016302 0.120765 0.557799 0.188671 \n'
[com5] Outputs: ['0.016302', '0.120765', '0.557799', '0.188671']
[com5] Predicted button: 3
[com5] Error: 0.061497

[com5] Sample sent in: 989.913330078125 milliseconds)
[com5] Sending sample blau.2im8ls0h.ingestion-65c5587588-dvjvm.json (15/500): Button 4
[com5] Sending train command
[com5] Train start confirmation: ok


[com5] Button confirmation: Button 4


[com5] Only forward confirmation: Only forward 0


[com5] Sample received confirmation: Sample received for button 4


[com5] Graph command received: graph


[com5] Outputs [raw]: b'0.013074 0.017650 0.472652 0.382077 \n'
[com5] Outputs: ['0.013074', '0.017650', '0.472652', '0.382077']
[com5] Predicted button: 3
[com5] Error: 0.151428

[com5] Sample sent in: 982.05712890625 milliseconds)
[com5] Sending sample montserrat.2i1jfhcv.ingestion-6fbcb45f68-v56rs.json (16/500): Button 1
[com5] Sending train command
[com5] Train start confirmation: ok


[com5] Button confirmation: Button 1


[com5] Only forward confirmation: Only forward 0


[com5] Sample received confirmation: Sample received for button 1


[com5] Graph command received: graph


[com5] Outputs [raw]: b'0.016992 0.008119 0.151640 0.145320 \n'
[com5] Outputs: ['0.016992', '0.008119', '0.151640', '0.145320']
[com5] Predicted button: 3
[com5] Error: 0.252621

[com5] Sample sent in: 977.203125 milliseconds)
[com5] Sending sample pedraforca.2jdjhmma.ingestion-7979684cc8-tbwcn.json (17/500): Button 2
[com5] Sending train command
[com5] Train start confirmation: ok


[com5] Button confirmation: Button 2


[com5] Only forward confirmation: Only forward 0


[com5] Sample received confirmation: Sample received for button 2


[com5] Graph command received: graph


[com5] Outputs [raw]: b'0.016877 0.487152 0.181671 0.257131 \n'
[com5] Outputs: ['0.016877', '0.487152', '0.181671', '0.257131']
[com5] Predicted button: 2
[com5] Error: 0.090605

[com5] Sample sent in: 990.4423828125 milliseconds)
[com5] Sending sample vermell.2im6rvj5.ingestion-65c5587588-smqjm.json (18/500): Button 3
[com5] Sending train command
[com5] Train start confirmation: ok


[com5] Button confirmation: Button 3


[com5] Only forward confirmation: Only forward 0


[com5] Sample received confirmation: Sample received for button 3


[com5] Graph command received: graph


[com5] Outputs [raw]: b'0.016561 0.098185 0.269289 0.050226 \n'
[com5] Outputs: ['0.016561', '0.098185', '0.269289', '0.050226']
[com5] Predicted button: 3
[com5] Error: 0.136594

[com5] Sample sent in: 973.660888671875 milliseconds)
[com5] Sending sample blau.2im7e93t.ingestion-65c5587588-dvjvm.json (19/500): Button 4
[com5] Sending train command
[com5] Train start confirmation: ok


[com5] Button confirmation: Button 4


[com5] Only forward confirmation: Only forward 0


[com5] Sample received confirmation: Sample received for button 4


[com5] Graph command received: graph


[com5] Outputs [raw]: b'0.005148 0.377882 0.406998 0.848449 \n'
[com5] Outputs: ['0.005148', '0.377882', '0.406998', '0.848449']
[com5] Predicted button: 4
[com5] Error: 0.082859

[com5] Sample sent in: 986.169677734375 milliseconds)
[com5] Sending sample montserrat.2irh2d1c.ingestion-7b48868958-pc82c.json (20/500): Button 1
[com5] Sending train command
[com5] Train start confirmation: ok


[com5] Button confirmation: Button 1


[com5] Only forward confirmation: Only forward 0


[com5] Sample received confirmation: Sample received for button 1


[com5] Graph command received: graph


[com5] Outputs [raw]: b'0.001906 0.777681 0.202111 0.704046 \n'
[com5] Outputs: ['0.001906', '0.777681', '0.202111', '0.704046']
[com5] Predicted button: 2
[com5] Error: 0.534377

[com5] Sample sent in: 975.714111328125 milliseconds)
[com5] Sending sample pedraforca.2jdjjeff.ingestion-7979684cc8-5gkxz.json (21/500): Button 2
[com5] Sending train command
[com5] Train start confirmation: ok


[com5] Button confirmation: Button 2


[com5] Only forward confirmation: Only forward 0


[com5] Sample received confirmation: Sample received for button 2


[com5] Graph command received: graph


[com5] Outputs [raw]: b'0.000550 0.989078 0.471592 0.069903 \n'
[com5] Outputs: ['0.000550', '0.989078', '0.471592', '0.069903']
[com5] Predicted button: 2
[com5] Error: 0.056851

[com5] Sample sent in: 964.274658203125 milliseconds)
[com5] Sending sample vermell.2im6qmmq.ingestion-65c5587588-smqjm.json (22/500): Button 3
[com5] Sending train command
[com5] Train start confirmation: ok


[com5] Button confirmation: Button 3


[com5] Only forward confirmation: Only forward 0


[com5] Sample received confirmation: Sample received for button 3


[com5] Graph command received: graph


[com5] Outputs [raw]: b'0.000862 0.941714 0.175606 0.000955 \n'
[com5] Outputs: ['0.000862', '0.941714', '0.175606', '0.000955']
[com5] Predicted button: 2
[com5] Error: 0.391613

[com5] Sample sent in: 997.655517578125 milliseconds)
[com5] Sending sample blau.2im6tge3.ingestion-65c5587588-lg5cg.json (23/500): Button 4
[com5] Sending train command
[com5] Train start confirmation: ok


[com5] Button confirmation: Button 4


[com5] Only forward confirmation: Only forward 0


[com5] Sample received confirmation: Sample received for button 4


[com5] Graph command received: graph


[com5] Outputs [raw]: b'0.012275 0.217341 0.557557 0.083811 \n'
[com5] Outputs: ['0.012275', '0.217341', '0.557557', '0.083811']
[com5] Predicted button: 3
[com5] Error: 0.299415

[com5] Sample sent in: 985.3212890625 milliseconds)
[com5] Sending sample montserrat.2i19paei.ingestion-6fbcb45f68-v56rs.json (24/500): Button 1
[com5] Sending train command
[com5] Train start confirmation: ok


[com5] Button confirmation: Button 1


[com5] Only forward confirmation: Only forward 0


[com5] Sample received confirmation: Sample received for button 1


[com5] Graph command received: graph


[com5] Outputs [raw]: b'0.035436 0.026694 0.110917 0.034941 \n'
[com5] Outputs: ['0.035436', '0.026694', '0.110917', '0.034941']
[com5] Predicted button: 3
[com5] Error: 0.236155

[com5] Sample sent in: 979.72412109375 milliseconds)
[com5] Sending sample pedraforca.2jdjguah.ingestion-7979684cc8-9nv75.json (25/500): Button 2
[com5] Sending train command
[com5] Train start confirmation: ok


[com5] Button confirmation: Button 2


[com5] Only forward confirmation: Only forward 0


[com5] Sample received confirmation: Sample received for button 2


[com5] Graph command received: graph


[com5] Outputs [raw]: b'0.001827 0.920702 0.040912 0.037075 \n'
[com5] Outputs: ['0.001827', '0.920702', '0.040912', '0.037075']
[com5] Predicted button: 2
[com5] Error: 0.002335

[com5] Sample sent in: 964.0791015625 milliseconds)
[com5] Sending sample vermell.2im7lpca.ingestion-65c5587588-lg5cg.json (26/500): Button 3
[com5] Sending train command
[com5] Train start confirmation: ok


[com5] Button confirmation: Button 3


[com5] Only forward confirmation: Only forward 0


[com5] Sample received confirmation: Sample received for button 3


[com5] Graph command received: graph


[com5] Outputs [raw]: b'0.014666 0.001479 0.024777 0.598299 \n'
[com5] Outputs: ['0.014666', '0.001479', '0.024777', '0.598299']
[com5] Predicted button: 4
[com5] Error: 0.327309

[com5] Sample sent in: 973.894287109375 milliseconds)
[com5] Sending sample blau.2im6taeh.ingestion-65c5587588-smqjm.json (27/500): Button 4
[com5] Sending train command
[com5] Train start confirmation: ok


[com5] Button confirmation: Button 4


[com5] Only forward confirmation: Only forward 0


[com5] Sample received confirmation: Sample received for button 4


[com5] Graph command received: graph


[com5] Outputs [raw]: b'0.003147 0.014377 0.013005 0.090472 \n'
[com5] Outputs: ['0.003147', '0.014377', '0.013005', '0.090472']
[com5] Predicted button: 4
[com5] Error: 0.206907

[com5] Sample sent in: 978.4052734375 milliseconds)
[com5] Sending sample montserrat.2jdj4co3.ingestion-bcfbf9bfd-pdtnn.json (28/500): Button 1
[com5] Sending train command
[com5] Train start confirmation: ok


[com5] Button confirmation: Button 1


[com5] Only forward confirmation: Only forward 0


[com5] Sample received confirmation: Sample received for button 1


[com5] Graph command received: graph


[com5] Outputs [raw]: b'0.028576 0.015808 0.014388 0.018355 \n'
[com5] Outputs: ['0.028576', '0.015808', '0.014388', '0.018355']
[com5] Predicted button: 1
[com5] Error: 0.236115

[com5] Sample sent in: 986.919189453125 milliseconds)
[com5] Sending sample pedraforca.2i19d8k5.ingestion-6fbcb45f68-gjdgd.json (29/500): Button 2
[com5] Sending train command
[com5] Train start confirmation: ok


[com5] Button confirmation: Button 2


[com5] Only forward confirmation: Only forward 0


[com5] Sample received confirmation: Sample received for button 2


[com5] Graph command received: graph


[com5] Outputs [raw]: b'0.012057 0.001419 0.007688 0.520338 \n'
[com5] Outputs: ['0.012057', '0.001419', '0.007688', '0.520338']
[com5] Predicted button: 4
[com5] Error: 0.317030

[com5] Sample sent in: 964.4658203125 milliseconds)
[com5] Sending sample vermell.2im6qg74.ingestion-65c5587588-lg5cg.json (30/500): Button 3
[com5] Sending train command
[com5] Train start confirmation: ok


[com5] Button confirmation: Button 3


[com5] Only forward confirmation: Only forward 0


[com5] Sample received confirmation: Sample received for button 3


[com5] Graph command received: graph


[com5] Outputs [raw]: b'0.005861 0.108934 0.249861 0.001030 \n'
[com5] Outputs: ['0.005861', '0.108934', '0.249861', '0.001030']
[com5] Predicted button: 3
[com5] Error: 0.143653

[com5] Sample sent in: 965.756591796875 milliseconds)
[com5] Sending sample blau.2im8lq3g.ingestion-65c5587588-smqjm.json (31/500): Button 4
[com5] Sending train command
[com5] Train start confirmation: ok


[com5] Button confirmation: Button 4


[com5] Only forward confirmation: Only forward 0


[com5] Sample received confirmation: Sample received for button 4


[com5] Graph command received: graph


[com5] Outputs [raw]: b'0.018291 0.002312 0.004010 0.184265 \n'
[com5] Outputs: ['0.018291', '0.002312', '0.004010', '0.184265']
[com5] Predicted button: 4
[com5] Error: 0.166445

[com5] Sample sent in: 965.762451171875 milliseconds)
[com5] Sending sample montserrat.2jdj6t2q.ingestion-bcfbf9bfd-96mhc.json (32/500): Button 1
[com5] Sending train command
[com5] Train start confirmation: ok


[com5] Button confirmation: Button 1


[com5] Only forward confirmation: Only forward 0


[com5] Sample received confirmation: Sample received for button 1


[com5] Graph command received: graph


[com5] Outputs [raw]: b'0.058286 0.014439 0.019799 0.004851 \n'
[com5] Outputs: ['0.058286', '0.014439', '0.019799', '0.004851']
[com5] Predicted button: 1
[com5] Error: 0.221862

[com5] Sample sent in: 970.214599609375 milliseconds)
[com5] Sending sample pedraforca.2jdjhr19.ingestion-7979684cc8-5gkxz.json (33/500): Button 2
[com5] Sending train command
[com5] Train start confirmation: ok


[com5] Button confirmation: Button 2


[com5] Only forward confirmation: Only forward 0


[com5] Sample received confirmation: Sample received for button 2


[com5] Graph command received: graph


[com5] Outputs [raw]: b'0.021833 0.001259 0.003730 0.173319 \n'
[com5] Outputs: ['0.021833', '0.001259', '0.003730', '0.173319']
[com5] Predicted button: 4
[com5] Error: 0.257004

[com5] Sample sent in: 981.260498046875 milliseconds)
[com5] Sending sample vermell.2im7h7vf.ingestion-65c5587588-smqjm.json (34/500): Button 3
[com5] Sending train command
[com5] Train start confirmation: ok


[com5] Button confirmation: Button 3


[com5] Only forward confirmation: Only forward 0


[com5] Sample received confirmation: Sample received for button 3


[com5] Graph command received: graph


[com5] Outputs [raw]: b'0.009363 0.000310 0.055049 0.047769 \n'
[com5] Outputs: ['0.009363', '0.000310', '0.055049', '0.047769']
[com5] Predicted button: 3
[com5] Error: 0.223825

[com5] Sample sent in: 988.773193359375 milliseconds)
[com5] Sending sample blau.2im6vtpj.ingestion-65c5587588-dvjvm.json (35/500): Button 4
[com5] Sending train command
[com5] Train start confirmation: ok


[com5] Button confirmation: Button 4


[com5] Only forward confirmation: Only forward 0


[com5] Sample received confirmation: Sample received for button 4


[com5] Graph command received: graph


[com5] Outputs [raw]: b'0.050722 0.010624 0.014607 0.153132 \n'
[com5] Outputs: ['0.050722', '0.010624', '0.014607', '0.153132']
[com5] Predicted button: 4
[com5] Error: 0.180021

[com5] Sample sent in: 978.845703125 milliseconds)
[com5] Sending sample montserrat.2jabnjlt.ingestion-8499f64fc9-xnfkp.json (36/500): Button 1
[com5] Sending train command
[com5] Train start confirmation: ok


[com5] Button confirmation: Button 1


[com5] Only forward confirmation: Only forward 0


[com5] Sample received confirmation: Sample received for button 1


[com5] Graph command received: graph


[com5] Outputs [raw]: b'0.265370 0.005000 0.092992 0.003040 \n'
[com5] Outputs: ['0.265370', '0.005000', '0.092992', '0.003040']
[com5] Predicted button: 1
[com5] Error: 0.137091

[com5] Sample sent in: 993.400634765625 milliseconds)
[com5] Sending sample pedraforca.2jdjk0rs.ingestion-7979684cc8-9nv75.json (37/500): Button 2
[com5] Sending train command
[com5] Train start confirmation: ok


[com5] Button confirmation: Button 2


[com5] Only forward confirmation: Only forward 0


[com5] Sample received confirmation: Sample received for button 2


[com5] Graph command received: graph


[com5] Outputs [raw]: b'0.012509 0.529129 0.010856 0.009219 \n'
[com5] Outputs: ['0.012509', '0.529129', '0.010856', '0.009219']
[com5] Predicted button: 2
[com5] Error: 0.055520

[com5] Sample sent in: 978.73095703125 milliseconds)
[com5] Sending sample vermell.2im7fsa9.ingestion-65c5587588-dvjvm.json (38/500): Button 3
[com5] Sending train command
[com5] Train start confirmation: ok


[com5] Button confirmation: Button 3


[com5] Only forward confirmation: Only forward 0


[com5] Sample received confirmation: Sample received for button 3


[com5] Graph command received: graph


[com5] Outputs [raw]: b'0.185394 0.000450 0.022475 0.106010 \n'
[com5] Outputs: ['0.185394', '0.000450', '0.022475', '0.106010']
[com5] Predicted button: 1
[com5] Error: 0.250291

[com5] Sample sent in: 1000.138916015625 milliseconds)
[com5] Sending sample blau.2im7jkdt.ingestion-65c5587588-dvjvm.json (39/500): Button 4
[com5] Sending train command
[com5] Train start confirmation: ok


[com5] Button confirmation: Button 4


[com5] Only forward confirmation: Only forward 0


[com5] Sample received confirmation: Sample received for button 4


[com5] Graph command received: graph


[com5] Outputs [raw]: b'0.266058 0.000592 0.026756 0.145124 \n'
[com5] Outputs: ['0.266058', '0.000592', '0.026756', '0.145124']
[com5] Predicted button: 1
[com5] Error: 0.200579

[com5] Sample sent in: 971.16064453125 milliseconds)
[com5] Sending sample montserrat.2i19p4hg.ingestion-6fbcb45f68-v56rs.json (40/500): Button 1
[com5] Sending train command
[com5] Train start confirmation: ok


[com5] Button confirmation: Button 1


[com5] Only forward confirmation: Only forward 0


[com5] Sample received confirmation: Sample received for button 1


[com5] Graph command received: graph


[com5] Outputs [raw]: b'0.184795 0.070951 0.341143 0.003249 \n'
[com5] Outputs: ['0.184795', '0.070951', '0.341143', '0.003249']
[com5] Predicted button: 3
[com5] Error: 0.196496

[com5] Sample sent in: 983.3447265625 milliseconds)
[com5] Sending sample pedraforca.2hn9vbbq.ingestion-55946b7658-stxnc.json (41/500): Button 2
[com5] Sending train command
[com5] Train start confirmation: ok


[com5] Button confirmation: Button 2


[com5] Only forward confirmation: Only forward 0


[com5] Sample received confirmation: Sample received for button 2


[com5] Graph command received: graph


[com5] Outputs [raw]: b'0.118273 0.001599 0.088802 0.076368 \n'
[com5] Outputs: ['0.118273', '0.001599', '0.088802', '0.076368']
[com5] Predicted button: 1
[com5] Error: 0.256128

[com5] Sample sent in: 980.07666015625 milliseconds)
[com5] Sending sample vermell.2im7mc2n.ingestion-65c5587588-smqjm.json (42/500): Button 3
[com5] Sending train command
[com5] Train start confirmation: ok


[com5] Button confirmation: Button 3


[com5] Only forward confirmation: Only forward 0


[com5] Sample received confirmation: Sample received for button 3


[com5] Graph command received: graph


[com5] Outputs [raw]: b'0.553832 0.000785 0.036333 0.250668 \n'
[com5] Outputs: ['0.553832', '0.000785', '0.036333', '0.250668']
[com5] Predicted button: 1
[com5] Error: 0.324555

[com5] Sample sent in: 997.1865234375 milliseconds)
[com5] Sending sample blau.2im7jrp7.ingestion-65c5587588-dvjvm.json (43/500): Button 4
[com5] Sending train command
[com5] Train start confirmation: ok


[com5] Button confirmation: Button 4


[com5] Only forward confirmation: Only forward 0


[com5] Sample received confirmation: Sample received for button 4


[com5] Graph command received: graph


[com5] Outputs [raw]: b'0.263075 0.000961 0.008546 0.516915 \n'
[com5] Outputs: ['0.263075', '0.000961', '0.008546', '0.516915']
[com5] Predicted button: 4
[com5] Error: 0.075663

[com5] Sample sent in: 982.025634765625 milliseconds)
[com5] Sending sample montserrat.2i1jdqsi.ingestion-6fbcb45f68-8grp6.json (44/500): Button 1
[com5] Sending train command
[com5] Train start confirmation: ok


[com5] Button confirmation: Button 1


[com5] Only forward confirmation: Only forward 0


[com5] Sample received confirmation: Sample received for button 1


[com5] Graph command received: graph


[com5] Outputs [raw]: b'0.949598 0.310329 0.250322 0.035147 \n'
[com5] Outputs: ['0.949598', '0.310329', '0.250322', '0.035147']
[com5] Predicted button: 1
[com5] Error: 0.040685

[com5] Sample sent in: 982.43798828125 milliseconds)
[com5] Sending sample pedraforca.2jdjinvi.ingestion-7979684cc8-5gkxz.json (45/500): Button 2
[com5] Sending train command
[com5] Train start confirmation: ok


[com5] Button confirmation: Button 2


[com5] Only forward confirmation: Only forward 0


[com5] Sample received confirmation: Sample received for button 2


[com5] Graph command received: graph


[com5] Outputs [raw]: b'0.285336 0.791181 0.011767 0.362828 \n'
[com5] Outputs: ['0.285336', '0.791181', '0.011767', '0.362828']
[com5] Predicted button: 2
[com5] Error: 0.064201

[com5] Sample sent in: 975.974609375 milliseconds)
[com5] Sending sample vermell.2im7a087.ingestion-65c5587588-dvjvm.json (46/500): Button 3
[com5] Sending train command
[com5] Train start confirmation: ok


[com5] Button confirmation: Button 3


[com5] Only forward confirmation: Only forward 0


[com5] Sample received confirmation: Sample received for button 3


[com5] Graph command received: graph


[com5] Outputs [raw]: b'0.296187 0.018065 0.991774 0.162203 \n'
[com5] Outputs: ['0.296187', '0.018065', '0.991774', '0.162203']
[com5] Predicted button: 3
[com5] Error: 0.028608

[com5] Sample sent in: 975.904541015625 milliseconds)
[com5] Sending sample blau.2im7f3pi.ingestion-65c5587588-smqjm.json (47/500): Button 4
[com5] Sending train command
[com5] Train start confirmation: ok


[com5] Button confirmation: Button 4


[com5] Only forward confirmation: Only forward 0


[com5] Sample received confirmation: Sample received for button 4


[com5] Graph command received: graph


[com5] Outputs [raw]: b'0.756880 0.027258 0.999480 0.002180 \n'
[com5] Outputs: ['0.756880', '0.027258', '0.999480', '0.002180']
[com5] Predicted button: 3
[com5] Error: 0.642054

[com5] Sample sent in: 958.391357421875 milliseconds)
[com5] Sending sample montserrat.2jb1b82i.ingestion-8499f64fc9-xnfkp.json (48/500): Button 1
[com5] Sending train command
[com5] Train start confirmation: ok


[com5] Button confirmation: Button 1


[com5] Only forward confirmation: Only forward 0


[com5] Sample received confirmation: Sample received for button 1


[com5] Graph command received: graph


[com5] Outputs [raw]: b'0.048734 0.050784 0.013705 0.578492 \n'
[com5] Outputs: ['0.048734', '0.050784', '0.013705', '0.578492']
[com5] Predicted button: 4
[com5] Error: 0.310582

[com5] Sample sent in: 982.30859375 milliseconds)
[com5] Sending sample pedraforca.2i1jl8h7.ingestion-6fbcb45f68-v56rs.json (49/500): Button 2
[com5] Sending train command
[com5] Train start confirmation: ok


[com5] Button confirmation: Button 2


[com5] Only forward confirmation: Only forward 0


[com5] Sample received confirmation: Sample received for button 2


[com5] Graph command received: graph


[com5] Outputs [raw]: b'0.006877 0.740111 0.008883 0.200393 \n'
[com5] Outputs: ['0.006877', '0.740111', '0.008883', '0.200393']
[com5] Predicted button: 2
[com5] Error: 0.026956

[com5] Sample sent in: 963.48974609375 milliseconds)
[com5] Sending sample vermell.2im7aki5.ingestion-65c5587588-lg5cg.json (50/500): Button 3
[com5] Sending train command
[com5] Train start confirmation: ok


[com5] Button confirmation: Button 3


[com5] Only forward confirmation: Only forward 0


[com5] Sample received confirmation: Sample received for button 3


[com5] Graph command received: graph


[com5] Outputs [raw]: b'0.010477 0.003541 0.016124 0.828221 \n'
[com5] Outputs: ['0.010477', '0.003541', '0.016124', '0.828221']
[com5] Predicted button: 4
[com5] Error: 0.413521

[com5] Sample sent in: 967.11279296875 milliseconds)
[com5] Sending sample blau.2im7jpu8.ingestion-65c5587588-smqjm.json (51/500): Button 4
[com5] Sending train command
[com5] Train start confirmation: ok


[com5] Button confirmation: Button 4


[com5] Only forward confirmation: Only forward 0


[com5] Sample received confirmation: Sample received for button 4


[com5] Graph command received: graph


[com5] Outputs [raw]: b'0.002021 0.028343 0.068913 0.595910 \n'
[com5] Outputs: ['0.002021', '0.028343', '0.068913', '0.595910']
[com5] Predicted button: 4
[com5] Error: 0.042211

[com5] Sample sent in: 984.2744140625 milliseconds)
[com5] Sending sample montserrat.2jdj4fhh.ingestion-bcfbf9bfd-96mhc.json (52/500): Button 1
[com5] Sending train command
[com5] Train start confirmation: ok


[com5] Button confirmation: Button 1


[com5] Only forward confirmation: Only forward 0


[com5] Sample received confirmation: Sample received for button 1


[com5] Graph command received: graph


[com5] Outputs [raw]: b'0.407940 0.012875 0.012560 0.033503 \n'
[com5] Outputs: ['0.407940', '0.012875', '0.012560', '0.033503']
[com5] Predicted button: 1
[com5] Error: 0.087995

[com5] Sample sent in: 998.12158203125 milliseconds)
[com5] Sending sample pedraforca.2jdjjs7g.ingestion-7979684cc8-9nv75.json (53/500): Button 2
[com5] Sending train command
[com5] Train start confirmation: ok


[com5] Button confirmation: Button 2


[com5] Only forward confirmation: Only forward 0


[com5] Sample received confirmation: Sample received for button 2


[com5] Graph command received: graph


[com5] Outputs [raw]: b'0.037949 0.991733 0.039302 0.002217 \n'
[com5] Outputs: ['0.037949', '0.991733', '0.039302', '0.002217']
[com5] Predicted button: 2
[com5] Error: 0.000765

[com5] Sample sent in: 984.190673828125 milliseconds)
[com5] Sending sample vermell.2im6u3u9.ingestion-65c5587588-lg5cg.json (54/500): Button 3
[com5] Sending train command
[com5] Train start confirmation: ok


[com5] Button confirmation: Button 3


[com5] Only forward confirmation: Only forward 0


[com5] Sample received confirmation: Sample received for button 3


[com5] Graph command received: graph


[com5] Outputs [raw]: b'0.005733 0.000406 0.115655 0.107890 \n'
[com5] Outputs: ['0.005733', '0.000406', '0.115655', '0.107890']
[com5] Predicted button: 3
[com5] Error: 0.198435

[com5] Sample sent in: 986.76611328125 milliseconds)
[com5] Sending sample blau.2im8o3jd.ingestion-65c5587588-dvjvm.json (55/500): Button 4
[com5] Sending train command
[com5] Train start confirmation: ok


[com5] Button confirmation: Button 4


[com5] Only forward confirmation: Only forward 0


[com5] Sample received confirmation: Sample received for button 4


[com5] Graph command received: graph


[com5] Outputs [raw]: b'0.011007 0.004696 0.006516 0.521076 \n'
[com5] Outputs: ['0.011007', '0.004696', '0.006516', '0.521076']
[com5] Predicted button: 4
[com5] Error: 0.057389

[com5] Sample sent in: 976.20849609375 milliseconds)
[com5] Sending sample montserrat.2i1jhuli.ingestion-6fbcb45f68-v56rs.json (56/500): Button 1
[com5] Sending train command
[com5] Train start confirmation: ok


[com5] Button confirmation: Button 1


[com5] Only forward confirmation: Only forward 0


[com5] Sample received confirmation: Sample received for button 1


[com5] Graph command received: graph


[com5] Outputs [raw]: b'0.753849 0.033212 0.332167 0.012725 \n'
[com5] Outputs: ['0.753849', '0.033212', '0.332167', '0.012725']
[com5] Predicted button: 1
[com5] Error: 0.043048

[com5] Sample sent in: 998.3701171875 milliseconds)
[com5] Sending sample pedraforca.2jdjhoo2.ingestion-7979684cc8-9nv75.json (57/500): Button 2
[com5] Sending train command
[com5] Train start confirmation: ok


[com5] Button confirmation: Button 2


[com5] Only forward confirmation: Only forward 0


[com5] Sample received confirmation: Sample received for button 2


[com5] Graph command received: graph


[com5] Outputs [raw]: b'0.007688 0.989343 0.295889 0.003216 \n'
[com5] Outputs: ['0.007688', '0.989343', '0.295889', '0.003216']
[com5] Predicted button: 2
[com5] Error: 0.021933

[com5] Sample sent in: 971.827392578125 milliseconds)
[com5] Sending sample vermell.2im7a7a7.ingestion-65c5587588-lg5cg.json (58/500): Button 3
[com5] Sending train command
[com5] Train start confirmation: ok


[com5] Button confirmation: Button 3


[com5] Only forward confirmation: Only forward 0


[com5] Sample received confirmation: Sample received for button 3


[com5] Graph command received: graph


[com5] Outputs [raw]: b'0.002169 0.007200 0.138793 0.187480 \n'
[com5] Outputs: ['0.002169', '0.007200', '0.138793', '0.187480']
[com5] Predicted button: 4
[com5] Error: 0.194221

[com5] Sample sent in: 959.4794921875 milliseconds)
[com5] Sending sample blau.2im8og90.ingestion-65c5587588-smqjm.json (59/500): Button 4
[com5] Sending train command
[com5] Train start confirmation: ok


[com5] Button confirmation: Button 4


[com5] Only forward confirmation: Only forward 0


[com5] Sample received confirmation: Sample received for button 4


[com5] Graph command received: graph


[com5] Outputs [raw]: b'0.062534 0.104822 0.024520 0.108444 \n'
[com5] Outputs: ['0.062534', '0.104822', '0.024520', '0.108444']
[com5] Predicted button: 4
[com5] Error: 0.202593

[com5] Sample sent in: 970.59716796875 milliseconds)
[com5] Sending sample montserrat.2irdoabk.ingestion-7b48868958-6wxmq.json (60/500): Button 1
[com5] Sending train command
[com5] Train start confirmation: ok


[com5] Button confirmation: Button 1


[com5] Only forward confirmation: Only forward 0


[com5] Sample received confirmation: Sample received for button 1


[com5] Graph command received: graph


[com5] Outputs [raw]: b'0.820989 0.192562 0.017446 0.004046 \n'
[com5] Outputs: ['0.820989', '0.192562', '0.017446', '0.004046']
[com5] Predicted button: 1
[com5] Error: 0.017361

[com5] Sample sent in: 977.1162109375 milliseconds)
[com5] Sending sample pedraforca.2jdjjqac.ingestion-7979684cc8-5gkxz.json (61/500): Button 2
[com5] Sending train command
[com5] Train start confirmation: ok


[com5] Button confirmation: Button 2


[com5] Only forward confirmation: Only forward 0


[com5] Sample received confirmation: Sample received for button 2


[com5] Graph command received: graph


[com5] Outputs [raw]: b'0.182402 0.929033 0.026269 0.000914 \n'
[com5] Outputs: ['0.182402', '0.929033', '0.026269', '0.000914']
[com5] Predicted button: 2
[com5] Error: 0.009749

[com5] Sample sent in: 993.15234375 milliseconds)
[com5] Sending sample vermell.2im76th3.ingestion-65c5587588-lg5cg.json (62/500): Button 3
[com5] Sending train command
[com5] Train start confirmation: ok


[com5] Button confirmation: Button 3


[com5] Only forward confirmation: Only forward 0


[com5] Sample received confirmation: Sample received for button 3


[com5] Graph command received: graph


[com5] Outputs [raw]: b'0.000688 0.001930 0.971148 0.207749 \n'
[com5] Outputs: ['0.000688', '0.001930', '0.971148', '0.207749']
[com5] Predicted button: 3
[com5] Error: 0.010999

[com5] Sample sent in: 967.531494140625 milliseconds)
[com5] Sending sample blau.2im8ockt.ingestion-65c5587588-lg5cg.json (63/500): Button 4
[com5] Sending train command
[com5] Train start confirmation: ok


[com5] Button confirmation: Button 4


[com5] Only forward confirmation: Only forward 0


[com5] Sample received confirmation: Sample received for button 4


[com5] Graph command received: graph


[com5] Outputs [raw]: b'0.338044 0.104376 0.029589 0.206410 \n'
[com5] Outputs: ['0.338044', '0.104376', '0.029589', '0.206410']
[com5] Predicted button: 1
[com5] Error: 0.188957

[com5] Sample sent in: 974.167724609375 milliseconds)
[com5] Sending sample montserrat.2jak2kt4.ingestion-8499f64fc9-xnfkp.json (64/500): Button 1
[com5] Sending train command
[com5] Train start confirmation: ok


[com5] Button confirmation: Button 1


[com5] Only forward confirmation: Only forward 0


[com5] Sample received confirmation: Sample received for button 1


[com5] Graph command received: graph


[com5] Outputs [raw]: b'0.916181 0.049790 0.137941 0.012006 \n'
[com5] Outputs: ['0.916181', '0.049790', '0.137941', '0.012006']
[com5] Predicted button: 1
[com5] Error: 0.007169

[com5] Sample sent in: 984.003173828125 milliseconds)
[com5] Sending sample pedraforca.2jdjihli.ingestion-7979684cc8-tbwcn.json (65/500): Button 2
[com5] Sending train command
[com5] Train start confirmation: ok


[com5] Button confirmation: Button 2


[com5] Only forward confirmation: Only forward 0


[com5] Sample received confirmation: Sample received for button 2


[com5] Graph command received: graph


[com5] Outputs [raw]: b'0.296452 0.935044 0.005335 0.006751 \n'
[com5] Outputs: ['0.296452', '0.935044', '0.005335', '0.006751']
[com5] Predicted button: 2
[com5] Error: 0.023044

[com5] Sample sent in: 974.747314453125 milliseconds)
[com5] Sending sample vermell.2im6qvvp.ingestion-65c5587588-lg5cg.json (66/500): Button 3
[com5] Sending train command
[com5] Train start confirmation: ok


[com5] Button confirmation: Button 3


[com5] Only forward confirmation: Only forward 0


[com5] Sample received confirmation: Sample received for button 3


[com5] Graph command received: graph


[com5] Outputs [raw]: b'0.019060 0.087773 0.939066 0.037073 \n'
[com5] Outputs: ['0.019060', '0.087773', '0.939066', '0.037073']
[com5] Predicted button: 3
[com5] Error: 0.003289

[com5] Sample sent in: 966.998046875 milliseconds)
[com5] Sending sample blau.2im8p95a.ingestion-65c5587588-smqjm.json (67/500): Button 4
[com5] Sending train command
[com5] Train start confirmation: ok


[com5] Button confirmation: Button 4


[com5] Only forward confirmation: Only forward 0


[com5] Sample received confirmation: Sample received for button 4


[com5] Graph command received: graph


[com5] Outputs [raw]: b'0.240905 0.009447 0.022541 0.954976 \n'
[com5] Outputs: ['0.240905', '0.009447', '0.022541', '0.954976']
[com5] Predicted button: 4
[com5] Error: 0.015165

[com5] Sample sent in: 970.239501953125 milliseconds)
[com5] Sending sample montserrat.2jdj2vmj.ingestion-bcfbf9bfd-d2549.json (68/500): Button 1
[com5] Sending train command
[com5] Train start confirmation: ok


[com5] Button confirmation: Button 1


[com5] Only forward confirmation: Only forward 0


[com5] Sample received confirmation: Sample received for button 1


[com5] Graph command received: graph


[com5] Outputs [raw]: b'0.877505 0.004946 0.511496 0.050964 \n'
[com5] Outputs: ['0.877505', '0.004946', '0.511496', '0.050964']
[com5] Predicted button: 1
[com5] Error: 0.069814

[com5] Sample sent in: 973.925048828125 milliseconds)
[com5] Sending sample pedraforca.2jdjhhqq.ingestion-7979684cc8-tbwcn.json (69/500): Button 2
[com5] Sending train command
[com5] Train start confirmation: ok


[com5] Button confirmation: Button 2


[com5] Only forward confirmation: Only forward 0


[com5] Sample received confirmation: Sample received for button 2


[com5] Graph command received: graph


[com5] Outputs [raw]: b'0.046038 0.848995 0.023085 0.015304 \n'
[com5] Outputs: ['0.046038', '0.848995', '0.023085', '0.015304']
[com5] Predicted button: 2
[com5] Error: 0.006422

[com5] Sample sent in: 978.934326171875 milliseconds)
[com5] Sending sample vermell.2im7gev6.ingestion-65c5587588-dvjvm.json (70/500): Button 3
[com5] Sending train command
[com5] Train start confirmation: ok


[com5] Button confirmation: Button 3


[com5] Only forward confirmation: Only forward 0


[com5] Sample received confirmation: Sample received for button 3


[com5] Graph command received: graph


[com5] Outputs [raw]: b'0.006057 0.361956 0.779723 0.095130 \n'
[com5] Outputs: ['0.006057', '0.361956', '0.779723', '0.095130']
[com5] Predicted button: 3
[com5] Error: 0.047155

[com5] Sample sent in: 974.2236328125 milliseconds)
[com5] Sending sample blau.2im8m378.ingestion-65c5587588-lg5cg.json (71/500): Button 4
[com5] Sending train command
[com5] Train start confirmation: ok


[com5] Button confirmation: Button 4


[com5] Only forward confirmation: Only forward 0


[com5] Sample received confirmation: Sample received for button 4


[com5] Graph command received: graph


[com5] Outputs [raw]: b'0.122782 0.925489 0.003746 0.008360 \n'
[com5] Outputs: ['0.122782', '0.925489', '0.003746', '0.008360']
[com5] Predicted button: 2
[com5] Error: 0.463742

[com5] Sample sent in: 961.249267578125 milliseconds)
[com5] Sending sample montserrat.2i1jf2ev.ingestion-6fbcb45f68-8grp6.json (72/500): Button 1
[com5] Sending train command
[com5] Train start confirmation: ok


[com5] Button confirmation: Button 1


[com5] Only forward confirmation: Only forward 0


[com5] Sample received confirmation: Sample received for button 1


[com5] Graph command received: graph


[com5] Outputs [raw]: b'0.003859 0.032993 0.222361 0.347835 \n'
[com5] Outputs: ['0.003859', '0.032993', '0.222361', '0.347835']
[com5] Predicted button: 4
[com5] Error: 0.290955

[com5] Sample sent in: 967.3251953125 milliseconds)
[com5] Sending sample pedraforca.2jdji9g6.ingestion-7979684cc8-9nv75.json (73/500): Button 2
[com5] Sending train command
[com5] Train start confirmation: ok


[com5] Button confirmation: Button 2


[com5] Only forward confirmation: Only forward 0


[com5] Sample received confirmation: Sample received for button 2


[com5] Graph command received: graph


[com5] Outputs [raw]: b'0.000759 0.688936 0.004325 0.268729 \n'
[com5] Outputs: ['0.000759', '0.688936', '0.004325', '0.268729']
[com5] Predicted button: 2
[com5] Error: 0.042249

[com5] Sample sent in: 967.367919921875 milliseconds)
[com5] Sending sample vermell.2im7fqfj.ingestion-65c5587588-lg5cg.json (74/500): Button 3
[com5] Sending train command
[com5] Train start confirmation: ok


[com5] Button confirmation: Button 3


[com5] Only forward confirmation: Only forward 0


[com5] Sample received confirmation: Sample received for button 3


[com5] Graph command received: graph


[com5] Outputs [raw]: b'0.000047 0.000676 0.932074 0.797223 \n'
[com5] Outputs: ['0.000047', '0.000676', '0.932074', '0.797223']
[com5] Predicted button: 3
[com5] Error: 0.160045

[com5] Sample sent in: 963.51611328125 milliseconds)
[com5] Sending sample blau.2im7k6vu.ingestion-65c5587588-lg5cg.json (75/500): Button 4
[com5] Sending train command
[com5] Train start confirmation: ok


[com5] Button confirmation: Button 4


[com5] Only forward confirmation: Only forward 0


[com5] Sample received confirmation: Sample received for button 4


[com5] Graph command received: graph


[com5] Outputs [raw]: b'0.000152 0.001301 0.184555 0.961693 \n'
[com5] Outputs: ['0.000152', '0.001301', '0.184555', '0.961693']
[com5] Predicted button: 4
[com5] Error: 0.008882

[com5] Sample sent in: 975.892333984375 milliseconds)
[com5] Sending sample montserrat.2jdj49mt.ingestion-bcfbf9bfd-96mhc.json (76/500): Button 1
[com5] Sending train command
[com5] Train start confirmation: ok


[com5] Button confirmation: Button 1


[com5] Only forward confirmation: Only forward 0


[com5] Sample received confirmation: Sample received for button 1


[com5] Graph command received: graph


[com5] Outputs [raw]: b'0.241754 0.005787 0.002674 0.163638 \n'
[com5] Outputs: ['0.241754', '0.005787', '0.002674', '0.163638']
[com5] Predicted button: 1
[com5] Error: 0.150439

[com5] Sample sent in: 969.223876953125 milliseconds)
[com5] Sending sample pedraforca.2jdjhtd9.ingestion-7979684cc8-5gkxz.json (77/500): Button 2
[com5] Sending train command
[com5] Train start confirmation: ok


[com5] Button confirmation: Button 2


[com5] Only forward confirmation: Only forward 0


[com5] Sample received confirmation: Sample received for button 2


[com5] Graph command received: graph


[com5] Outputs [raw]: b'0.043136 0.004772 0.004029 0.431344 \n'
[com5] Outputs: ['0.043136', '0.004772', '0.004029', '0.431344']
[com5] Predicted button: 4
[com5] Error: 0.294603

[com5] Sample sent in: 965.168701171875 milliseconds)
[com5] Sending sample vermell.2im7fdn5.ingestion-65c5587588-dvjvm.json (78/500): Button 3
[com5] Sending train command
[com5] Train start confirmation: ok


[com5] Button confirmation: Button 3


[com5] Only forward confirmation: Only forward 0


[com5] Sample received confirmation: Sample received for button 3


[com5] Graph command received: graph


[com5] Outputs [raw]: b'0.000093 0.000062 0.978234 0.006127 \n'
[com5] Outputs: ['0.000093', '0.000062', '0.978234', '0.006127']
[com5] Predicted button: 3
[com5] Error: 0.000128

[com5] Sample sent in: 961.145751953125 milliseconds)
[com5] Sending sample blau.2im8m531.ingestion-65c5587588-dvjvm.json (79/500): Button 4
[com5] Sending train command
[com5] Train start confirmation: ok


[com5] Button confirmation: Button 4


[com5] Only forward confirmation: Only forward 0


[com5] Sample received confirmation: Sample received for button 4


[com5] Graph command received: graph


[com5] Outputs [raw]: b'0.000033 0.068860 0.998161 0.000058 \n'
[com5] Outputs: ['0.000033', '0.068860', '0.998161', '0.000058']
[com5] Predicted button: 3
[com5] Error: 0.500238

[com5] Sample sent in: 965.01806640625 milliseconds)
[com5] Sending sample montserrat.2i19p7a6.ingestion-6fbcb45f68-gjdgd.json (80/500): Button 1
[com5] Sending train command
[com5] Train start confirmation: ok


[com5] Button confirmation: Button 1


[com5] Only forward confirmation: Only forward 0


[com5] Sample received confirmation: Sample received for button 1


[com5] Graph command received: graph


[com5] Outputs [raw]: b'0.989051 0.000327 0.004975 0.002483 \n'
[com5] Outputs: ['0.989051', '0.000327', '0.004975', '0.002483']
[com5] Predicted button: 1
[com5] Error: 0.000038

[com5] Sample sent in: 974.850830078125 milliseconds)
[com5] Sending sample pedraforca.2i19d5vh.ingestion-6fbcb45f68-v56rs.json (81/500): Button 2
[com5] Sending train command
[com5] Train start confirmation: ok


[com5] Button confirmation: Button 2


[com5] Only forward confirmation: Only forward 0


[com5] Sample received confirmation: Sample received for button 2


[com5] Graph command received: graph


[com5] Outputs [raw]: b'0.033128 0.007696 0.004231 0.000823 \n'
[com5] Outputs: ['0.033128', '0.007696', '0.004231', '0.000823']
[com5] Predicted button: 1
[com5] Error: 0.246446

[com5] Sample sent in: 966.1611328125 milliseconds)
[com5] Sending sample vermell.2im7f9tj.ingestion-65c5587588-smqjm.json (82/500): Button 3
[com5] Sending train command
[com5] Train start confirmation: ok


[com5] Button confirmation: Button 3


[com5] Only forward confirmation: Only forward 0


[com5] Sample received confirmation: Sample received for button 3


[com5] Graph command received: graph


[com5] Outputs [raw]: b'0.000588 0.005468 0.986757 0.000006 \n'
[com5] Outputs: ['0.000588', '0.005468', '0.986757', '0.000006']
[com5] Predicted button: 3
[com5] Error: 0.000051

[com5] Sample sent in: 966.100341796875 milliseconds)
[com5] Sending sample blau.2im8oi0f.ingestion-65c5587588-dvjvm.json (83/500): Button 4
[com5] Sending train command
[com5] Train start confirmation: ok


[com5] Button confirmation: Button 4


[com5] Only forward confirmation: Only forward 0


[com5] Sample received confirmation: Sample received for button 4


[com5] Graph command received: graph


[com5] Outputs [raw]: b'0.108172 0.002471 0.000824 0.178608 \n'
[com5] Outputs: ['0.108172', '0.002471', '0.000824', '0.178608']
[com5] Predicted button: 4
[com5] Error: 0.171598

[com5] Sample sent in: 964.687744140625 milliseconds)
[com5] Sending sample montserrat.2i19pgmh.ingestion-6fbcb45f68-v56rs.json (84/500): Button 1
[com5] Sending train command
[com5] Train start confirmation: ok


[com5] Button confirmation: Button 1


[com5] Only forward confirmation: Only forward 0


[com5] Sample received confirmation: Sample received for button 1


[com5] Graph command received: graph


[com5] Outputs [raw]: b'0.000359 0.066744 0.004806 0.014708 \n'
[com5] Outputs: ['0.000359', '0.066744', '0.004806', '0.014708']
[com5] Predicted button: 2
[com5] Error: 0.250994

[com5] Sample sent in: 984.892333984375 milliseconds)
[com5] Sending sample pedraforca.2i1j9ldh.ingestion-6fbcb45f68-gjdgd.json (85/500): Button 2
[com5] Sending train command
[com5] Train start confirmation: ok


[com5] Button confirmation: Button 2


[com5] Only forward confirmation: Only forward 0


[com5] Sample received confirmation: Sample received for button 2


[com5] Graph command received: graph


[com5] Outputs [raw]: b'0.004819 0.049254 0.031769 0.000001 \n'
[com5] Outputs: ['0.004819', '0.049254', '0.031769', '0.000001']
[com5] Predicted button: 2
[com5] Error: 0.226238

[com5] Sample sent in: 962.351806640625 milliseconds)
[com5] Sending sample vermell.2im6s3hb.ingestion-65c5587588-smqjm.json (86/500): Button 3
[com5] Sending train command
[com5] Train start confirmation: ok


[com5] Button confirmation: Button 3


[com5] Only forward confirmation: Only forward 0


[com5] Sample received confirmation: Sample received for button 3


[com5] Graph command received: graph


[com5] Outputs [raw]: b'0.000031 0.011608 0.991112 0.000000 \n'
[com5] Outputs: ['0.000031', '0.011608', '0.991112', '0.000000']
[com5] Predicted button: 3
[com5] Error: 0.000053

[com5] Sample sent in: 959.0146484375 milliseconds)
[com5] Sending sample blau.2im7egdn.ingestion-65c5587588-dvjvm.json (87/500): Button 4
[com5] Sending train command
[com5] Train start confirmation: ok


[com5] Button confirmation: Button 4


[com5] Only forward confirmation: Only forward 0


[com5] Sample received confirmation: Sample received for button 4


[com5] Graph command received: graph


[com5] Outputs [raw]: b'0.007561 0.014772 0.007419 0.223062 \n'
[com5] Outputs: ['0.007561', '0.014772', '0.007419', '0.223062']
[com5] Predicted button: 4
[com5] Error: 0.150991

[com5] Sample sent in: 955.362060546875 milliseconds)
[com5] Sending sample montserrat.2i1jdkko.ingestion-6fbcb45f68-gjdgd.json (88/500): Button 1
[com5] Sending train command
[com5] Train start confirmation: ok


[com5] Button confirmation: Button 1


[com5] Only forward confirmation: Only forward 0


[com5] Sample received confirmation: Sample received for button 1


[com5] Graph command received: graph


[com5] Outputs [raw]: b'0.374155 0.055425 0.003047 0.000103 \n'
[com5] Outputs: ['0.374155', '0.055425', '0.003047', '0.000103']
[com5] Predicted button: 1
[com5] Error: 0.098691

[com5] Sample sent in: 948.72119140625 milliseconds)
[com5] Sending sample pedraforca.2hnaufhc.ingestion-55946b7658-stxnc.json (89/500): Button 2
[com5] Sending train command
[com5] Train start confirmation: ok


[com5] Button confirmation: Button 2


[com5] Only forward confirmation: Only forward 0


[com5] Sample received confirmation: Sample received for button 2


[com5] Graph command received: graph


[com5] Outputs [raw]: b'0.067305 0.530406 0.000657 0.000008 \n'
[com5] Outputs: ['0.067305', '0.530406', '0.000657', '0.000008']
[com5] Predicted button: 2
[com5] Error: 0.056262

[com5] Sample sent in: 962.22021484375 milliseconds)
[com5] Sending sample vermell.2im7fmt1.ingestion-65c5587588-lg5cg.json (90/500): Button 3
[com5] Sending train command
[com5] Train start confirmation: ok


[com5] Button confirmation: Button 3


[com5] Only forward confirmation: Only forward 0


[com5] Sample received confirmation: Sample received for button 3


[com5] Graph command received: graph


[com5] Outputs [raw]: b'0.000012 0.027817 0.983144 0.000001 \n'
[com5] Outputs: ['0.000012', '0.027817', '0.983144', '0.000001']
[com5] Predicted button: 3
[com5] Error: 0.000264

[com5] Sample sent in: 958.5302734375 milliseconds)
[com5] Sending sample blau.2im7enuj.ingestion-65c5587588-smqjm.json (91/500): Button 4
[com5] Sending train command
[com5] Train start confirmation: ok


[com5] Button confirmation: Button 4


[com5] Only forward confirmation: Only forward 0


[com5] Sample received confirmation: Sample received for button 4


[com5] Graph command received: graph


[com5] Outputs [raw]: b'0.025435 0.111542 0.004594 0.003829 \n'
[com5] Outputs: ['0.025435', '0.111542', '0.004594', '0.003829']
[com5] Predicted button: 2
[com5] Error: 0.251367

[com5] Sample sent in: 962.983642578125 milliseconds)
[com5] Sending sample montserrat.2jb1c3f6.ingestion-8499f64fc9-xnfkp.json (92/500): Button 1
[com5] Sending train command
[com5] Train start confirmation: ok


[com5] Button confirmation: Button 1


[com5] Only forward confirmation: Only forward 0


[com5] Sample received confirmation: Sample received for button 1


[com5] Graph command received: graph


[com5] Outputs [raw]: b'0.982873 0.024720 0.000150 0.005612 \n'
[com5] Outputs: ['0.982873', '0.024720', '0.000150', '0.005612']
[com5] Predicted button: 1
[com5] Error: 0.000234

[com5] Sample sent in: 966.001220703125 milliseconds)
[com5] Sending sample pedraforca.2jdjifeq.ingestion-7979684cc8-5gkxz.json (93/500): Button 2
[com5] Sending train command
[com5] Train start confirmation: ok


[com5] Button confirmation: Button 2


[com5] Only forward confirmation: Only forward 0


[com5] Sample received confirmation: Sample received for button 2


[com5] Graph command received: graph


[com5] Outputs [raw]: b'0.487835 0.296046 0.000559 0.000851 \n'
[com5] Outputs: ['0.487835', '0.296046', '0.000559', '0.000851']
[com5] Predicted button: 1
[com5] Error: 0.183384

[com5] Sample sent in: 1011.999755859375 milliseconds)
[com5] Sending sample vermell.2im77bjm.ingestion-65c5587588-smqjm.json (94/500): Button 3
[com5] Sending train command
[com5] Train start confirmation: ok


[com5] Button confirmation: Button 3


[com5] Only forward confirmation: Only forward 0


[com5] Sample received confirmation: Sample received for button 3


[com5] Graph command received: graph


[com5] Outputs [raw]: b'0.007990 0.000652 0.294419 0.018281 \n'
[com5] Outputs: ['0.007990', '0.000652', '0.294419', '0.018281']
[com5] Predicted button: 3
[com5] Error: 0.124561

[com5] Sample sent in: 953.5673828125 milliseconds)
[com5] Sending sample blau.2im8o1v3.ingestion-65c5587588-lg5cg.json (95/500): Button 4
[com5] Sending train command
[com5] Train start confirmation: ok


[com5] Button confirmation: Button 4


[com5] Only forward confirmation: Only forward 0


[com5] Sample received confirmation: Sample received for button 4


[com5] Graph command received: graph


[com5] Outputs [raw]: b'0.011213 0.022348 0.009295 0.923203 \n'
[com5] Outputs: ['0.011213', '0.022348', '0.009295', '0.923203']
[com5] Predicted button: 4
[com5] Error: 0.001652

[com5] Sample sent in: 952.401123046875 milliseconds)
[com5] Sending sample montserrat.2i19oee2.ingestion-6fbcb45f68-8grp6.json (96/500): Button 1
[com5] Sending train command
[com5] Train start confirmation: ok


[com5] Button confirmation: Button 1


[com5] Only forward confirmation: Only forward 0


[com5] Sample received confirmation: Sample received for button 1


[com5] Graph command received: graph


[com5] Outputs [raw]: b'0.784163 0.921747 0.000695 0.000072 \n'
[com5] Outputs: ['0.784163', '0.921747', '0.000695', '0.000072']
[com5] Predicted button: 2
[com5] Error: 0.224051

[com5] Sample sent in: 974.324951171875 milliseconds)
[com5] Sending sample pedraforca.2hnausc5.ingestion-55946b7658-ffsx7.json (97/500): Button 2
[com5] Sending train command
[com5] Train start confirmation: ok


[com5] Button confirmation: Button 2


[com5] Only forward confirmation: Only forward 0


[com5] Sample received confirmation: Sample received for button 2


[com5] Graph command received: graph


[com5] Outputs [raw]: b'0.013123 0.813523 0.000783 0.246888 \n'
[com5] Outputs: ['0.013123', '0.813523', '0.000783', '0.246888']
[com5] Predicted button: 2
[com5] Error: 0.023975

[com5] Sample sent in: 994.711181640625 milliseconds)
[com5] Sending sample vermell.2im6u9c1.ingestion-65c5587588-dvjvm.json (98/500): Button 3
[com5] Sending train command
[com5] Train start confirmation: ok


[com5] Button confirmation: Button 3


[com5] Only forward confirmation: Only forward 0


[com5] Sample received confirmation: Sample received for button 3


[com5] Graph command received: graph


[com5] Outputs [raw]: b'0.000277 0.018452 0.977366 0.000012 \n'
[com5] Outputs: ['0.000277', '0.018452', '0.977366', '0.000012']
[com5] Predicted button: 3
[com5] Error: 0.000213

[com5] Sample sent in: 986.202880859375 milliseconds)
[com5] Sending sample blau.2im7jauf.ingestion-65c5587588-dvjvm.json (99/500): Button 4
[com5] Sending train command
[com5] Train start confirmation: ok


[com5] Button confirmation: Button 4


[com5] Only forward confirmation: Only forward 0


[com5] Sample received confirmation: Sample received for button 4


[com5] Graph command received: graph


[com5] Outputs [raw]: b'0.000062 0.086175 0.999869 0.000000 \n'
[com5] Outputs: ['0.000062', '0.086175', '0.999869', '0.000000']
[com5] Predicted button: 3
[com5] Error: 0.501791

[com5] Sample sent in: 969.488525390625 milliseconds)
[com5] Sending sample montserrat.2i1jdmlu.ingestion-6fbcb45f68-8grp6.json (100/500): Button 1
[com5] Sending train command
[com5] Train start confirmation: ok


[com5] Button confirmation: Button 1


[com5] Only forward confirmation: Only forward 0


[com5] Sample received confirmation: Sample received for button 1


[com5] Graph command received: graph


[com5] Outputs [raw]: b'0.536014 0.844840 0.023066 0.000429 \n'
[com5] Outputs: ['0.536014', '0.844840', '0.023066', '0.000429']
[com5] Predicted button: 2
[com5] Error: 0.232392

[com5] Sample sent in: 982.371826171875 milliseconds)
[com5] Sending sample pedraforca.2i19dfo9.ingestion-6fbcb45f68-v56rs.json (101/500): Button 2
[com5] Sending train command
[com5] Train start confirmation: ok


[com5] Button confirmation: Button 2


[com5] Only forward confirmation: Only forward 0


[com5] Sample received confirmation: Sample received for button 2


[com5] Graph command received: graph


[com5] Outputs [raw]: b'0.006381 0.999939 0.004431 0.000586 \n'
[com5] Outputs: ['0.006381', '0.999939', '0.004431', '0.000586']
[com5] Predicted button: 2
[com5] Error: 0.000015

[com5] Sample sent in: 979.874267578125 milliseconds)
[com5] Sending sample vermell.2im77f4k.ingestion-65c5587588-smqjm.json (102/500): Button 3
[com5] Sending train command
[com5] Train start confirmation: ok


[com5] Button confirmation: Button 3


[com5] Only forward confirmation: Only forward 0


[com5] Sample received confirmation: Sample received for button 3


[com5] Graph command received: graph


[com5] Outputs [raw]: b'0.000530 0.025471 0.792934 0.506195 \n'
[com5] Outputs: ['0.000530', '0.025471', '0.792934', '0.506195']
[com5] Predicted button: 3
[com5] Error: 0.074940

[com5] Sample sent in: 985.283935546875 milliseconds)
[com5] Sending sample blau.2im7elro.ingestion-65c5587588-dvjvm.json (103/500): Button 4
[com5] Sending train command
[com5] Train start confirmation: ok


[com5] Button confirmation: Button 4


[com5] Only forward confirmation: Only forward 0


[com5] Sample received confirmation: Sample received for button 4


[com5] Graph command received: graph


[com5] Outputs [raw]: b'0.069704 0.753475 0.002085 0.604226 \n'
[com5] Outputs: ['0.069704', '0.753475', '0.002085', '0.604226']
[com5] Predicted button: 2
[com5] Error: 0.182306

[com5] Sample sent in: 987.4912109375 milliseconds)
[com5] Sending sample montserrat.2jdj796m.ingestion-bcfbf9bfd-pdtnn.json (104/500): Button 1
[com5] Sending train command
[com5] Train start confirmation: ok


[com5] Button confirmation: Button 1


[com5] Only forward confirmation: Only forward 0


[com5] Sample received confirmation: Sample received for button 1


[com5] Graph command received: graph


[com5] Outputs [raw]: b'0.981738 0.502059 0.000849 0.026186 \n'
[com5] Outputs: ['0.981738', '0.502059', '0.000849', '0.026186']
[com5] Predicted button: 1
[com5] Error: 0.063271

[com5] Sample sent in: 984.3271484375 milliseconds)
[com5] Sending sample pedraforca.2jdjiq0r.ingestion-7979684cc8-tbwcn.json (105/500): Button 2
[com5] Sending train command
[com5] Train start confirmation: ok


[com5] Button confirmation: Button 2


[com5] Only forward confirmation: Only forward 0


[com5] Sample received confirmation: Sample received for button 2


[com5] Graph command received: graph


[com5] Outputs [raw]: b'0.016588 0.010363 0.228430 0.926455 \n'
[com5] Outputs: ['0.016588', '0.010363', '0.228430', '0.926455']
[com5] Predicted button: 4
[com5] Error: 0.472539

[com5] Sample sent in: 982.253173828125 milliseconds)
[com5] Sending sample vermell.2im7acs3.ingestion-65c5587588-dvjvm.json (106/500): Button 3
[com5] Sending train command
[com5] Train start confirmation: ok


[com5] Button confirmation: Button 3


[com5] Only forward confirmation: Only forward 0


[com5] Sample received confirmation: Sample received for button 3


[com5] Graph command received: graph


[com5] Outputs [raw]: b'0.032009 0.052889 0.806086 0.001103 \n'
[com5] Outputs: ['0.032009', '0.052889', '0.806086', '0.001103']
[com5] Predicted button: 3
[com5] Error: 0.010356

[com5] Sample sent in: 966.0 milliseconds)
[com5] Sending sample blau.2im7kco6.ingestion-65c5587588-smqjm.json (107/500): Button 4
[com5] Sending train command
[com5] Train start confirmation: ok


[com5] Button confirmation: Button 4


[com5] Only forward confirmation: Only forward 0


[com5] Sample received confirmation: Sample received for button 4


[com5] Graph command received: graph


[com5] Outputs [raw]: b'0.161102 0.004368 0.109724 0.602938 \n'
[com5] Outputs: ['0.161102', '0.004368', '0.109724', '0.602938']
[com5] Predicted button: 4
[com5] Error: 0.048918

[com5] Sample sent in: 971.467041015625 milliseconds)
[com5] Sending sample montserrat.2jdjb80n.ingestion-7979684cc8-5gkxz.json (108/500): Button 1
[com5] Sending train command
[com5] Train start confirmation: ok


[com5] Button confirmation: Button 1


[com5] Only forward confirmation: Only forward 0


[com5] Sample received confirmation: Sample received for button 1


[com5] Graph command received: graph


[com5] Outputs [raw]: b'0.691507 0.001232 0.440458 0.351603 \n'
[com5] Outputs: ['0.691507', '0.001232', '0.440458', '0.351603']
[com5] Predicted button: 1
[com5] Error: 0.103199

[com5] Sample sent in: 991.178466796875 milliseconds)
[com5] Sending sample pedraforca.2jdjj06h.ingestion-7979684cc8-tbwcn.json (109/500): Button 2
[com5] Sending train command
[com5] Train start confirmation: ok


[com5] Button confirmation: Button 2


[com5] Only forward confirmation: Only forward 0


[com5] Sample received confirmation: Sample received for button 2


[com5] Graph command received: graph


[com5] Outputs [raw]: b'0.284022 0.998803 0.000212 0.000664 \n'
[com5] Outputs: ['0.284022', '0.998803', '0.000212', '0.000664']
[com5] Predicted button: 2
[com5] Error: 0.020168

[com5] Sample sent in: 985.755859375 milliseconds)
[com5] Sending sample vermell.2im6vd55.ingestion-65c5587588-smqjm.json (110/500): Button 3
[com5] Sending train command
[com5] Train start confirmation: ok


[com5] Button confirmation: Button 3


[com5] Only forward confirmation: Only forward 0


[com5] Sample received confirmation: Sample received for button 3


[com5] Graph command received: graph


[com5] Outputs [raw]: b'0.004051 0.017241 0.998618 0.000000 \n'
[com5] Outputs: ['0.004051', '0.017241', '0.998618', '0.000000']
[com5] Predicted button: 3
[com5] Error: 0.000079

[com5] Sample sent in: 974.428955078125 milliseconds)
[com5] Sending sample blau.2im6rk8r.ingestion-65c5587588-dvjvm.json (111/500): Button 4
[com5] Sending train command
[com5] Train start confirmation: ok


[com5] Button confirmation: Button 4


[com5] Only forward confirmation: Only forward 0


[com5] Sample received confirmation: Sample received for button 4


[com5] Graph command received: graph


[com5] Outputs [raw]: b'0.108131 0.183329 0.080320 0.000137 \n'
[com5] Outputs: ['0.108131', '0.183329', '0.080320', '0.000137']
[com5] Predicted button: 2
[com5] Error: 0.262870

[com5] Sample sent in: 991.829345703125 milliseconds)
[com5] Sending sample montserrat.2jdjah24.ingestion-bcfbf9bfd-d2549.json (112/500): Button 1
[com5] Sending train command
[com5] Train start confirmation: ok


[com5] Button confirmation: Button 1


[com5] Only forward confirmation: Only forward 0


[com5] Sample received confirmation: Sample received for button 1


[com5] Graph command received: graph


[com5] Outputs [raw]: b'0.991975 0.000656 0.016864 0.018759 \n'
[com5] Outputs: ['0.991975', '0.000656', '0.016864', '0.018759']
[com5] Predicted button: 1
[com5] Error: 0.000175

[com5] Sample sent in: 983.86669921875 milliseconds)
[com5] Sending sample pedraforca.2hn9vgdd.ingestion-55946b7658-ffsx7.json (113/500): Button 2
[com5] Sending train command
[com5] Train start confirmation: ok


[com5] Button confirmation: Button 2


[com5] Only forward confirmation: Only forward 0


[com5] Sample received confirmation: Sample received for button 2


[com5] Graph command received: graph


[com5] Outputs [raw]: b'0.048560 0.000036 0.427956 0.399889 \n'
[com5] Outputs: ['0.048560', '0.000036', '0.427956', '0.399889']
[com5] Predicted button: 3
[com5] Error: 0.336336

[com5] Sample sent in: 994.5087890625 milliseconds)
[com5] Sending sample vermell.2im79le1.ingestion-65c5587588-lg5cg.json (114/500): Button 3
[com5] Sending train command
[com5] Train start confirmation: ok


[com5] Button confirmation: Button 3


[com5] Only forward confirmation: Only forward 0


[com5] Sample received confirmation: Sample received for button 3


[com5] Graph command received: graph


[com5] Outputs [raw]: b'0.846601 0.002790 0.848696 0.000008 \n'
[com5] Outputs: ['0.846601', '0.002790', '0.848696', '0.000008']
[com5] Predicted button: 3
[com5] Error: 0.184909

[com5] Sample sent in: 975.169189453125 milliseconds)
[com5] Sending sample blau.2im8ooss.ingestion-65c5587588-lg5cg.json (115/500): Button 4
[com5] Sending train command
[com5] Train start confirmation: ok


[com5] Button confirmation: Button 4


[com5] Only forward confirmation: Only forward 0


[com5] Sample received confirmation: Sample received for button 4


[com5] Graph command received: graph


[com5] Outputs [raw]: b'0.061539 0.001211 0.006539 0.239188 \n'
[com5] Outputs: ['0.061539', '0.001211', '0.006539', '0.239188']
[com5] Predicted button: 4
[com5] Error: 0.145667

[com5] Sample sent in: 961.377197265625 milliseconds)
[com5] Sending sample montserrat.2jdj76o3.ingestion-7979684cc8-tbwcn.json (116/500): Button 1
[com5] Sending train command
[com5] Train start confirmation: ok


[com5] Button confirmation: Button 1


[com5] Only forward confirmation: Only forward 0


[com5] Sample received confirmation: Sample received for button 1


[com5] Graph command received: graph


[com5] Outputs [raw]: b'0.897411 0.000685 0.004971 0.001160 \n'
[com5] Outputs: ['0.897411', '0.000685', '0.004971', '0.001160']
[com5] Predicted button: 1
[com5] Error: 0.002638

[com5] Sample sent in: 959.448974609375 milliseconds)
[com5] Sending sample pedraforca.2i19dd7p.ingestion-6fbcb45f68-8grp6.json (117/500): Button 2
[com5] Sending train command
[com5] Train start confirmation: ok


[com5] Button confirmation: Button 2


[com5] Only forward confirmation: Only forward 0


[com5] Sample received confirmation: Sample received for button 2


[com5] Graph command received: graph


[com5] Outputs [raw]: b'0.023193 0.000009 0.016210 0.481252 \n'
[com5] Outputs: ['0.023193', '0.000009', '0.016210', '0.481252']
[com5] Predicted button: 4
[com5] Error: 0.308097

[com5] Sample sent in: 951.102294921875 milliseconds)
[com5] Sending sample vermell.2im7g3g1.ingestion-65c5587588-lg5cg.json (118/500): Button 3
[com5] Sending train command
[com5] Train start confirmation: ok


[com5] Button confirmation: Button 3


[com5] Only forward confirmation: Only forward 0


[com5] Sample received confirmation: Sample received for button 3


[com5] Graph command received: graph


[com5] Outputs [raw]: b'0.003114 0.000044 0.963175 0.000002 \n'
[com5] Outputs: ['0.003114', '0.000044', '0.963175', '0.000002']
[com5] Predicted button: 3
[com5] Error: 0.000341

[com5] Sample sent in: 956.511962890625 milliseconds)
[com5] Sending sample blau.2im7jvha.ingestion-65c5587588-lg5cg.json (119/500): Button 4
[com5] Sending train command
[com5] Train start confirmation: ok


[com5] Button confirmation: Button 4


[com5] Only forward confirmation: Only forward 0


[com5] Sample received confirmation: Sample received for button 4


[com5] Graph command received: graph


[com5] Outputs [raw]: b'0.404044 0.000023 0.012601 0.023871 \n'
[com5] Outputs: ['0.404044', '0.000023', '0.012601', '0.023871']
[com5] Predicted button: 1
[com5] Error: 0.279060

[com5] Sample sent in: 951.492431640625 milliseconds)
[com5] Sending sample montserrat.2i1jhela.ingestion-6fbcb45f68-8grp6.json (120/500): Button 1
[com5] Sending train command
[com5] Train start confirmation: ok


[com5] Button confirmation: Button 1


[com5] Only forward confirmation: Only forward 0


[com5] Sample received confirmation: Sample received for button 1


[com5] Graph command received: graph


[com5] Outputs [raw]: b'0.982981 0.013113 0.004846 0.000517 \n'
[com5] Outputs: ['0.982981', '0.013113', '0.004846', '0.000517']
[com5] Predicted button: 1
[com5] Error: 0.000121

[com5] Sample sent in: 953.724853515625 milliseconds)
[com5] Sending sample pedraforca.2jdjkssp.ingestion-7979684cc8-tbwcn.json (121/500): Button 2
[com5] Sending train command
[com5] Train start confirmation: ok


[com5] Button confirmation: Button 2


[com5] Only forward confirmation: Only forward 0


[com5] Sample received confirmation: Sample received for button 2


[com5] Graph command received: graph


[com5] Outputs [raw]: b'0.215009 0.000707 0.002119 0.002204 \n'
[com5] Outputs: ['0.215009', '0.000707', '0.002119', '0.002204']
[com5] Predicted button: 1
[com5] Error: 0.261206

[com5] Sample sent in: 958.943115234375 milliseconds)
[com5] Sending sample vermell.2im7g57j.ingestion-65c5587588-smqjm.json (122/500): Button 3
[com5] Sending train command
[com5] Train start confirmation: ok


[com5] Button confirmation: Button 3


[com5] Only forward confirmation: Only forward 0


[com5] Sample received confirmation: Sample received for button 3


[com5] Graph command received: graph


[com5] Outputs [raw]: b'0.035269 0.000012 0.127358 0.023122 \n'
[com5] Outputs: ['0.035269', '0.000012', '0.127358', '0.023122']
[com5] Predicted button: 3
[com5] Error: 0.190821

[com5] Sample sent in: 950.18505859375 milliseconds)
[com5] Sending sample blau.2im7epv6.ingestion-65c5587588-lg5cg.json (123/500): Button 4
[com5] Sending train command
[com5] Train start confirmation: ok


[com5] Button confirmation: Button 4


[com5] Only forward confirmation: Only forward 0


[com5] Sample received confirmation: Sample received for button 4


[com5] Graph command received: graph


[com5] Outputs [raw]: b'0.006195 0.000165 0.001309 0.227968 \n'
[com5] Outputs: ['0.006195', '0.000165', '0.001309', '0.227968']
[com5] Predicted button: 4
[com5] Error: 0.149019

[com5] Sample sent in: 951.45947265625 milliseconds)
[com5] Sending sample montserrat.2i19oin4.ingestion-6fbcb45f68-8grp6.json (124/500): Button 1
[com5] Sending train command
[com5] Train start confirmation: ok


[com5] Button confirmation: Button 1


[com5] Only forward confirmation: Only forward 0


[com5] Sample received confirmation: Sample received for button 1


[com5] Graph command received: graph


[com5] Outputs [raw]: b'0.680110 0.002052 0.000402 0.000280 \n'
[com5] Outputs: ['0.680110', '0.002052', '0.000402', '0.000280']
[com5] Predicted button: 1
[com5] Error: 0.025584

[com5] Sample sent in: 956.19921875 milliseconds)
[com5] Sending sample pedraforca.2jdjlde5.ingestion-7979684cc8-5gkxz.json (125/500): Button 2
[com5] Sending train command
[com5] Train start confirmation: ok


[com5] Button confirmation: Button 2


[com5] Only forward confirmation: Only forward 0


[com5] Sample received confirmation: Sample received for button 2


[com5] Graph command received: graph


[com5] Outputs [raw]: b'0.139332 0.007088 0.000850 0.001603 \n'
[com5] Outputs: ['0.139332', '0.007088', '0.000850', '0.001603']
[com5] Predicted button: 1
[com5] Error: 0.251323

[com5] Sample sent in: 951.538818359375 milliseconds)
[com5] Sending sample vermell.2im7ab28.ingestion-65c5587588-lg5cg.json (126/500): Button 3
[com5] Sending train command
[com5] Train start confirmation: ok


[com5] Button confirmation: Button 3


[com5] Only forward confirmation: Only forward 0


[com5] Sample received confirmation: Sample received for button 3


[com5] Graph command received: graph


[com5] Outputs [raw]: b'0.000073 0.000005 0.558749 0.040361 \n'
[com5] Outputs: ['0.000073', '0.000005', '0.558749', '0.040361']
[com5] Predicted button: 3
[com5] Error: 0.049083

[com5] Sample sent in: 950.1455078125 milliseconds)
[com5] Sending sample blau.2im8pp88.ingestion-65c5587588-smqjm.json (127/500): Button 4
[com5] Sending train command
[com5] Train start confirmation: ok


[com5] Button confirmation: Button 4


[com5] Only forward confirmation: Only forward 0


[com5] Sample received confirmation: Sample received for button 4


[com5] Graph command received: graph


[com5] Outputs [raw]: b'0.000205 0.000011 0.151294 0.522573 \n'
[com5] Outputs: ['0.000205', '0.000011', '0.151294', '0.522573']
[com5] Predicted button: 4
[com5] Error: 0.062707

[com5] Sample sent in: 953.496826171875 milliseconds)
[com5] Sending sample montserrat.2i19oggc.ingestion-6fbcb45f68-v56rs.json (128/500): Button 1
[com5] Sending train command
[com5] Train start confirmation: ok


[com5] Button confirmation: Button 1


[com5] Only forward confirmation: Only forward 0


[com5] Sample received confirmation: Sample received for button 1


[com5] Graph command received: graph


[com5] Outputs [raw]: b'0.997012 0.000045 0.002615 0.020896 \n'
[com5] Outputs: ['0.997012', '0.000045', '0.002615', '0.020896']
[com5] Predicted button: 1
[com5] Error: 0.000113

[com5] Sample sent in: 959.84814453125 milliseconds)
[com5] Sending sample pedraforca.2jdjgjj6.ingestion-7979684cc8-9nv75.json (129/500): Button 2
[com5] Sending train command
[com5] Train start confirmation: ok


[com5] Button confirmation: Button 2


[com5] Only forward confirmation: Only forward 0


[com5] Sample received confirmation: Sample received for button 2


[com5] Graph command received: graph


[com5] Outputs [raw]: b'0.025142 0.019373 0.008210 0.080078 \n'
[com5] Outputs: ['0.025142', '0.019373', '0.008210', '0.080078']
[com5] Predicted button: 4
[com5] Error: 0.242185

[com5] Sample sent in: 969.915771484375 milliseconds)
[com5] Sending sample vermell.2im6rtoa.ingestion-65c5587588-dvjvm.json (130/500): Button 3
[com5] Sending train command
[com5] Train start confirmation: ok


[com5] Button confirmation: Button 3


[com5] Only forward confirmation: Only forward 0


[com5] Sample received confirmation: Sample received for button 3


[com5] Graph command received: graph


[com5] Outputs [raw]: b'0.000025 0.000747 0.991413 0.000001 \n'
[com5] Outputs: ['0.000025', '0.000747', '0.991413', '0.000001']
[com5] Predicted button: 3
[com5] Error: 0.000019

[com5] Sample sent in: 965.37255859375 milliseconds)
[com5] Sending sample blau.2im7dc7n.ingestion-65c5587588-smqjm.json (131/500): Button 4
[com5] Sending train command
[com5] Train start confirmation: ok


[com5] Button confirmation: Button 4


[com5] Only forward confirmation: Only forward 0


[com5] Sample received confirmation: Sample received for button 4


[com5] Graph command received: graph


[com5] Outputs [raw]: b'0.002039 0.000022 0.027462 0.106715 \n'
[com5] Outputs: ['0.002039', '0.000022', '0.027462', '0.106715']
[com5] Predicted button: 4
[com5] Error: 0.199679

[com5] Sample sent in: 977.89306640625 milliseconds)
[com5] Sending sample montserrat.2i1jhifg.ingestion-6fbcb45f68-gjdgd.json (132/500): Button 1
[com5] Sending train command
[com5] Train start confirmation: ok


[com5] Button confirmation: Button 1


[com5] Only forward confirmation: Only forward 0


[com5] Sample received confirmation: Sample received for button 1


[com5] Graph command received: graph


[com5] Outputs [raw]: b'0.142902 0.000744 0.137818 0.000543 \n'
[com5] Outputs: ['0.142902', '0.000744', '0.137818', '0.000543']
[com5] Predicted button: 1
[com5] Error: 0.188403

[com5] Sample sent in: 948.719482421875 milliseconds)
[com5] Sending sample pedraforca.2jdjis1d.ingestion-7979684cc8-tbwcn.json (133/500): Button 2
[com5] Sending train command
[com5] Train start confirmation: ok


[com5] Button confirmation: Button 2


[com5] Only forward confirmation: Only forward 0


[com5] Sample received confirmation: Sample received for button 2


[com5] Graph command received: graph


[com5] Outputs [raw]: b'0.007217 0.001378 0.037744 0.031540 \n'
[com5] Outputs: ['0.007217', '0.001378', '0.037744', '0.031540']
[com5] Predicted button: 3
[com5] Error: 0.249929

[com5] Sample sent in: 956.868896484375 milliseconds)
[com5] Sending sample vermell.2im7a95s.ingestion-65c5587588-dvjvm.json (134/500): Button 3
[com5] Sending train command
[com5] Train start confirmation: ok


[com5] Button confirmation: Button 3


[com5] Only forward confirmation: Only forward 0


[com5] Sample received confirmation: Sample received for button 3


[com5] Graph command received: graph


[com5] Outputs [raw]: b'0.000480 0.000008 0.982960 0.031950 \n'
[com5] Outputs: ['0.000480', '0.000008', '0.982960', '0.031950']
[com5] Predicted button: 3
[com5] Error: 0.000328

[com5] Sample sent in: 958.1171875 milliseconds)
[com5] Sending sample blau.2im7etq1.ingestion-65c5587588-lg5cg.json (135/500): Button 4
[com5] Sending train command
[com5] Train start confirmation: ok


[com5] Button confirmation: Button 4


[com5] Only forward confirmation: Only forward 0


[com5] Sample received confirmation: Sample received for button 4


[com5] Graph command received: graph


[com5] Outputs [raw]: b'0.001770 0.000083 0.019159 0.997210 \n'
[com5] Outputs: ['0.001770', '0.000083', '0.019159', '0.997210']
[com5] Predicted button: 4
[com5] Error: 0.000094

[com5] Sample sent in: 957.031494140625 milliseconds)
[com5] Sending sample montserrat.2jdj9e20.ingestion-7979684cc8-5gkxz.json (136/500): Button 1
[com5] Sending train command
[com5] Train start confirmation: ok


[com5] Button confirmation: Button 1


[com5] Only forward confirmation: Only forward 0


[com5] Sample received confirmation: Sample received for button 1


[com5] Graph command received: graph


[com5] Outputs [raw]: b'0.950674 0.008111 0.012461 0.012236 \n'
[com5] Outputs: ['0.950674', '0.008111', '0.012461', '0.012236']
[com5] Predicted button: 1
[com5] Error: 0.000701

[com5] Sample sent in: 950.569091796875 milliseconds)
[com5] Sending sample pedraforca.2jdjhfku.ingestion-7979684cc8-5gkxz.json (137/500): Button 2
[com5] Sending train command
[com5] Train start confirmation: ok


[com5] Button confirmation: Button 2


[com5] Only forward confirmation: Only forward 0


[com5] Sample received confirmation: Sample received for button 2


[com5] Graph command received: graph


[com5] Outputs [raw]: b'0.007926 0.000043 0.053069 0.822434 \n'
[com5] Outputs: ['0.007926', '0.000043', '0.053069', '0.822434']
[com5] Predicted button: 4
[com5] Error: 0.419798

[com5] Sample sent in: 969.22021484375 milliseconds)
[com5] Sending sample vermell.2im7g9mq.ingestion-65c5587588-dvjvm.json (138/500): Button 3
[com5] Sending train command
[com5] Train start confirmation: ok


[com5] Button confirmation: Button 3


[com5] Only forward confirmation: Only forward 0


[com5] Sample received confirmation: Sample received for button 3


[com5] Graph command received: graph


[com5] Outputs [raw]: b'0.001119 0.000064 0.987958 0.002597 \n'
[com5] Outputs: ['0.001119', '0.000064', '0.987958', '0.002597']
[com5] Predicted button: 3
[com5] Error: 0.000038

[com5] Sample sent in: 951.4951171875 milliseconds)
[com5] Sending sample blau.2im7kar5.ingestion-65c5587588-lg5cg.json (139/500): Button 4
[com5] Sending train command
[com5] Train start confirmation: ok


[com5] Button confirmation: Button 4


[com5] Only forward confirmation: Only forward 0


[com5] Sample received confirmation: Sample received for button 4


[com5] Graph command received: graph


[com5] Outputs [raw]: b'0.063077 0.000015 0.037091 0.839989 \n'
[com5] Outputs: ['0.063077', '0.000015', '0.037091', '0.839989']
[com5] Predicted button: 4
[com5] Error: 0.007739

[com5] Sample sent in: 961.67919921875 milliseconds)
[com5] Sending sample montserrat.2jdj2k08.ingestion-bcfbf9bfd-d2549.json (140/500): Button 1
[com5] Sending train command
[com5] Train start confirmation: ok


[com5] Button confirmation: Button 1


[com5] Only forward confirmation: Only forward 0


[com5] Sample received confirmation: Sample received for button 1


[com5] Graph command received: graph


[com5] Outputs [raw]: b'0.890711 0.000002 0.015527 0.688225 \n'
[com5] Outputs: ['0.890711', '0.000002', '0.015527', '0.688225']
[com5] Predicted button: 1
[com5] Error: 0.121460

[com5] Sample sent in: 959.967529296875 milliseconds)
[com5] Sending sample pedraforca.2jdjgp18.ingestion-7979684cc8-9nv75.json (141/500): Button 2
[com5] Sending train command
[com5] Train start confirmation: ok


[com5] Button confirmation: Button 2


[com5] Only forward confirmation: Only forward 0


[com5] Sample received confirmation: Sample received for button 2


[com5] Graph command received: graph


[com5] Outputs [raw]: b'0.291103 0.027559 0.020271 0.001374 \n'
[com5] Outputs: ['0.291103', '0.027559', '0.020271', '0.001374']
[com5] Predicted button: 1
[com5] Error: 0.257699

[com5] Sample sent in: 985.74267578125 milliseconds)
[com5] Sending sample vermell.2im7a3oc.ingestion-65c5587588-lg5cg.json (142/500): Button 3
[com5] Sending train command
[com5] Train start confirmation: ok


[com5] Button confirmation: Button 3


[com5] Only forward confirmation: Only forward 0


[com5] Sample received confirmation: Sample received for button 3


[com5] Graph command received: graph


[com5] Outputs [raw]: b'0.000689 0.000076 0.982133 0.200912 \n'
[com5] Outputs: ['0.000689', '0.000076', '0.982133', '0.200912']
[com5] Predicted button: 3
[com5] Error: 0.010171

[com5] Sample sent in: 968.486328125 milliseconds)
[com5] Sending sample blau.2im7eaui.ingestion-65c5587588-lg5cg.json (143/500): Button 4
[com5] Sending train command
[com5] Train start confirmation: ok


[com5] Button confirmation: Button 4


[com5] Only forward confirmation: Only forward 0


[com5] Sample received confirmation: Sample received for button 4


[com5] Graph command received: graph


[com5] Outputs [raw]: b'0.000105 0.000052 0.901649 0.972209 \n'
[com5] Outputs: ['0.000105', '0.000052', '0.901649', '0.972209']
[com5] Predicted button: 4
[com5] Error: 0.203436

[com5] Sample sent in: 948.2919921875 milliseconds)
[com5] Sending sample montserrat.2i1jfp9i.ingestion-6fbcb45f68-v56rs.json (144/500): Button 1
[com5] Sending train command
[com5] Train start confirmation: ok


[com5] Button confirmation: Button 1


[com5] Only forward confirmation: Only forward 0


[com5] Sample received confirmation: Sample received for button 1


[com5] Graph command received: graph


[com5] Outputs [raw]: b'0.994272 0.000023 0.021921 0.105376 \n'
[com5] Outputs: ['0.994272', '0.000023', '0.021921', '0.105376']
[com5] Predicted button: 1
[com5] Error: 0.002904

[com5] Sample sent in: 970.70068359375 milliseconds)
[com5] Sending sample pedraforca.2jdjh2u0.ingestion-7979684cc8-tbwcn.json (145/500): Button 2
[com5] Sending train command
[com5] Train start confirmation: ok


[com5] Button confirmation: Button 2


[com5] Only forward confirmation: Only forward 0


[com5] Sample received confirmation: Sample received for button 2


[com5] Graph command received: graph


[com5] Outputs [raw]: b'0.000159 0.575500 0.230496 0.009316 \n'
[com5] Outputs: ['0.000159', '0.575500', '0.230496', '0.009316']
[com5] Predicted button: 2
[com5] Error: 0.058354

[com5] Sample sent in: 976.50634765625 milliseconds)
[com5] Sending sample vermell.2im7llpa.ingestion-65c5587588-lg5cg.json (146/500): Button 3
[com5] Sending train command
[com5] Train start confirmation: ok


[com5] Button confirmation: Button 3


[com5] Only forward confirmation: Only forward 0


[com5] Sample received confirmation: Sample received for button 3


[com5] Graph command received: graph


[com5] Outputs [raw]: b'0.000158 0.000052 0.996499 0.097289 \n'
[com5] Outputs: ['0.000158', '0.000052', '0.996499', '0.097289']
[com5] Predicted button: 3
[com5] Error: 0.002369

[com5] Sample sent in: 958.416015625 milliseconds)
[com5] Sending sample blau.2im8oapd.ingestion-65c5587588-dvjvm.json (147/500): Button 4
[com5] Sending train command
[com5] Train start confirmation: ok


[com5] Button confirmation: Button 4


[com5] Only forward confirmation: Only forward 0


[com5] Sample received confirmation: Sample received for button 4


[com5] Graph command received: graph


[com5] Outputs [raw]: b'0.000960 0.000010 0.483420 0.105774 \n'
[com5] Outputs: ['0.000960', '0.000010', '0.483420', '0.105774']
[com5] Predicted button: 3
[com5] Error: 0.258334

[com5] Sample sent in: 958.4462890625 milliseconds)
[com5] Sending sample montserrat.2i1jeuc5.ingestion-6fbcb45f68-gjdgd.json (148/500): Button 1
[com5] Sending train command
[com5] Train start confirmation: ok


[com5] Button confirmation: Button 1


[com5] Only forward confirmation: Only forward 0


[com5] Sample received confirmation: Sample received for button 1


[com5] Graph command received: graph


[com5] Outputs [raw]: b'0.997275 0.000059 0.005576 0.010429 \n'
[com5] Outputs: ['0.997275', '0.000059', '0.005576', '0.010429']
[com5] Predicted button: 1
[com5] Error: 0.000037

[com5] Sample sent in: 949.978271484375 milliseconds)
[com5] Sending sample pedraforca.2i1j9ri1.ingestion-6fbcb45f68-8grp6.json (149/500): Button 2
[com5] Sending train command
[com5] Train start confirmation: ok


[com5] Button confirmation: Button 2


[com5] Only forward confirmation: Only forward 0


[com5] Sample received confirmation: Sample received for button 2


[com5] Graph command received: graph


[com5] Outputs [raw]: b'0.022453 0.000018 0.520338 0.044015 \n'
[com5] Outputs: ['0.022453', '0.000018', '0.520338', '0.044015']
[com5] Predicted button: 3
[com5] Error: 0.318289

[com5] Sample sent in: 952.75244140625 milliseconds)
[com5] Sending sample vermell.2im7mftv.ingestion-65c5587588-dvjvm.json (150/500): Button 3
[com5] Sending train command
[com5] Train start confirmation: ok


[com5] Button confirmation: Button 3


[com5] Only forward confirmation: Only forward 0


[com5] Sample received confirmation: Sample received for button 3


[com5] Graph command received: graph


[com5] Outputs [raw]: b'0.039365 0.000006 0.667186 0.000056 \n'
[com5] Outputs: ['0.039365', '0.000006', '0.667186', '0.000056']
[com5] Predicted button: 3
[com5] Error: 0.028079

[com5] Sample sent in: 953.28173828125 milliseconds)
[com5] Sending sample blau.2im8oleo.ingestion-65c5587588-lg5cg.json (151/500): Button 4
[com5] Sending train command
[com5] Train start confirmation: ok


[com5] Button confirmation: Button 4


[com5] Only forward confirmation: Only forward 0


[com5] Sample received confirmation: Sample received for button 4


[com5] Graph command received: graph


[com5] Outputs [raw]: b'0.003379 0.000111 0.008600 0.990361 \n'
[com5] Outputs: ['0.003379', '0.000111', '0.008600', '0.990361']
[com5] Predicted button: 4
[com5] Error: 0.000045

[com5] Sample sent in: 953.007080078125 milliseconds)
[com5] Sending sample montserrat.2irfndpn.ingestion-7b48868958-6wxmq.json (152/500): Button 1
[com5] Sending train command
[com5] Train start confirmation: ok


[com5] Button confirmation: Button 1


[com5] Only forward confirmation: Only forward 0


[com5] Sample received confirmation: Sample received for button 1


[com5] Graph command received: graph


[com5] Outputs [raw]: b'0.633434 0.000017 0.000030 0.043593 \n'
[com5] Outputs: ['0.633434', '0.000017', '0.000030', '0.043593']
[com5] Predicted button: 1
[com5] Error: 0.034068

[com5] Sample sent in: 953.022216796875 milliseconds)
[com5] Sending sample pedraforca.2i1jlc13.ingestion-6fbcb45f68-gjdgd.json (153/500): Button 2
[com5] Sending train command
[com5] Train start confirmation: ok


[com5] Button confirmation: Button 2


[com5] Only forward confirmation: Only forward 0


[com5] Sample received confirmation: Sample received for button 2


[com5] Graph command received: graph


[com5] Outputs [raw]: b'0.006340 0.000161 0.000393 0.768690 \n'
[com5] Outputs: ['0.006340', '0.000161', '0.000393', '0.768690']
[com5] Predicted button: 4
[com5] Error: 0.397651

[com5] Sample sent in: 960.4072265625 milliseconds)
[com5] Sending sample vermell.2im7aill.ingestion-65c5587588-smqjm.json (154/500): Button 3
[com5] Sending train command
[com5] Train start confirmation: ok


[com5] Button confirmation: Button 3


[com5] Only forward confirmation: Only forward 0


[com5] Sample received confirmation: Sample received for button 3


[com5] Graph command received: graph


[com5] Outputs [raw]: b'0.000022 0.000023 0.980417 0.000022 \n'
[com5] Outputs: ['0.000022', '0.000023', '0.980417', '0.000022']
[com5] Predicted button: 3
[com5] Error: 0.000096

[com5] Sample sent in: 970.570556640625 milliseconds)
[com5] Sending sample blau.2im7jim1.ingestion-65c5587588-lg5cg.json (155/500): Button 4
[com5] Sending train command
[com5] Train start confirmation: ok


[com5] Button confirmation: Button 4


[com5] Only forward confirmation: Only forward 0


[com5] Sample received confirmation: Sample received for button 4


[com5] Graph command received: graph


[com5] Outputs [raw]: b'0.111947 0.000252 0.000533 0.481545 \n'
[com5] Outputs: ['0.111947', '0.000252', '0.000533', '0.481545']
[com5] Predicted button: 4
[com5] Error: 0.070332

[com5] Sample sent in: 968.14501953125 milliseconds)
[com5] Sending sample montserrat.2jdjb4go.ingestion-7979684cc8-9nv75.json (156/500): Button 1
[com5] Sending train command
[com5] Train start confirmation: ok


[com5] Button confirmation: Button 1


[com5] Only forward confirmation: Only forward 0


[com5] Sample received confirmation: Sample received for button 1


[com5] Graph command received: graph


[com5] Outputs [raw]: b'0.982333 0.000826 0.000125 0.003547 \n'
[com5] Outputs: ['0.982333', '0.000826', '0.000125', '0.003547']
[com5] Predicted button: 1
[com5] Error: 0.000081

[com5] Sample sent in: 960.038818359375 milliseconds)
[com5] Sending sample pedraforca.2jdjham3.ingestion-7979684cc8-5gkxz.json (157/500): Button 2
[com5] Sending train command
[com5] Train start confirmation: ok


[com5] Button confirmation: Button 2


[com5] Only forward confirmation: Only forward 0


[com5] Sample received confirmation: Sample received for button 2


[com5] Graph command received: graph


[com5] Outputs [raw]: b'0.069694 0.000132 0.000079 0.069353 \n'
[com5] Outputs: ['0.069694', '0.000132', '0.000079', '0.069353']
[com5] Predicted button: 1
[com5] Error: 0.252351

[com5] Sample sent in: 965.080322265625 milliseconds)
[com5] Sending sample vermell.2im6v96j.ingestion-65c5587588-smqjm.json (158/500): Button 3
[com5] Sending train command
[com5] Train start confirmation: ok


[com5] Button confirmation: Button 3


[com5] Only forward confirmation: Only forward 0


[com5] Sample received confirmation: Sample received for button 3


[com5] Graph command received: graph


[com5] Outputs [raw]: b'0.000008 0.009006 0.977320 0.000002 \n'
[com5] Outputs: ['0.000008', '0.009006', '0.977320', '0.000002']
[com5] Predicted button: 3
[com5] Error: 0.000149

[com5] Sample sent in: 954.65625 milliseconds)
[com5] Sending sample blau.2im7ertb.ingestion-65c5587588-smqjm.json (159/500): Button 4
[com5] Sending train command
[com5] Train start confirmation: ok


[com5] Button confirmation: Button 4


[com5] Only forward confirmation: Only forward 0


[com5] Sample received confirmation: Sample received for button 4


[com5] Graph command received: graph


[com5] Outputs [raw]: b'0.021535 0.001348 0.000990 0.058323 \n'
[com5] Outputs: ['0.021535', '0.001348', '0.000990', '0.058323']
[com5] Predicted button: 4
[com5] Error: 0.221806

[com5] Sample sent in: 956.9033203125 milliseconds)
[com5] Sending sample montserrat.2jb6v3lh.ingestion-8499f64fc9-mr8hw.json (160/500): Button 1
[com5] Sending train command
[com5] Train start confirmation: ok


[com5] Button confirmation: Button 1


[com5] Only forward confirmation: Only forward 0


[com5] Sample received confirmation: Sample received for button 1


[com5] Graph command received: graph


[com5] Outputs [raw]: b'0.997119 0.000101 0.000031 0.000471 \n'
[com5] Outputs: ['0.997119', '0.000101', '0.000031', '0.000471']
[com5] Predicted button: 1
[com5] Error: 0.000002

[com5] Sample sent in: 973.223388671875 milliseconds)
[com5] Sending sample pedraforca.2jdjlakv.ingestion-7979684cc8-9nv75.json (161/500): Button 2
[com5] Sending train command
[com5] Train start confirmation: ok


[com5] Button confirmation: Button 2


[com5] Only forward confirmation: Only forward 0


[com5] Sample received confirmation: Sample received for button 2


[com5] Graph command received: graph


[com5] Outputs [raw]: b'0.000072 0.993248 0.025650 0.000050 \n'
[com5] Outputs: ['0.000072', '0.993248', '0.025650', '0.000050']
[com5] Predicted button: 2
[com5] Error: 0.000176

[com5] Sample sent in: 966.833251953125 milliseconds)
[com5] Sending sample vermell.2im7gnrt.ingestion-65c5587588-smqjm.json (162/500): Button 3
[com5] Sending train command
[com5] Train start confirmation: ok


[com5] Button confirmation: Button 3


[com5] Only forward confirmation: Only forward 0


[com5] Sample received confirmation: Sample received for button 3


[com5] Graph command received: graph


[com5] Outputs [raw]: b'0.002233 0.000197 0.021399 0.208919 \n'
[com5] Outputs: ['0.002233', '0.000197', '0.021399', '0.208919']
[com5] Predicted button: 4
[com5] Error: 0.250328

[com5] Sample sent in: 956.509765625 milliseconds)
[com5] Sending sample blau.2im8pepv.ingestion-65c5587588-lg5cg.json (163/500): Button 4
[com5] Sending train command
[com5] Train start confirmation: ok


[com5] Button confirmation: Button 4


[com5] Only forward confirmation: Only forward 0


[com5] Sample received confirmation: Sample received for button 4


[com5] Graph command received: graph


[com5] Outputs [raw]: b'0.000139 0.003336 0.000985 0.384810 \n'
[com5] Outputs: ['0.000139', '0.003336', '0.000985', '0.384810']
[com5] Predicted button: 4
[com5] Error: 0.094618

[com5] Sample sent in: 952.397705078125 milliseconds)
[com5] Sending sample montserrat.2jdj9b1l.ingestion-7979684cc8-9nv75.json (164/500): Button 1
[com5] Sending train command
[com5] Train start confirmation: ok


[com5] Button confirmation: Button 1


[com5] Only forward confirmation: Only forward 0


[com5] Sample received confirmation: Sample received for button 1


[com5] Graph command received: graph


[com5] Outputs [raw]: b'0.989374 0.000119 0.000148 0.119316 \n'
[com5] Outputs: ['0.989374', '0.000119', '0.000148', '0.119316']
[com5] Predicted button: 1
[com5] Error: 0.003587

[com5] Sample sent in: 964.080322265625 milliseconds)
[com5] Sending sample pedraforca.2jdjijpc.ingestion-7979684cc8-9nv75.json (165/500): Button 2
[com5] Sending train command
[com5] Train start confirmation: ok


[com5] Button confirmation: Button 2


[com5] Only forward confirmation: Only forward 0


[com5] Sample received confirmation: Sample received for button 2


[com5] Graph command received: graph


[com5] Outputs [raw]: b'0.003222 0.029551 0.000067 0.011490 \n'
[com5] Outputs: ['0.003222', '0.029551', '0.000067', '0.011490']
[com5] Predicted button: 2
[com5] Error: 0.235478

[com5] Sample sent in: 978.181884765625 milliseconds)
[com5] Sending sample vermell.2im7agm9.ingestion-65c5587588-dvjvm.json (166/500): Button 3
[com5] Sending train command
[com5] Train start confirmation: ok


[com5] Button confirmation: Button 3


[com5] Only forward confirmation: Only forward 0


[com5] Sample received confirmation: Sample received for button 3


[com5] Graph command received: graph


[com5] Outputs [raw]: b'0.000420 0.000128 0.028832 0.034170 \n'
[com5] Outputs: ['0.000420', '0.000128', '0.028832', '0.034170']
[com5] Predicted button: 4
[com5] Error: 0.236084

[com5] Sample sent in: 979.84033203125 milliseconds)
[com5] Sending sample blau.2im6te4b.ingestion-65c5587588-smqjm.json (167/500): Button 4
[com5] Sending train command
[com5] Train start confirmation: ok


[com5] Button confirmation: Button 4


[com5] Only forward confirmation: Only forward 0


[com5] Sample received confirmation: Sample received for button 4


[com5] Graph command received: graph


[com5] Outputs [raw]: b'0.002130 0.000184 0.000143 0.493342 \n'
[com5] Outputs: ['0.002130', '0.000184', '0.000143', '0.493342']
[com5] Predicted button: 4
[com5] Error: 0.064177

[com5] Sample sent in: 984.325927734375 milliseconds)
[com5] Sending sample montserrat.2jdj383s.ingestion-bcfbf9bfd-96mhc.json (168/500): Button 1
[com5] Sending train command
[com5] Train start confirmation: ok


[com5] Button confirmation: Button 1


[com5] Only forward confirmation: Only forward 0


[com5] Sample received confirmation: Sample received for button 1


[com5] Graph command received: graph


[com5] Outputs [raw]: b'0.996627 0.000343 0.000555 0.027294 \n'
[com5] Outputs: ['0.996627', '0.000343', '0.000555', '0.027294']
[com5] Predicted button: 1
[com5] Error: 0.000189

[com5] Sample sent in: 974.70361328125 milliseconds)
[com5] Sending sample pedraforca.2hnaudih.ingestion-55946b7658-t54wj.json (169/500): Button 2
[com5] Sending train command
[com5] Train start confirmation: ok


[com5] Button confirmation: Button 2


[com5] Only forward confirmation: Only forward 0


[com5] Sample received confirmation: Sample received for button 2


[com5] Graph command received: graph


[com5] Outputs [raw]: b'0.000067 0.999370 0.001914 0.000391 \n'
[com5] Outputs: ['0.000067', '0.999370', '0.001914', '0.000391']
[com5] Predicted button: 2
[com5] Error: 0.000001

[com5] Sample sent in: 982.229248046875 milliseconds)
[com5] Sending sample vermell.2im7gm5l.ingestion-65c5587588-dvjvm.json (170/500): Button 3
[com5] Sending train command
[com5] Train start confirmation: ok


[com5] Button confirmation: Button 3


[com5] Only forward confirmation: Only forward 0


[com5] Sample received confirmation: Sample received for button 3


[com5] Graph command received: graph


[com5] Outputs [raw]: b'0.001073 0.000562 0.002940 0.673322 \n'
[com5] Outputs: ['0.001073', '0.000562', '0.002940', '0.673322']
[com5] Predicted button: 4
[com5] Error: 0.361873

[com5] Sample sent in: 978.619873046875 milliseconds)
[com5] Sending sample blau.2im7kjdt.ingestion-65c5587588-dvjvm.json (171/500): Button 4
[com5] Sending train command
[com5] Train start confirmation: ok


[com5] Button confirmation: Button 4


[com5] Only forward confirmation: Only forward 0


[com5] Sample received confirmation: Sample received for button 4


[com5] Graph command received: graph


[com5] Outputs [raw]: b'0.122192 0.003455 0.000695 0.552199 \n'
[com5] Outputs: ['0.122192', '0.003455', '0.000695', '0.552199']
[com5] Predicted button: 4
[com5] Error: 0.053867

[com5] Sample sent in: 964.60546875 milliseconds)
[com5] Sending sample montserrat.2i1jebcl.ingestion-6fbcb45f68-gjdgd.json (172/500): Button 1
[com5] Sending train command
[com5] Train start confirmation: ok


[com5] Button confirmation: Button 1


[com5] Only forward confirmation: Only forward 0


[com5] Sample received confirmation: Sample received for button 1


[com5] Graph command received: graph


[com5] Outputs [raw]: b'0.997391 0.000050 0.000061 0.606703 \n'
[com5] Outputs: ['0.997391', '0.000050', '0.000061', '0.606703']
[com5] Predicted button: 1
[com5] Error: 0.092024

[com5] Sample sent in: 988.24267578125 milliseconds)
[com5] Sending sample pedraforca.2hna0aun.ingestion-55946b7658-stxnc.json (173/500): Button 2
[com5] Sending train command
[com5] Train start confirmation: ok


[com5] Button confirmation: Button 2


[com5] Only forward confirmation: Only forward 0


[com5] Sample received confirmation: Sample received for button 2


[com5] Graph command received: graph


[com5] Outputs [raw]: b'0.248925 0.040226 0.000044 0.391980 \n'
[com5] Outputs: ['0.248925', '0.040226', '0.000044', '0.391980']
[com5] Predicted button: 4
[com5] Error: 0.284195

[com5] Sample sent in: 992.014404296875 milliseconds)
[com5] Sending sample vermell.2im7h9oj.ingestion-65c5587588-lg5cg.json (174/500): Button 3
[com5] Sending train command
[com5] Train start confirmation: ok


[com5] Button confirmation: Button 3


[com5] Only forward confirmation: Only forward 0


[com5] Sample received confirmation: Sample received for button 3


[com5] Graph command received: graph


[com5] Outputs [raw]: b'0.000044 0.029141 0.034928 0.005253 \n'
[com5] Outputs: ['0.000044', '0.029141', '0.034928', '0.005253']
[com5] Predicted button: 3
[com5] Error: 0.233060

[com5] Sample sent in: 993.28271484375 milliseconds)
[com5] Sending sample blau.2im8pni8.ingestion-65c5587588-dvjvm.json (175/500): Button 4
[com5] Sending train command
[com5] Train start confirmation: ok


[com5] Button confirmation: Button 4


[com5] Only forward confirmation: Only forward 0


[com5] Sample received confirmation: Sample received for button 4


[com5] Graph command received: graph


[com5] Outputs [raw]: b'0.028835 0.003030 0.042845 0.000207 \n'
[com5] Outputs: ['0.028835', '0.003030', '0.042845', '0.000207']
[com5] Predicted button: 3
[com5] Error: 0.250566

[com5] Sample sent in: 975.5224609375 milliseconds)
[com5] Sending sample montserrat.2jdj4lpo.ingestion-bcfbf9bfd-96mhc.json (176/500): Button 1
[com5] Sending train command
[com5] Train start confirmation: ok


[com5] Button confirmation: Button 1


[com5] Only forward confirmation: Only forward 0


[com5] Sample received confirmation: Sample received for button 1


[com5] Graph command received: graph


[com5] Outputs [raw]: b'0.981478 0.000357 0.000290 0.226246 \n'
[com5] Outputs: ['0.981478', '0.000357', '0.000290', '0.226246']
[com5] Predicted button: 1
[com5] Error: 0.012883

[com5] Sample sent in: 990.3583984375 milliseconds)
[com5] Sending sample pedraforca.2i19d3ki.ingestion-6fbcb45f68-8grp6.json (177/500): Button 2
[com5] Sending train command
[com5] Train start confirmation: ok


[com5] Button confirmation: Button 2


[com5] Only forward confirmation: Only forward 0


[com5] Sample received confirmation: Sample received for button 2


[com5] Graph command received: graph


[com5] Outputs [raw]: b'0.002076 0.998104 0.002265 0.000408 \n'
[com5] Outputs: ['0.002076', '0.998104', '0.002265', '0.000408']
[com5] Predicted button: 2
[com5] Error: 0.000003

[com5] Sample sent in: 987.67138671875 milliseconds)
[com5] Sending sample vermell.2im7gpo1.ingestion-65c5587588-lg5cg.json (178/500): Button 3
[com5] Sending train command
[com5] Train start confirmation: ok


[com5] Button confirmation: Button 3


[com5] Only forward confirmation: Only forward 0


[com5] Sample received confirmation: Sample received for button 3


[com5] Graph command received: graph


[com5] Outputs [raw]: b'0.000403 0.001415 0.009304 0.055184 \n'
[com5] Outputs: ['0.000403', '0.001415', '0.009304', '0.055184']
[com5] Predicted button: 4
[com5] Error: 0.246132

[com5] Sample sent in: 990.56005859375 milliseconds)
[com5] Sending sample blau.2im7klg3.ingestion-65c5587588-lg5cg.json (179/500): Button 4
[com5] Sending train command
[com5] Train start confirmation: ok


[com5] Button confirmation: Button 4


[com5] Only forward confirmation: Only forward 0


[com5] Sample received confirmation: Sample received for button 4


[com5] Graph command received: graph


[com5] Outputs [raw]: b'0.009265 0.000310 0.000783 0.791912 \n'
[com5] Outputs: ['0.009265', '0.000310', '0.000783', '0.791912']
[com5] Predicted button: 4
[com5] Error: 0.010847

[com5] Sample sent in: 995.34033203125 milliseconds)
[com5] Sending sample montserrat.2jdj3amk.ingestion-bcfbf9bfd-d2549.json (180/500): Button 1
[com5] Sending train command
[com5] Train start confirmation: ok


[com5] Button confirmation: Button 1


[com5] Only forward confirmation: Only forward 0


[com5] Sample received confirmation: Sample received for button 1


[com5] Graph command received: graph


[com5] Outputs [raw]: b'0.928974 0.000054 0.002970 0.016580 \n'
[com5] Outputs: ['0.928974', '0.000054', '0.002970', '0.016580']
[com5] Predicted button: 1
[com5] Error: 0.001332

[com5] Sample sent in: 994.8525390625 milliseconds)
[com5] Sending sample pedraforca.2jdjjkfj.ingestion-7979684cc8-tbwcn.json (181/500): Button 2
[com5] Sending train command
[com5] Train start confirmation: ok


[com5] Button confirmation: Button 2


[com5] Only forward confirmation: Only forward 0


[com5] Sample received confirmation: Sample received for button 2


[com5] Graph command received: graph


[com5] Outputs [raw]: b'0.002151 0.192711 0.002855 0.000250 \n'
[com5] Outputs: ['0.002151', '0.192711', '0.002855', '0.000250']
[com5] Predicted button: 2
[com5] Error: 0.162932

[com5] Sample sent in: 993.98291015625 milliseconds)
[com5] Sending sample vermell.2im7m8dn.ingestion-65c5587588-smqjm.json (182/500): Button 3
[com5] Sending train command
[com5] Train start confirmation: ok


[com5] Button confirmation: Button 3


[com5] Only forward confirmation: Only forward 0


[com5] Sample received confirmation: Sample received for button 3


[com5] Graph command received: graph


[com5] Outputs [raw]: b'0.000058 0.192029 0.030085 0.001300 \n'
[com5] Outputs: ['0.000058', '0.192029', '0.030085', '0.001300']
[com5] Predicted button: 2
[com5] Error: 0.244403

[com5] Sample sent in: 996.360107421875 milliseconds)
[com5] Sending sample blau.2im8p3kh.ingestion-65c5587588-dvjvm.json (183/500): Button 4
[com5] Sending train command
[com5] Train start confirmation: ok


[com5] Button confirmation: Button 4


[com5] Only forward confirmation: Only forward 0


[com5] Sample received confirmation: Sample received for button 4


[com5] Graph command received: graph


[com5] Outputs [raw]: b'0.003868 0.001411 0.003305 0.367495 \n'
[com5] Outputs: ['0.003868', '0.001411', '0.003305', '0.367495']
[com5] Predicted button: 4
[com5] Error: 0.100023

[com5] Sample sent in: 993.87841796875 milliseconds)
[com5] Sending sample montserrat.2jdj4pb4.ingestion-bcfbf9bfd-pdtnn.json (184/500): Button 1
[com5] Sending train command
[com5] Train start confirmation: ok


[com5] Button confirmation: Button 1


[com5] Only forward confirmation: Only forward 0


[com5] Sample received confirmation: Sample received for button 1


[com5] Graph command received: graph


[com5] Outputs [raw]: b'0.838137 0.000124 0.003422 0.036195 \n'
[com5] Outputs: ['0.838137', '0.000124', '0.003422', '0.036195']
[com5] Predicted button: 1
[com5] Error: 0.006880

[com5] Sample sent in: 994.061279296875 milliseconds)
[com5] Sending sample pedraforca.2jdjgrjk.ingestion-7979684cc8-5gkxz.json (185/500): Button 2
[com5] Sending train command
[com5] Train start confirmation: ok


[com5] Button confirmation: Button 2


[com5] Only forward confirmation: Only forward 0


[com5] Sample received confirmation: Sample received for button 2


[com5] Graph command received: graph


[com5] Outputs [raw]: b'0.001332 0.681534 0.001058 0.036904 \n'
[com5] Outputs: ['0.001332', '0.681534', '0.001058', '0.036904']
[com5] Predicted button: 2
[com5] Error: 0.025696

[com5] Sample sent in: 992.457763671875 milliseconds)
[com5] Sending sample vermell.2im76v97.ingestion-65c5587588-smqjm.json (186/500): Button 3
[com5] Sending train command
[com5] Train start confirmation: ok


[com5] Button confirmation: Button 3


[com5] Only forward confirmation: Only forward 0


[com5] Sample received confirmation: Sample received for button 3


[com5] Graph command received: graph


[com5] Outputs [raw]: b'0.000009 0.054711 0.696380 0.010242 \n'
[com5] Outputs: ['0.000009', '0.054711', '0.696380', '0.010242']
[com5] Predicted button: 3
[com5] Error: 0.023821

[com5] Sample sent in: 993.767333984375 milliseconds)
[com5] Sending sample blau.2im6solj.ingestion-65c5587588-smqjm.json (187/500): Button 4
[com5] Sending train command
[com5] Train start confirmation: ok


[com5] Button confirmation: Button 4


[com5] Only forward confirmation: Only forward 0


[com5] Sample received confirmation: Sample received for button 4


[com5] Graph command received: graph


[com5] Outputs [raw]: b'0.009391 0.005923 0.003111 0.932278 \n'
[com5] Outputs: ['0.009391', '0.005923', '0.003111', '0.932278']
[com5] Predicted button: 4
[com5] Error: 0.001180

[com5] Sample sent in: 995.025146484375 milliseconds)
[com5] Sending sample montserrat.2i1jdgn9.ingestion-6fbcb45f68-gjdgd.json (188/500): Button 1
[com5] Sending train command
[com5] Train start confirmation: ok


[com5] Button confirmation: Button 1


[com5] Only forward confirmation: Only forward 0


[com5] Sample received confirmation: Sample received for button 1


[com5] Graph command received: graph


[com5] Outputs [raw]: b'0.972527 0.000702 0.017215 0.013455 \n'
[com5] Outputs: ['0.972527', '0.000702', '0.017215', '0.013455']
[com5] Predicted button: 1
[com5] Error: 0.000308

[com5] Sample sent in: 995.05908203125 milliseconds)
[com5] Sending sample pedraforca.2hnaujuc.ingestion-55946b7658-stxnc.json (189/500): Button 2
[com5] Sending train command
[com5] Train start confirmation: ok


[com5] Button confirmation: Button 2


[com5] Only forward confirmation: Only forward 0


[com5] Sample received confirmation: Sample received for button 2


[com5] Graph command received: graph


[com5] Outputs [raw]: b'0.011697 0.880239 0.003819 0.043474 \n'
[com5] Outputs: ['0.011697', '0.880239', '0.003819', '0.043474']
[com5] Predicted button: 2
[com5] Error: 0.004096

[com5] Sample sent in: 987.919189453125 milliseconds)
[com5] Sending sample vermell.2im7m4o1.ingestion-65c5587588-smqjm.json (190/500): Button 3
[com5] Sending train command
[com5] Train start confirmation: ok


[com5] Button confirmation: Button 3


[com5] Only forward confirmation: Only forward 0


[com5] Sample received confirmation: Sample received for button 3


[com5] Graph command received: graph


[com5] Outputs [raw]: b'0.000046 0.040251 0.953344 0.156113 \n'
[com5] Outputs: ['0.000046', '0.040251', '0.953344', '0.156113']
[com5] Predicted button: 3
[com5] Error: 0.007042

[com5] Sample sent in: 992.325439453125 milliseconds)
[com5] Sending sample blau.2im8p79o.ingestion-65c5587588-lg5cg.json (191/500): Button 4
[com5] Sending train command
[com5] Train start confirmation: ok


[com5] Button confirmation: Button 4


[com5] Only forward confirmation: Only forward 0


[com5] Sample received confirmation: Sample received for button 4


[com5] Graph command received: graph


[com5] Outputs [raw]: b'0.000128 0.003708 0.030602 0.999835 \n'
[com5] Outputs: ['0.000128', '0.003708', '0.030602', '0.999835']
[com5] Predicted button: 4
[com5] Error: 0.000238

[com5] Sample sent in: 987.87646484375 milliseconds)
[com5] Sending sample montserrat.2jditdsm.ingestion-bcfbf9bfd-96mhc.json (192/500): Button 1
[com5] Sending train command
[com5] Train start confirmation: ok


[com5] Button confirmation: Button 1


[com5] Only forward confirmation: Only forward 0


[com5] Sample received confirmation: Sample received for button 1


[com5] Graph command received: graph


[com5] Outputs [raw]: b'0.118240 0.980332 0.006164 0.000160 \n'
[com5] Outputs: ['0.118240', '0.980332', '0.006164', '0.000160']
[com5] Predicted button: 2
[com5] Error: 0.434647

[com5] Sample sent in: 997.516357421875 milliseconds)
[com5] Sending sample pedraforca.2i19cc88.ingestion-6fbcb45f68-8grp6.json (193/500): Button 2
[com5] Sending train command
[com5] Train start confirmation: ok


[com5] Button confirmation: Button 2


[com5] Only forward confirmation: Only forward 0


[com5] Sample received confirmation: Sample received for button 2


[com5] Graph command received: graph


[com5] Outputs [raw]: b'0.000501 0.999997 0.000115 0.025987 \n'
[com5] Outputs: ['0.000501', '0.999997', '0.000115', '0.025987']
[com5] Predicted button: 2
[com5] Error: 0.000169

[com5] Sample sent in: 997.105712890625 milliseconds)
[com5] Sending sample vermell.2im7gths.ingestion-65c5587588-lg5cg.json (194/500): Button 3
[com5] Sending train command
[com5] Train start confirmation: ok


[com5] Button confirmation: Button 3


[com5] Only forward confirmation: Only forward 0


[com5] Sample received confirmation: Sample received for button 3


[com5] Graph command received: graph


[com5] Outputs [raw]: b'0.000066 0.570100 0.953784 0.171409 \n'
[com5] Outputs: ['0.000066', '0.570100', '0.953784', '0.171409']
[com5] Predicted button: 3
[com5] Error: 0.089133

[com5] Sample sent in: 996.186767578125 milliseconds)
[com5] Sending sample blau.2im7evsf.ingestion-65c5587588-dvjvm.json (195/500): Button 4
[com5] Sending train command
[com5] Train start confirmation: ok


[com5] Button confirmation: Button 4


[com5] Only forward confirmation: Only forward 0


[com5] Sample received confirmation: Sample received for button 4


[com5] Graph command received: graph


[com5] Outputs [raw]: b'0.000604 0.081530 0.000624 0.999829 \n'
[com5] Outputs: ['0.000604', '0.081530', '0.000624', '0.999829']
[com5] Predicted button: 4
[com5] Error: 0.001662

[com5] Sample sent in: 993.932861328125 milliseconds)
[com5] Sending sample montserrat.2jdj35fj.ingestion-bcfbf9bfd-d2549.json (196/500): Button 1
[com5] Sending train command
[com5] Train start confirmation: ok


[com5] Button confirmation: Button 1


[com5] Only forward confirmation: Only forward 0


[com5] Sample received confirmation: Sample received for button 1


[com5] Graph command received: graph


[com5] Outputs [raw]: b'0.449768 0.832948 0.025284 0.000262 \n'
[com5] Outputs: ['0.449768', '0.832948', '0.025284', '0.000262']
[com5] Predicted button: 2
[com5] Error: 0.249299

[com5] Sample sent in: 994.578369140625 milliseconds)
[com5] Sending sample pedraforca.2jdjhk5u.ingestion-7979684cc8-9nv75.json (197/500): Button 2
[com5] Sending train command
[com5] Train start confirmation: ok


[com5] Button confirmation: Button 2


[com5] Only forward confirmation: Only forward 0


[com5] Sample received confirmation: Sample received for button 2


[com5] Graph command received: graph


[com5] Outputs [raw]: b'0.001607 0.999701 0.058156 0.101351 \n'
[com5] Outputs: ['0.001607', '0.999701', '0.058156', '0.101351']
[com5] Predicted button: 2
[com5] Error: 0.003414

[com5] Sample sent in: 1000.448974609375 milliseconds)
[com5] Sending sample vermell.2im7lv05.ingestion-65c5587588-dvjvm.json (198/500): Button 3
[com5] Sending train command
[com5] Train start confirmation: ok


[com5] Button confirmation: Button 3


[com5] Only forward confirmation: Only forward 0


[com5] Sample received confirmation: Sample received for button 3


[com5] Graph command received: graph


[com5] Outputs [raw]: b'0.180908 0.001925 0.120847 0.512320 \n'
[com5] Outputs: ['0.180908', '0.001925', '0.120847', '0.512320']
[com5] Predicted button: 4
[com5] Error: 0.267028

[com5] Sample sent in: 991.226318359375 milliseconds)
[com5] Sending sample blau.2im8o5cv.ingestion-65c5587588-lg5cg.json (199/500): Button 4
[com5] Sending train command
[com5] Train start confirmation: ok


[com5] Button confirmation: Button 4


[com5] Only forward confirmation: Only forward 0


[com5] Sample received confirmation: Sample received for button 4


[com5] Graph command received: graph


[com5] Outputs [raw]: b'0.672607 0.052855 0.997255 0.000001 \n'
[com5] Outputs: ['0.672607', '0.052855', '0.997255', '0.000001']
[com5] Predicted button: 3
[com5] Error: 0.612427

[com5] Sample sent in: 996.57958984375 milliseconds)
[com5] Sending sample montserrat.2i19pdh2.ingestion-6fbcb45f68-gjdgd.json (200/500): Button 1
[com5] Sending train command
[com5] Train start confirmation: ok


[com5] Button confirmation: Button 1


[com5] Only forward confirmation: Only forward 0


[com5] Sample received confirmation: Sample received for button 1


[com5] Graph command received: graph


[com5] Outputs [raw]: b'0.999496 0.000145 0.091905 0.001727 \n'
[com5] Outputs: ['0.999496', '0.000145', '0.091905', '0.001727']
[com5] Predicted button: 1
[com5] Error: 0.002112

[com5] Sample sent in: 995.589599609375 milliseconds)
[com5] Sending sample pedraforca.2jdjhcrq.ingestion-7979684cc8-tbwcn.json (201/500): Button 2
[com5] Sending train command
[com5] Train start confirmation: ok


[com5] Button confirmation: Button 2


[com5] Only forward confirmation: Only forward 0


[com5] Sample received confirmation: Sample received for button 2


[com5] Graph command received: graph


[com5] Outputs [raw]: b'0.048131 0.525951 0.126539 0.071045 \n'
[com5] Outputs: ['0.048131', '0.525951', '0.126539', '0.071045']
[com5] Predicted button: 2
[com5] Error: 0.062025

[com5] Sample sent in: 997.97705078125 milliseconds)
[com5] Sending sample vermell.2im77dc1.ingestion-65c5587588-lg5cg.json (202/500): Button 3
[com5] Sending train command
[com5] Train start confirmation: ok


[com5] Button confirmation: Button 3


[com5] Only forward confirmation: Only forward 0


[com5] Sample received confirmation: Sample received for button 3


[com5] Graph command received: graph


[com5] Outputs [raw]: b'0.000535 0.000238 0.998100 0.092959 \n'
[com5] Outputs: ['0.000535', '0.000238', '0.998100', '0.092959']
[com5] Predicted button: 3
[com5] Error: 0.002161

[com5] Sample sent in: 997.90380859375 milliseconds)
[com5] Sending sample blau.2im6vvl2.ingestion-65c5587588-smqjm.json (203/500): Button 4
[com5] Sending train command
[com5] Train start confirmation: ok


[com5] Button confirmation: Button 4


[com5] Only forward confirmation: Only forward 0


[com5] Sample received confirmation: Sample received for button 4


[com5] Graph command received: graph


[com5] Outputs [raw]: b'0.025809 0.000316 0.082221 0.899764 \n'
[com5] Outputs: ['0.025809', '0.000316', '0.082221', '0.899764']
[com5] Predicted button: 4
[com5] Error: 0.004368

[com5] Sample sent in: 994.2138671875 milliseconds)
[com5] Sending sample montserrat.2i1jhndj.ingestion-6fbcb45f68-8grp6.json (204/500): Button 1
[com5] Sending train command
[com5] Train start confirmation: ok


[com5] Button confirmation: Button 1


[com5] Only forward confirmation: Only forward 0


[com5] Sample received confirmation: Sample received for button 1


[com5] Graph command received: graph


[com5] Outputs [raw]: b'0.583939 0.092386 0.339297 0.000033 \n'
[com5] Outputs: ['0.583939', '0.092386', '0.339297', '0.000033']
[com5] Predicted button: 1
[com5] Error: 0.074191

[com5] Sample sent in: 994.82177734375 milliseconds)
[com5] Sending sample pedraforca.2hna0ga8.ingestion-55946b7658-stxnc.json (205/500): Button 2
[com5] Sending train command
[com5] Train start confirmation: ok


[com5] Button confirmation: Button 2


[com5] Only forward confirmation: Only forward 0


[com5] Sample received confirmation: Sample received for button 2


[com5] Graph command received: graph


[com5] Outputs [raw]: b'0.071629 0.999484 0.047811 0.001394 \n'
[com5] Outputs: ['0.071629', '0.999484', '0.047811', '0.001394']
[com5] Predicted button: 2
[com5] Error: 0.001855

[com5] Sample sent in: 993.261474609375 milliseconds)
[com5] Sending sample vermell.2im7g01i.ingestion-65c5587588-dvjvm.json (206/500): Button 3
[com5] Sending train command
[com5] Train start confirmation: ok


[com5] Button confirmation: Button 3


[com5] Only forward confirmation: Only forward 0


[com5] Sample received confirmation: Sample received for button 3


[com5] Graph command received: graph


[com5] Outputs [raw]: b'0.005632 0.000018 0.997818 0.000773 \n'
[com5] Outputs: ['0.005632', '0.000018', '0.997818', '0.000773']
[com5] Predicted button: 3
[com5] Error: 0.000009

[com5] Sample sent in: 993.254638671875 milliseconds)
[com5] Sending sample blau.2im7dabu.ingestion-65c5587588-dvjvm.json (207/500): Button 4
[com5] Sending train command
[com5] Train start confirmation: ok


[com5] Button confirmation: Button 4


[com5] Only forward confirmation: Only forward 0


[com5] Sample received confirmation: Sample received for button 4


[com5] Graph command received: graph


[com5] Outputs [raw]: b'0.008812 0.001552 0.329775 0.309326 \n'
[com5] Outputs: ['0.008812', '0.001552', '0.329775', '0.309326']
[com5] Predicted button: 3
[com5] Error: 0.146466

[com5] Sample sent in: 993.422607421875 milliseconds)
[com5] Sending sample montserrat.2i1jdim6.ingestion-6fbcb45f68-v56rs.json (208/500): Button 1
[com5] Sending train command
[com5] Train start confirmation: ok


[com5] Button confirmation: Button 1


[com5] Only forward confirmation: Only forward 0


[com5] Sample received confirmation: Sample received for button 1


[com5] Graph command received: graph


[com5] Outputs [raw]: b'0.998778 0.001515 0.489863 0.000001 \n'
[com5] Outputs: ['0.998778', '0.001515', '0.489863', '0.000001']
[com5] Predicted button: 1
[com5] Error: 0.059992

[com5] Sample sent in: 998.8759765625 milliseconds)
[com5] Sending sample pedraforca.2hnaubam.ingestion-55946b7658-stxnc.json (209/500): Button 2
[com5] Sending train command
[com5] Train start confirmation: ok


[com5] Button confirmation: Button 2


[com5] Only forward confirmation: Only forward 0


[com5] Sample received confirmation: Sample received for button 2


[com5] Graph command received: graph


[com5] Outputs [raw]: b'0.916282 0.024585 0.040610 0.015995 \n'
[com5] Outputs: ['0.916282', '0.024585', '0.040610', '0.015995']
[com5] Predicted button: 1
[com5] Error: 0.448228

[com5] Sample sent in: 992.56689453125 milliseconds)
[com5] Sending sample vermell.2im7gbji.ingestion-65c5587588-lg5cg.json (210/500): Button 3
[com5] Sending train command
[com5] Train start confirmation: ok


[com5] Button confirmation: Button 3


[com5] Only forward confirmation: Only forward 0


[com5] Sample received confirmation: Sample received for button 3


[com5] Graph command received: graph


[com5] Outputs [raw]: b'0.054577 0.000074 0.892062 0.000121 \n'
[com5] Outputs: ['0.054577', '0.000074', '0.892062', '0.000121']
[com5] Predicted button: 3
[com5] Error: 0.003657

[com5] Sample sent in: 996.100341796875 milliseconds)
[com5] Sending sample blau.2im7f1pp.ingestion-65c5587588-lg5cg.json (211/500): Button 4
[com5] Sending train command
[com5] Train start confirmation: ok


[com5] Button confirmation: Button 4


[com5] Only forward confirmation: Only forward 0


[com5] Sample received confirmation: Sample received for button 4


[com5] Graph command received: graph


[com5] Outputs [raw]: b'0.007800 0.003692 0.182002 0.934497 \n'
[com5] Outputs: ['0.007800', '0.003692', '0.182002', '0.934497']
[com5] Predicted button: 4
[com5] Error: 0.009372

[com5] Sample sent in: 998.484130859375 milliseconds)
[com5] Sending sample montserrat.2jdj6ih6.ingestion-bcfbf9bfd-pdtnn.json (212/500): Button 1
[com5] Sending train command
[com5] Train start confirmation: ok


[com5] Button confirmation: Button 1


[com5] Only forward confirmation: Only forward 0


[com5] Sample received confirmation: Sample received for button 1


[com5] Graph command received: graph


[com5] Outputs [raw]: b'0.998332 0.002084 0.003037 0.000005 \n'
[com5] Outputs: ['0.998332', '0.002084', '0.003037', '0.000005']
[com5] Predicted button: 1
[com5] Error: 0.000004

[com5] Sample sent in: 994.79833984375 milliseconds)
[com5] Sending sample pedraforca.2jdjkem4.ingestion-7979684cc8-9nv75.json (213/500): Button 2
[com5] Sending train command
[com5] Train start confirmation: ok


[com5] Button confirmation: Button 2


[com5] Only forward confirmation: Only forward 0


[com5] Sample received confirmation: Sample received for button 2


[com5] Graph command received: graph


[com5] Outputs [raw]: b'0.366270 0.379658 0.000165 0.037376 \n'
[com5] Outputs: ['0.366270', '0.379658', '0.000165', '0.037376']
[com5] Predicted button: 2
[com5] Error: 0.130094

[com5] Sample sent in: 994.43505859375 milliseconds)
[com5] Sending sample vermell.2im7gvap.ingestion-65c5587588-dvjvm.json (214/500): Button 3
[com5] Sending train command
[com5] Train start confirmation: ok


[com5] Button confirmation: Button 3


[com5] Only forward confirmation: Only forward 0


[com5] Sample received confirmation: Sample received for button 3


[com5] Graph command received: graph


[com5] Outputs [raw]: b'0.000336 0.007422 0.988570 0.000029 \n'
[com5] Outputs: ['0.000336', '0.007422', '0.988570', '0.000029']
[com5] Predicted button: 3
[com5] Error: 0.000046

[com5] Sample sent in: 994.470947265625 milliseconds)
[com5] Sending sample blau.2im6rm63.ingestion-65c5587588-smqjm.json (215/500): Button 4
[com5] Sending train command
[com5] Train start confirmation: ok


[com5] Button confirmation: Button 4


[com5] Only forward confirmation: Only forward 0


[com5] Sample received confirmation: Sample received for button 4


[com5] Graph command received: graph


[com5] Outputs [raw]: b'0.073196 0.169168 0.004578 0.578812 \n'
[com5] Outputs: ['0.073196', '0.169168', '0.004578', '0.578812']
[com5] Predicted button: 4
[com5] Error: 0.052849

[com5] Sample sent in: 994.192138671875 milliseconds)
[com5] Sending sample montserrat.2jakkgel.ingestion-8499f64fc9-xnfkp.json (216/500): Button 1
[com5] Sending train command
[com5] Train start confirmation: ok


[com5] Button confirmation: Button 1


[com5] Only forward confirmation: Only forward 0


[com5] Sample received confirmation: Sample received for button 1


[com5] Graph command received: graph


[com5] Outputs [raw]: b'0.974346 0.061879 0.000216 0.023488 \n'
[com5] Outputs: ['0.974346', '0.061879', '0.000216', '0.023488']
[com5] Predicted button: 1
[com5] Error: 0.001260

[com5] Sample sent in: 995.543701171875 milliseconds)
[com5] Sending sample pedraforca.2hnauhr7.ingestion-55946b7658-t54wj.json (217/500): Button 2
[com5] Sending train command
[com5] Train start confirmation: ok


[com5] Button confirmation: Button 2


[com5] Only forward confirmation: Only forward 0


[com5] Sample received confirmation: Sample received for button 2


[com5] Graph command received: graph


[com5] Outputs [raw]: b'0.713559 0.937125 0.000022 0.208741 \n'
[com5] Outputs: ['0.713559', '0.937125', '0.000022', '0.208741']
[com5] Predicted button: 2
[com5] Error: 0.139173

[com5] Sample sent in: 991.934814453125 milliseconds)
[com5] Sending sample vermell.2im6u284.ingestion-65c5587588-smqjm.json (218/500): Button 3
[com5] Sending train command
[com5] Train start confirmation: ok


[com5] Button confirmation: Button 3


[com5] Only forward confirmation: Only forward 0


[com5] Sample received confirmation: Sample received for button 3


[com5] Graph command received: graph


[com5] Outputs [raw]: b'0.009258 0.000176 0.090051 0.023545 \n'
[com5] Outputs: ['0.009258', '0.000176', '0.090051', '0.023545']
[com5] Predicted button: 3
[com5] Error: 0.207162

[com5] Sample sent in: 1000.1884765625 milliseconds)
[com5] Sending sample blau.2im8p5dp.ingestion-65c5587588-smqjm.json (219/500): Button 4
[com5] Sending train command
[com5] Train start confirmation: ok


[com5] Button confirmation: Button 4


[com5] Only forward confirmation: Only forward 0


[com5] Sample received confirmation: Sample received for button 4


[com5] Graph command received: graph


[com5] Outputs [raw]: b'0.001121 0.011110 0.006091 0.997359 \n'
[com5] Outputs: ['0.001121', '0.011110', '0.006091', '0.997359']
[com5] Predicted button: 4
[com5] Error: 0.000042

[com5] Sample sent in: 996.171630859375 milliseconds)
[com5] Sending sample montserrat.2i19olr1.ingestion-6fbcb45f68-v56rs.json (220/500): Button 1
[com5] Sending train command
[com5] Train start confirmation: ok


[com5] Button confirmation: Button 1


[com5] Only forward confirmation: Only forward 0


[com5] Sample received confirmation: Sample received for button 1


[com5] Graph command received: graph


[com5] Outputs [raw]: b'0.932855 0.183883 0.001928 0.000121 \n'
[com5] Outputs: ['0.932855', '0.183883', '0.001928', '0.000121']
[com5] Predicted button: 1
[com5] Error: 0.009581

[com5] Sample sent in: 993.980712890625 milliseconds)
[com5] Sending sample pedraforca.2jdjjgdm.ingestion-7979684cc8-tbwcn.json (221/500): Button 2
[com5] Sending train command
[com5] Train start confirmation: ok


[com5] Button confirmation: Button 2


[com5] Only forward confirmation: Only forward 0


[com5] Sample received confirmation: Sample received for button 2


[com5] Graph command received: graph


[com5] Outputs [raw]: b'0.010713 0.998925 0.006632 0.000297 \n'
[com5] Outputs: ['0.010713', '0.998925', '0.006632', '0.000297']
[com5] Predicted button: 2
[com5] Error: 0.000040

[com5] Sample sent in: 996.5361328125 milliseconds)
[com5] Sending sample vermell.2im6vb9g.ingestion-65c5587588-dvjvm.json (222/500): Button 3
[com5] Sending train command
[com5] Train start confirmation: ok


[com5] Button confirmation: Button 3


[com5] Only forward confirmation: Only forward 0


[com5] Sample received confirmation: Sample received for button 3


[com5] Graph command received: graph


[com5] Outputs [raw]: b'0.000000 0.011575 0.999752 0.000049 \n'
[com5] Outputs: ['0.000000', '0.011575', '0.999752', '0.000049']
[com5] Predicted button: 3
[com5] Error: 0.000034

[com5] Sample sent in: 995.149169921875 milliseconds)
[com5] Sending sample blau.2im7dlid.ingestion-65c5587588-dvjvm.json (223/500): Button 4
[com5] Sending train command
[com5] Train start confirmation: ok


[com5] Button confirmation: Button 4


[com5] Only forward confirmation: Only forward 0


[com5] Sample received confirmation: Sample received for button 4


[com5] Graph command received: graph


[com5] Outputs [raw]: b'0.001780 0.034091 0.000313 0.999085 \n'
[com5] Outputs: ['0.001780', '0.034091', '0.000313', '0.999085']
[com5] Predicted button: 4
[com5] Error: 0.000292

[com5] Sample sent in: 993.070556640625 milliseconds)
[com5] Sending sample montserrat.2jdj8168.ingestion-7979684cc8-9nv75.json (224/500): Button 1
[com5] Sending train command
[com5] Train start confirmation: ok


[com5] Button confirmation: Button 1


[com5] Only forward confirmation: Only forward 0


[com5] Sample received confirmation: Sample received for button 1


[com5] Graph command received: graph


[com5] Outputs [raw]: b'0.280239 0.026450 0.000297 0.125367 \n'
[com5] Outputs: ['0.280239', '0.026450', '0.000297', '0.125367']
[com5] Predicted button: 1
[com5] Error: 0.133618

[com5] Sample sent in: 992.812255859375 milliseconds)
[com5] Sending sample pedraforca.2jdjh56p.ingestion-7979684cc8-5gkxz.json (225/500): Button 2
[com5] Sending train command
[com5] Train start confirmation: ok


[com5] Button confirmation: Button 2


[com5] Only forward confirmation: Only forward 0


[com5] Sample received confirmation: Sample received for button 2


[com5] Graph command received: graph


[com5] Outputs [raw]: b'0.004022 0.999545 0.000226 0.009766 \n'
[com5] Outputs: ['0.004022', '0.999545', '0.000226', '0.009766']
[com5] Predicted button: 2
[com5] Error: 0.000028

[com5] Sample sent in: 996.1484375 milliseconds)
[com5] Sending sample vermell.2im7m0tn.ingestion-65c5587588-lg5cg.json (226/500): Button 3
[com5] Sending train command
[com5] Train start confirmation: ok


[com5] Button confirmation: Button 3


[com5] Only forward confirmation: Only forward 0


[com5] Sample received confirmation: Sample received for button 3


[com5] Graph command received: graph


[com5] Outputs [raw]: b'0.019350 0.000028 0.921307 0.000003 \n'
[com5] Outputs: ['0.019350', '0.000028', '0.921307', '0.000003']
[com5] Predicted button: 3
[com5] Error: 0.001642

[com5] Sample sent in: 995.740234375 milliseconds)
[com5] Sending sample blau.2im6tcam.ingestion-65c5587588-dvjvm.json (227/500): Button 4
[com5] Sending train command
[com5] Train start confirmation: ok


[com5] Button confirmation: Button 4


[com5] Only forward confirmation: Only forward 0


[com5] Sample received confirmation: Sample received for button 4


[com5] Graph command received: graph


[com5] Outputs [raw]: b'0.001795 0.994574 0.000095 0.006103 \n'
[com5] Outputs: ['0.001795', '0.994574', '0.000095', '0.006103']
[com5] Predicted button: 2
[com5] Error: 0.494253

[com5] Sample sent in: 996.347900390625 milliseconds)
[com5] Sending sample montserrat.2jdj32k1.ingestion-bcfbf9bfd-96mhc.json (228/500): Button 1
[com5] Sending train command
[com5] Train start confirmation: ok


[com5] Button confirmation: Button 1


[com5] Only forward confirmation: Only forward 0


[com5] Sample received confirmation: Sample received for button 1


[com5] Graph command received: graph


[com5] Outputs [raw]: b'0.820641 0.526037 0.000474 0.000009 \n'
[com5] Outputs: ['0.820641', '0.526037', '0.000474', '0.000009']
[com5] Predicted button: 1
[com5] Error: 0.077221

[com5] Sample sent in: 993.274658203125 milliseconds)
[com5] Sending sample pedraforca.2i6u32kp.ingestion-6fbcb45f68-8grp6.json (229/500): Button 2
[com5] Sending train command
[com5] Train start confirmation: ok


[com5] Button confirmation: Button 2


[com5] Only forward confirmation: Only forward 0


[com5] Sample received confirmation: Sample received for button 2


[com5] Graph command received: graph


[com5] Outputs [raw]: b'0.000086 0.999981 0.000059 0.650482 \n'
[com5] Outputs: ['0.000086', '0.999981', '0.000059', '0.650482']
[com5] Predicted button: 2
[com5] Error: 0.105782

[com5] Sample sent in: 998.89599609375 milliseconds)
[com5] Sending sample vermell.2im7aeml.ingestion-65c5587588-smqjm.json (230/500): Button 3
[com5] Sending train command
[com5] Train start confirmation: ok


[com5] Button confirmation: Button 3


[com5] Only forward confirmation: Only forward 0


[com5] Sample received confirmation: Sample received for button 3


[com5] Graph command received: graph


[com5] Outputs [raw]: b'0.000403 0.001403 0.158705 0.982520 \n'
[com5] Outputs: ['0.000403', '0.001403', '0.158705', '0.982520']
[com5] Predicted button: 4
[com5] Error: 0.418281

[com5] Sample sent in: 992.650390625 milliseconds)
[com5] Sending sample blau.2im7e5mp.ingestion-65c5587588-smqjm.json (231/500): Button 4
[com5] Sending train command
[com5] Train start confirmation: ok


[com5] Button confirmation: Button 4


[com5] Only forward confirmation: Only forward 0


[com5] Sample received confirmation: Sample received for button 4


[com5] Graph command received: graph


[com5] Outputs [raw]: b'0.004343 0.342464 0.000290 0.994180 \n'
[com5] Outputs: ['0.004343', '0.342464', '0.000290', '0.994180']
[com5] Predicted button: 4
[com5] Error: 0.029334

[com5] Sample sent in: 993.943603515625 milliseconds)
[com5] Sending sample montserrat.2i1jefec.ingestion-6fbcb45f68-v56rs.json (232/500): Button 1
[com5] Sending train command
[com5] Train start confirmation: ok


[com5] Button confirmation: Button 1


[com5] Only forward confirmation: Only forward 0


[com5] Sample received confirmation: Sample received for button 1


[com5] Graph command received: graph


[com5] Outputs [raw]: b'0.976322 0.011008 0.008005 0.000079 \n'
[com5] Outputs: ['0.976322', '0.011008', '0.008005', '0.000079']
[com5] Predicted button: 1
[com5] Error: 0.000186

[com5] Sample sent in: 992.320068359375 milliseconds)
[com5] Sending sample pedraforca.2jdjlkl7.ingestion-7979684cc8-5gkxz.json (233/500): Button 2
[com5] Sending train command
[com5] Train start confirmation: ok


[com5] Button confirmation: Button 2


[com5] Only forward confirmation: Only forward 0


[com5] Sample received confirmation: Sample received for button 2


[com5] Graph command received: graph


[com5] Outputs [raw]: b'0.087013 0.999731 0.000244 0.000189 \n'
[com5] Outputs: ['0.087013', '0.999731', '0.000244', '0.000189']
[com5] Predicted button: 2
[com5] Error: 0.001893

[com5] Sample sent in: 995.479736328125 milliseconds)
[com5] Sending sample vermell.2im7gd9i.ingestion-65c5587588-lg5cg.json (234/500): Button 3
[com5] Sending train command
[com5] Train start confirmation: ok


[com5] Button confirmation: Button 3


[com5] Only forward confirmation: Only forward 0


[com5] Sample received confirmation: Sample received for button 3


[com5] Graph command received: graph


[com5] Outputs [raw]: b'0.000004 0.009912 0.999461 0.000174 \n'
[com5] Outputs: ['0.000004', '0.009912', '0.999461', '0.000174']
[com5] Predicted button: 3
[com5] Error: 0.000025

[com5] Sample sent in: 994.08544921875 milliseconds)
[com5] Sending sample blau.2im8lvq8.ingestion-65c5587588-lg5cg.json (235/500): Button 4
[com5] Sending train command
[com5] Train start confirmation: ok


[com5] Button confirmation: Button 4


[com5] Only forward confirmation: Only forward 0


[com5] Sample received confirmation: Sample received for button 4


[com5] Graph command received: graph


[com5] Outputs [raw]: b'0.000018 0.000156 0.530344 0.999908 \n'
[com5] Outputs: ['0.000018', '0.000156', '0.530344', '0.999908']
[com5] Predicted button: 4
[com5] Error: 0.070316

[com5] Sample sent in: 995.660400390625 milliseconds)
[com5] Sending sample montserrat.2jdja7m2.ingestion-bcfbf9bfd-96mhc.json (236/500): Button 1
[com5] Sending train command
[com5] Train start confirmation: ok


[com5] Button confirmation: Button 1


[com5] Only forward confirmation: Only forward 0


[com5] Sample received confirmation: Sample received for button 1


[com5] Graph command received: graph


[com5] Outputs [raw]: b'0.999528 0.164261 0.000500 0.000000 \n'
[com5] Outputs: ['0.999528', '0.164261', '0.000500', '0.000000']
[com5] Predicted button: 1
[com5] Error: 0.006746

[com5] Sample sent in: 998.84228515625 milliseconds)
[com5] Sending sample pedraforca.2jdji7j4.ingestion-7979684cc8-5gkxz.json (237/500): Button 2
[com5] Sending train command
[com5] Train start confirmation: ok


[com5] Button confirmation: Button 2


[com5] Only forward confirmation: Only forward 0


[com5] Sample received confirmation: Sample received for button 2


[com5] Graph command received: graph


[com5] Outputs [raw]: b'0.000406 0.711284 0.020893 0.000145 \n'
[com5] Outputs: ['0.000406', '0.711284', '0.020893', '0.000145']
[com5] Predicted button: 2
[com5] Error: 0.020948

[com5] Sample sent in: 993.14501953125 milliseconds)
[com5] Sending sample vermell.2im6t1n3.ingestion-65c5587588-lg5cg.json (238/500): Button 3
[com5] Sending train command
[com5] Train start confirmation: ok


[com5] Button confirmation: Button 3


[com5] Only forward confirmation: Only forward 0


[com5] Sample received confirmation: Sample received for button 3


[com5] Graph command received: graph


[com5] Outputs [raw]: b'0.000147 0.000180 0.953568 0.000132 \n'
[com5] Outputs: ['0.000147', '0.000180', '0.953568', '0.000132']
[com5] Predicted button: 3
[com5] Error: 0.000539

[com5] Sample sent in: 998.89404296875 milliseconds)
[com5] Sending sample blau.2im7kes9.ingestion-65c5587588-lg5cg.json (239/500): Button 4
[com5] Sending train command
[com5] Train start confirmation: ok


[com5] Button confirmation: Button 4


[com5] Only forward confirmation: Only forward 0


[com5] Sample received confirmation: Sample received for button 4


[com5] Graph command received: graph


[com5] Outputs [raw]: b'0.271545 0.561044 0.000008 0.000000 \n'
[com5] Outputs: ['0.271545', '0.561044', '0.000008', '0.000000']
[com5] Predicted button: 2
[com5] Error: 0.347127

[com5] Sample sent in: 992.426513671875 milliseconds)
[com5] Sending sample montserrat.2jaknk4e.ingestion-8499f64fc9-vwzgb.json (240/500): Button 1
[com5] Sending train command
[com5] Train start confirmation: ok


[com5] Button confirmation: Button 1


[com5] Only forward confirmation: Only forward 0


[com5] Sample received confirmation: Sample received for button 1


[com5] Graph command received: graph


[com5] Outputs [raw]: b'0.975028 0.000005 0.003577 0.041856 \n'
[com5] Outputs: ['0.975028', '0.000005', '0.003577', '0.041856']
[com5] Predicted button: 1
[com5] Error: 0.000597

[com5] Sample sent in: 991.88134765625 milliseconds)
[com5] Sending sample pedraforca.2hnau3jo.ingestion-55946b7658-ffsx7.json (241/500): Button 2
[com5] Sending train command
[com5] Train start confirmation: ok


[com5] Button confirmation: Button 2


[com5] Only forward confirmation: Only forward 0


[com5] Sample received confirmation: Sample received for button 2


[com5] Graph command received: graph


[com5] Outputs [raw]: b'0.045591 0.996789 0.000198 0.000023 \n'
[com5] Outputs: ['0.045591', '0.996789', '0.000198', '0.000023']
[com5] Predicted button: 2
[com5] Error: 0.000522

[com5] Sample sent in: 1000.01953125 milliseconds)
[com5] Sending sample vermell.2im7ameb.ingestion-65c5587588-smqjm.json (242/500): Button 3
[com5] Sending train command
[com5] Train start confirmation: ok


[com5] Button confirmation: Button 3


[com5] Only forward confirmation: Only forward 0


[com5] Sample received confirmation: Sample received for button 3


[com5] Graph command received: graph


[com5] Outputs [raw]: b'0.000048 0.000003 0.960744 0.532520 \n'
[com5] Outputs: ['0.000048', '0.000003', '0.960744', '0.532520']
[com5] Predicted button: 3
[com5] Error: 0.071280

[com5] Sample sent in: 991.040771484375 milliseconds)
[com5] Sending sample blau.2im8m1gg.ingestion-65c5587588-smqjm.json (243/500): Button 4
[com5] Sending train command
[com5] Train start confirmation: ok


[com5] Button confirmation: Button 4


[com5] Only forward confirmation: Only forward 0


[com5] Sample received confirmation: Sample received for button 4


[com5] Graph command received: graph


[com5] Outputs [raw]: b'0.000803 0.000250 0.002267 0.356899 \n'
[com5] Outputs: ['0.000803', '0.000250', '0.002267', '0.356899']
[com5] Predicted button: 4
[com5] Error: 0.103396

[com5] Sample sent in: 991.904052734375 milliseconds)
[com5] Sending sample montserrat.2jdj4ie3.ingestion-bcfbf9bfd-pdtnn.json (244/500): Button 1
[com5] Sending train command
[com5] Train start confirmation: ok


[com5] Button confirmation: Button 1


[com5] Only forward confirmation: Only forward 0


[com5] Sample received confirmation: Sample received for button 1


[com5] Graph command received: graph


[com5] Outputs [raw]: b'0.901515 0.000000 0.356956 0.000856 \n'
[com5] Outputs: ['0.901515', '0.000000', '0.356956', '0.000856']
[com5] Predicted button: 1
[com5] Error: 0.034279

[com5] Sample sent in: 988.67041015625 milliseconds)
[com5] Sending sample pedraforca.2jdjj8kd.ingestion-7979684cc8-9nv75.json (245/500): Button 2
[com5] Sending train command
[com5] Train start confirmation: ok


[com5] Button confirmation: Button 2


[com5] Only forward confirmation: Only forward 0


[com5] Sample received confirmation: Sample received for button 2


[com5] Graph command received: graph


[com5] Outputs [raw]: b'0.000012 0.997176 0.000017 0.008187 \n'
[com5] Outputs: ['0.000012', '0.997176', '0.000017', '0.008187']
[com5] Predicted button: 2
[com5] Error: 0.000019

[com5] Sample sent in: 990.972412109375 milliseconds)
[com5] Sending sample vermell.2im7h4ka.ingestion-65c5587588-smqjm.json (246/500): Button 3
[com5] Sending train command
[com5] Train start confirmation: ok


[com5] Button confirmation: Button 3


[com5] Only forward confirmation: Only forward 0


[com5] Sample received confirmation: Sample received for button 3


[com5] Graph command received: graph


[com5] Outputs [raw]: b'0.001153 0.000008 0.259071 0.000015 \n'
[com5] Outputs: ['0.001153', '0.000008', '0.259071', '0.000015']
[com5] Predicted button: 3
[com5] Error: 0.137244

[com5] Sample sent in: 998.481689453125 milliseconds)
[com5] Sending sample blau.2im7khi3.ingestion-65c5587588-dvjvm.json (247/500): Button 4
[com5] Sending train command
[com5] Train start confirmation: ok


[com5] Button confirmation: Button 4


[com5] Only forward confirmation: Only forward 0


[com5] Sample received confirmation: Sample received for button 4


[com5] Graph command received: graph


[com5] Outputs [raw]: b'0.002714 0.000081 0.188409 0.004271 \n'
[com5] Outputs: ['0.002714', '0.000081', '0.188409', '0.004271']
[com5] Predicted button: 3
[com5] Error: 0.256745

[com5] Sample sent in: 989.253173828125 milliseconds)
[com5] Sending sample montserrat.2jdj84ag.ingestion-bcfbf9bfd-pdtnn.json (248/500): Button 1
[com5] Sending train command
[com5] Train start confirmation: ok


[com5] Button confirmation: Button 1


[com5] Only forward confirmation: Only forward 0


[com5] Sample received confirmation: Sample received for button 1


[com5] Graph command received: graph


[com5] Outputs [raw]: b'0.731922 0.000009 0.120317 0.000019 \n'
[com5] Outputs: ['0.731922', '0.000009', '0.120317', '0.000019']
[com5] Predicted button: 1
[com5] Error: 0.021585

[com5] Sample sent in: 989.778076171875 milliseconds)
[com5] Sending sample pedraforca.2jdjgm52.ingestion-7979684cc8-5gkxz.json (249/500): Button 2
[com5] Sending train command
[com5] Train start confirmation: ok


[com5] Button confirmation: Button 2


[com5] Only forward confirmation: Only forward 0


[com5] Sample received confirmation: Sample received for button 2


[com5] Graph command received: graph


[com5] Outputs [raw]: b'0.002356 0.012463 0.002370 0.000028 \n'
[com5] Outputs: ['0.002356', '0.012463', '0.002370', '0.000028']
[com5] Predicted button: 2
[com5] Error: 0.243810

[com5] Sample sent in: 995.189453125 milliseconds)
[com5] Sending sample vermell.2im7h2qg.ingestion-65c5587588-dvjvm.json (250/500): Button 3
[com5] Sending train command
[com5] Train start confirmation: ok


[com5] Button confirmation: Button 3


[com5] Only forward confirmation: Only forward 0


[com5] Sample received confirmation: Sample received for button 3


[com5] Graph command received: graph


[com5] Outputs [raw]: b'0.001894 0.000000 0.413540 0.513905 \n'
[com5] Outputs: ['0.001894', '0.000000', '0.413540', '0.513905']
[com5] Predicted button: 4
[com5] Error: 0.152009

[com5] Sample sent in: 993.932373046875 milliseconds)
[com5] Sending sample blau.2im6ur6p.ingestion-65c5587588-lg5cg.json (251/500): Button 4
[com5] Sending train command
[com5] Train start confirmation: ok


[com5] Button confirmation: Button 4


[com5] Only forward confirmation: Only forward 0


[com5] Sample received confirmation: Sample received for button 4


[com5] Graph command received: graph


[com5] Outputs [raw]: b'0.002481 0.000001 0.005880 0.768026 \n'
[com5] Outputs: ['0.002481', '0.000001', '0.005880', '0.768026']
[com5] Predicted button: 4
[com5] Error: 0.013463

[com5] Sample sent in: 993.4287109375 milliseconds)
[com5] Sending sample montserrat.2jdj7jsa.ingestion-7979684cc8-9nv75.json (252/500): Button 1
[com5] Sending train command
[com5] Train start confirmation: ok


[com5] Button confirmation: Button 1


[com5] Only forward confirmation: Only forward 0


[com5] Sample received confirmation: Sample received for button 1


[com5] Graph command received: graph


[com5] Outputs [raw]: b'0.999187 0.000015 0.001515 0.000300 \n'
[com5] Outputs: ['0.999187', '0.000015', '0.001515', '0.000300']
[com5] Predicted button: 1
[com5] Error: 0.000001

[com5] Sample sent in: 992.033447265625 milliseconds)
[com5] Sending sample pedraforca.2hn9v8js.ingestion-55946b7658-t54wj.json (253/500): Button 2
[com5] Sending train command
[com5] Train start confirmation: ok


[com5] Button confirmation: Button 2


[com5] Only forward confirmation: Only forward 0


[com5] Sample received confirmation: Sample received for button 2


[com5] Graph command received: graph


[com5] Outputs [raw]: b'0.003122 0.000579 0.016312 0.000536 \n'
[com5] Outputs: ['0.003122', '0.000579', '0.016312', '0.000536']
[com5] Predicted button: 3
[com5] Error: 0.249780

[com5] Sample sent in: 961.681884765625 milliseconds)
[com5] Sending sample vermell.2im7lrao.ingestion-65c5587588-smqjm.json (254/500): Button 3
[com5] Sending train command
[com5] Train start confirmation: ok


[com5] Button confirmation: Button 3


[com5] Only forward confirmation: Only forward 0


[com5] Sample received confirmation: Sample received for button 3


[com5] Graph command received: graph


[com5] Outputs [raw]: b'0.002486 0.000000 0.976205 0.065996 \n'
[com5] Outputs: ['0.002486', '0.000000', '0.976205', '0.065996']
[com5] Predicted button: 3
[com5] Error: 0.001232

[com5] Sample sent in: 979.00048828125 milliseconds)
[com5] Sending sample blau.2im7k39o.ingestion-65c5587588-lg5cg.json (255/500): Button 4
[com5] Sending train command
[com5] Train start confirmation: ok


[com5] Button confirmation: Button 4


[com5] Only forward confirmation: Only forward 0


[com5] Sample received confirmation: Sample received for button 4


[com5] Graph command received: graph


[com5] Outputs [raw]: b'0.191328 0.000000 0.401947 0.033862 \n'
[com5] Outputs: ['0.191328', '0.000000', '0.401947', '0.033862']
[com5] Predicted button: 3
[com5] Error: 0.282898

[com5] Sample sent in: 946.99755859375 milliseconds)
[com5] Sending sample montserrat.2i1je5c9.ingestion-6fbcb45f68-gjdgd.json (256/500): Button 1
[com5] Sending train command
[com5] Train start confirmation: ok


[com5] Button confirmation: Button 1


[com5] Only forward confirmation: Only forward 0


[com5] Sample received confirmation: Sample received for button 1


[com5] Graph command received: graph


[com5] Outputs [raw]: b'0.999243 0.000000 0.081616 0.000000 \n'
[com5] Outputs: ['0.999243', '0.000000', '0.081616', '0.000000']
[com5] Predicted button: 1
[com5] Error: 0.001665

[com5] Sample sent in: 982.53271484375 milliseconds)
[com5] Sending sample pedraforca.2jdjl494.ingestion-7979684cc8-5gkxz.json (257/500): Button 2
[com5] Sending train command
[com5] Train start confirmation: ok


[com5] Button confirmation: Button 2


[com5] Only forward confirmation: Only forward 0


[com5] Sample received confirmation: Sample received for button 2


[com5] Graph command received: graph


[com5] Outputs [raw]: b'0.020371 0.000593 0.697919 0.000001 \n'
[com5] Outputs: ['0.020371', '0.000593', '0.697919', '0.000001']
[com5] Predicted button: 3
[com5] Error: 0.371580

[com5] Sample sent in: 994.044921875 milliseconds)
[com5] Sending sample vermell.2im7grlp.ingestion-65c5587588-smqjm.json (258/500): Button 3
[com5] Sending train command
[com5] Train start confirmation: ok


[com5] Button confirmation: Button 3


[com5] Only forward confirmation: Only forward 0


[com5] Sample received confirmation: Sample received for button 3


[com5] Graph command received: graph


[com5] Outputs [raw]: b'0.000307 0.000015 0.951944 0.000245 \n'
[com5] Outputs: ['0.000307', '0.000015', '0.951944', '0.000245']
[com5] Predicted button: 3
[com5] Error: 0.000577

[com5] Sample sent in: 974.633544921875 milliseconds)
[com5] Sending sample blau.2im6smri.ingestion-65c5587588-dvjvm.json (259/500): Button 4
[com5] Sending train command
[com5] Train start confirmation: ok


[com5] Button confirmation: Button 4


[com5] Only forward confirmation: Only forward 0


[com5] Sample received confirmation: Sample received for button 4


[com5] Graph command received: graph


[com5] Outputs [raw]: b'0.000748 0.000220 0.008619 0.688262 \n'
[com5] Outputs: ['0.000748', '0.000220', '0.008619', '0.688262']
[com5] Predicted button: 4
[com5] Error: 0.024314

[com5] Sample sent in: 981.46337890625 milliseconds)
[com5] Sending sample montserrat.2jdj21ld.ingestion-bcfbf9bfd-96mhc.json (260/500): Button 1
[com5] Sending train command
[com5] Train start confirmation: ok


[com5] Button confirmation: Button 1


[com5] Only forward confirmation: Only forward 0


[com5] Sample received confirmation: Sample received for button 1


[com5] Graph command received: graph


[com5] Outputs [raw]: b'0.999330 0.000000 0.022330 0.000000 \n'
[com5] Outputs: ['0.999330', '0.000000', '0.022330', '0.000000']
[com5] Predicted button: 1
[com5] Error: 0.000125

[com5] Sample sent in: 972.800048828125 milliseconds)
[com5] Sending sample pedraforca.2jdjj4f5.ingestion-7979684cc8-9nv75.json (261/500): Button 2
[com5] Sending train command
[com5] Train start confirmation: ok


[com5] Button confirmation: Button 2


[com5] Only forward confirmation: Only forward 0


[com5] Sample received confirmation: Sample received for button 2


[com5] Graph command received: graph


[com5] Outputs [raw]: b'0.000314 0.026791 0.042777 0.004411 \n'
[com5] Outputs: ['0.000314', '0.026791', '0.042777', '0.004411']
[com5] Predicted button: 3
[com5] Error: 0.237246

[com5] Sample sent in: 984.83837890625 milliseconds)
[com5] Sending sample vermell.2im7mhqv.ingestion-65c5587588-dvjvm.json (262/500): Button 3
[com5] Sending train command
[com5] Train start confirmation: ok


[com5] Button confirmation: Button 3


[com5] Only forward confirmation: Only forward 0


[com5] Sample received confirmation: Sample received for button 3


[com5] Graph command received: graph


[com5] Outputs [raw]: b'0.580577 0.000000 0.204230 0.000269 \n'
[com5] Outputs: ['0.580577', '0.000000', '0.204230', '0.000269']
[com5] Predicted button: 1
[com5] Error: 0.242580

[com5] Sample sent in: 983.7119140625 milliseconds)
[com5] Sending sample blau.2im7djpl.ingestion-65c5587588-dvjvm.json (263/500): Button 4
[com5] Sending train command
[com5] Train start confirmation: ok


[com5] Button confirmation: Button 4


[com5] Only forward confirmation: Only forward 0


[com5] Sample received confirmation: Sample received for button 4


[com5] Graph command received: graph


[com5] Outputs [raw]: b'0.000010 0.000016 0.983906 0.000209 \n'
[com5] Outputs: ['0.000010', '0.000016', '0.983906', '0.000209']
[com5] Predicted button: 3
[com5] Error: 0.491913

[com5] Sample sent in: 977.1494140625 milliseconds)
[com5] Sending sample montserrat.2i1jehgu.ingestion-6fbcb45f68-8grp6.json (264/500): Button 1
[com5] Sending train command
[com5] Train start confirmation: ok


[com5] Button confirmation: Button 1


[com5] Only forward confirmation: Only forward 0


[com5] Sample received confirmation: Sample received for button 1


[com5] Graph command received: graph


[com5] Outputs [raw]: b'0.517821 0.000000 0.036481 0.000044 \n'
[com5] Outputs: ['0.517821', '0.000000', '0.036481', '0.000044']
[com5] Predicted button: 1
[com5] Error: 0.058457

[com5] Sample sent in: 995.625732421875 milliseconds)
[com5] Sending sample pedraforca.2jdji3lp.ingestion-7979684cc8-tbwcn.json (265/500): Button 2
[com5] Sending train command
[com5] Train start confirmation: ok


[com5] Button confirmation: Button 2


[com5] Only forward confirmation: Only forward 0


[com5] Sample received confirmation: Sample received for button 2


[com5] Graph command received: graph


[com5] Outputs [raw]: b'0.003037 0.000732 0.001773 0.013627 \n'
[com5] Outputs: ['0.003037', '0.000732', '0.001773', '0.013627']
[com5] Predicted button: 4
[com5] Error: 0.249684

[com5] Sample sent in: 993.74267578125 milliseconds)
[com5] Sending sample vermell.2im7m6j3.ingestion-65c5587588-dvjvm.json (266/500): Button 3
[com5] Sending train command
[com5] Train start confirmation: ok


[com5] Button confirmation: Button 3


[com5] Only forward confirmation: Only forward 0


[com5] Sample received confirmation: Sample received for button 3


[com5] Graph command received: graph


[com5] Outputs [raw]: b'0.000844 0.000019 0.000056 0.996515 \n'
[com5] Outputs: ['0.000844', '0.000019', '0.000056', '0.996515']
[com5] Predicted button: 4
[com5] Error: 0.498233

[com5] Sample sent in: 1000.156982421875 milliseconds)
[com5] Sending sample blau.2im7eeje.ingestion-65c5587588-smqjm.json (267/500): Button 4
[com5] Sending train command
[com5] Train start confirmation: ok


[com5] Button confirmation: Button 4


[com5] Only forward confirmation: Only forward 0


[com5] Sample received confirmation: Sample received for button 4


[com5] Graph command received: graph


[com5] Outputs [raw]: b'0.024954 0.000000 0.073899 0.124878 \n'
[com5] Outputs: ['0.024954', '0.000000', '0.073899', '0.124878']
[com5] Predicted button: 4
[com5] Error: 0.192981

[com5] Sample sent in: 996.480712890625 milliseconds)
[com5] Sending sample montserrat.2jdj6pvk.ingestion-bcfbf9bfd-d2549.json (268/500): Button 1
[com5] Sending train command
[com5] Train start confirmation: ok


[com5] Button confirmation: Button 1


[com5] Only forward confirmation: Only forward 0


[com5] Sample received confirmation: Sample received for button 1


[com5] Graph command received: graph


[com5] Outputs [raw]: b'0.996770 0.000001 0.003465 0.004096 \n'
[com5] Outputs: ['0.996770', '0.000001', '0.003465', '0.004096']
[com5] Predicted button: 1
[com5] Error: 0.000010

[com5] Sample sent in: 997.084716796875 milliseconds)
[com5] Sending sample pedraforca.2hnauocj.ingestion-55946b7658-t54wj.json (269/500): Button 2
[com5] Sending train command
[com5] Train start confirmation: ok


[com5] Button confirmation: Button 2


[com5] Only forward confirmation: Only forward 0


[com5] Sample received confirmation: Sample received for button 2


[com5] Graph command received: graph


[com5] Outputs [raw]: b'0.002891 0.858677 0.000038 0.000051 \n'
[com5] Outputs: ['0.002891', '0.858677', '0.000038', '0.000051']
[com5] Predicted button: 2
[com5] Error: 0.004995

[com5] Sample sent in: 997.0810546875 milliseconds)
[com5] Sending sample vermell.2im7aoch.ingestion-65c5587588-lg5cg.json (270/500): Button 3
[com5] Sending train command
[com5] Train start confirmation: ok


[com5] Button confirmation: Button 3


[com5] Only forward confirmation: Only forward 0


[com5] Sample received confirmation: Sample received for button 3


[com5] Graph command received: graph


[com5] Outputs [raw]: b'0.000473 0.000001 0.908250 0.000145 \n'
[com5] Outputs: ['0.000473', '0.000001', '0.908250', '0.000145']
[com5] Predicted button: 3
[com5] Error: 0.002105

[com5] Sample sent in: 995.835205078125 milliseconds)
[com5] Sending sample blau.2im7ejsv.ingestion-65c5587588-smqjm.json (271/500): Button 4
[com5] Sending train command
[com5] Train start confirmation: ok


[com5] Button confirmation: Button 4


[com5] Only forward confirmation: Only forward 0


[com5] Sample received confirmation: Sample received for button 4


[com5] Graph command received: graph


[com5] Outputs [raw]: b'0.100734 0.000022 0.000735 0.166577 \n'
[com5] Outputs: ['0.100734', '0.000022', '0.000735', '0.166577']
[com5] Predicted button: 4
[com5] Error: 0.176185

[com5] Sample sent in: 990.647705078125 milliseconds)
[com5] Sending sample montserrat.2irfn9jv.ingestion-7b48868958-pc82c.json (272/500): Button 1
[com5] Sending train command
[com5] Train start confirmation: ok


[com5] Button confirmation: Button 1


[com5] Only forward confirmation: Only forward 0


[com5] Sample received confirmation: Sample received for button 1


[com5] Graph command received: graph


[com5] Outputs [raw]: b'0.999314 0.000006 0.000848 0.000091 \n'
[com5] Outputs: ['0.999314', '0.000006', '0.000848', '0.000091']
[com5] Predicted button: 1
[com5] Error: 0.000000

[com5] Sample sent in: 991.977294921875 milliseconds)
[com5] Sending sample pedraforca.2jdjjiak.ingestion-7979684cc8-9nv75.json (273/500): Button 2
[com5] Sending train command
[com5] Train start confirmation: ok


[com5] Button confirmation: Button 2


[com5] Only forward confirmation: Only forward 0


[com5] Sample received confirmation: Sample received for button 2


[com5] Graph command received: graph


[com5] Outputs [raw]: b'0.000017 0.988708 0.000289 0.147044 \n'
[com5] Outputs: ['0.000017', '0.988708', '0.000289', '0.147044']
[com5] Predicted button: 2
[com5] Error: 0.005437

[com5] Sample sent in: 988.2353515625 milliseconds)
[com5] Sending sample vermell.2im7a5gb.ingestion-65c5587588-smqjm.json (274/500): Button 3
[com5] Sending train command
[com5] Train start confirmation: ok


[com5] Button confirmation: Button 3


[com5] Only forward confirmation: Only forward 0


[com5] Sample received confirmation: Sample received for button 3


[com5] Graph command received: graph


[com5] Outputs [raw]: b'0.000007 0.000000 0.999725 0.181507 \n'
[com5] Outputs: ['0.000007', '0.000000', '0.999725', '0.181507']
[com5] Predicted button: 3
[com5] Error: 0.008236

[com5] Sample sent in: 992.02734375 milliseconds)
[com5] Sending sample blau.2im6unhe.ingestion-65c5587588-lg5cg.json (275/500): Button 4
[com5] Sending train command
[com5] Train start confirmation: ok


[com5] Button confirmation: Button 4


[com5] Only forward confirmation: Only forward 0


[com5] Sample received confirmation: Sample received for button 4


[com5] Graph command received: graph


[com5] Outputs [raw]: b'0.000826 0.000001 0.006936 0.998824 \n'
[com5] Outputs: ['0.000826', '0.000001', '0.006936', '0.998824']
[com5] Predicted button: 4
[com5] Error: 0.000013

[com5] Sample sent in: 992.33349609375 milliseconds)
[com5] Sending sample montserrat.2i1jed7n.ingestion-6fbcb45f68-8grp6.json (276/500): Button 1
[com5] Sending train command
[com5] Train start confirmation: ok


[com5] Button confirmation: Button 1


[com5] Only forward confirmation: Only forward 0


[com5] Sample received confirmation: Sample received for button 1


[com5] Graph command received: graph


[com5] Outputs [raw]: b'0.998252 0.000000 0.020821 0.005755 \n'
[com5] Outputs: ['0.998252', '0.000000', '0.020821', '0.005755']
[com5] Predicted button: 1
[com5] Error: 0.000117

[com5] Sample sent in: 983.49609375 milliseconds)
[com5] Sending sample pedraforca.2i1j9gll.ingestion-6fbcb45f68-gjdgd.json (277/500): Button 2
[com5] Sending train command
[com5] Train start confirmation: ok


[com5] Button confirmation: Button 2


[com5] Only forward confirmation: Only forward 0


[com5] Sample received confirmation: Sample received for button 2


[com5] Graph command received: graph


[com5] Outputs [raw]: b'0.000019 0.002627 0.031787 0.698679 \n'
[com5] Outputs: ['0.000019', '0.002627', '0.031787', '0.698679']
[com5] Predicted button: 4
[com5] Error: 0.370979

[com5] Sample sent in: 985.379638671875 milliseconds)
[com5] Sending sample vermell.2im7fhe7.ingestion-65c5587588-smqjm.json (278/500): Button 3
[com5] Sending train command
[com5] Train start confirmation: ok


[com5] Button confirmation: Button 3


[com5] Only forward confirmation: Only forward 0


[com5] Sample received confirmation: Sample received for button 3


[com5] Graph command received: graph


[com5] Outputs [raw]: b'0.000018 0.000408 0.987045 0.000042 \n'
[com5] Outputs: ['0.000018', '0.000408', '0.987045', '0.000042']
[com5] Predicted button: 3
[com5] Error: 0.000042

[com5] Sample sent in: 995.64599609375 milliseconds)
[com5] Sending sample blau.2im6ulo2.ingestion-65c5587588-smqjm.json (279/500): Button 4
[com5] Sending train command
[com5] Train start confirmation: ok


[com5] Button confirmation: Button 4


[com5] Only forward confirmation: Only forward 0


[com5] Sample received confirmation: Sample received for button 4


[com5] Graph command received: graph


[com5] Outputs [raw]: b'0.000258 0.000001 0.006979 0.998974 \n'
[com5] Outputs: ['0.000258', '0.000001', '0.006979', '0.998974']
[com5] Predicted button: 4
[com5] Error: 0.000012

[com5] Sample sent in: 982.216552734375 milliseconds)
[com5] Sending sample montserrat.2i1jffd3.ingestion-6fbcb45f68-gjdgd.json (280/500): Button 1
[com5] Sending train command
[com5] Train start confirmation: ok


[com5] Button confirmation: Button 1


[com5] Only forward confirmation: Only forward 0


[com5] Sample received confirmation: Sample received for button 1


[com5] Graph command received: graph


[com5] Outputs [raw]: b'0.990381 0.000001 0.011092 0.000234 \n'
[com5] Outputs: ['0.990381', '0.000001', '0.011092', '0.000234']
[com5] Predicted button: 1
[com5] Error: 0.000054

[com5] Sample sent in: 990.4853515625 milliseconds)
[com5] Sending sample pedraforca.2i1j9nrl.ingestion-6fbcb45f68-8grp6.json (281/500): Button 2
[com5] Sending train command
[com5] Train start confirmation: ok


[com5] Button confirmation: Button 2


[com5] Only forward confirmation: Only forward 0


[com5] Sample received confirmation: Sample received for button 2


[com5] Graph command received: graph


[com5] Outputs [raw]: b'0.002360 0.827358 0.000100 0.581772 \n'
[com5] Outputs: ['0.002360', '0.827358', '0.000100', '0.581772']
[com5] Predicted button: 2
[com5] Error: 0.092067

[com5] Sample sent in: 961.1513671875 milliseconds)
[com5] Sending sample vermell.2im6qu20.ingestion-65c5587588-smqjm.json (282/500): Button 3
[com5] Sending train command
[com5] Train start confirmation: ok


[com5] Button confirmation: Button 3


[com5] Only forward confirmation: Only forward 0


[com5] Sample received confirmation: Sample received for button 3


[com5] Graph command received: graph


[com5] Outputs [raw]: b'0.000140 0.000065 0.997935 0.000000 \n'
[com5] Outputs: ['0.000140', '0.000065', '0.997935', '0.000000']
[com5] Predicted button: 3
[com5] Error: 0.000001

[com5] Sample sent in: 959.63134765625 milliseconds)
[com5] Sending sample blau.2im7k1df.ingestion-65c5587588-smqjm.json (283/500): Button 4
[com5] Sending train command
[com5] Train start confirmation: ok


[com5] Button confirmation: Button 4


[com5] Only forward confirmation: Only forward 0


[com5] Sample received confirmation: Sample received for button 4


[com5] Graph command received: graph


[com5] Outputs [raw]: b'0.044483 0.000054 0.001015 0.637390 \n'
[com5] Outputs: ['0.044483', '0.000054', '0.001015', '0.637390']
[com5] Predicted button: 4
[com5] Error: 0.033366

[com5] Sample sent in: 951.440185546875 milliseconds)
[com5] Sending sample montserrat.2jdja547.ingestion-7979684cc8-5gkxz.json (284/500): Button 1
[com5] Sending train command
[com5] Train start confirmation: ok


[com5] Button confirmation: Button 1


[com5] Only forward confirmation: Only forward 0


[com5] Sample received confirmation: Sample received for button 1


[com5] Graph command received: graph


[com5] Outputs [raw]: b'0.796335 0.000008 0.011448 0.285515 \n'
[com5] Outputs: ['0.796335', '0.000008', '0.011448', '0.285515']
[com5] Predicted button: 1
[com5] Error: 0.030782

[com5] Sample sent in: 971.188232421875 milliseconds)
[com5] Sending sample pedraforca.2jdjj6id.ingestion-7979684cc8-5gkxz.json (285/500): Button 2
[com5] Sending train command
[com5] Train start confirmation: ok


[com5] Button confirmation: Button 2


[com5] Only forward confirmation: Only forward 0


[com5] Sample received confirmation: Sample received for button 2


[com5] Graph command received: graph


[com5] Outputs [raw]: b'0.001991 0.363774 0.000004 0.034099 \n'
[com5] Outputs: ['0.001991', '0.363774', '0.000004', '0.034099']
[com5] Predicted button: 2
[com5] Error: 0.101488

[com5] Sample sent in: 974.797607421875 milliseconds)
[com5] Sending sample vermell.2im6v76o.ingestion-65c5587588-dvjvm.json (286/500): Button 3
[com5] Sending train command
[com5] Train start confirmation: ok


[com5] Button confirmation: Button 3


[com5] Only forward confirmation: Only forward 0


[com5] Sample received confirmation: Sample received for button 3


[com5] Graph command received: graph


[com5] Outputs [raw]: b'0.000004 0.005087 0.999778 0.000000 \n'
[com5] Outputs: ['0.000004', '0.005087', '0.999778', '0.000000']
[com5] Predicted button: 3
[com5] Error: 0.000006

[com5] Sample sent in: 985.390625 milliseconds)
[com5] Sending sample blau.2im8oqis.ingestion-65c5587588-dvjvm.json (287/500): Button 4
[com5] Sending train command
[com5] Train start confirmation: ok


[com5] Button confirmation: Button 4


[com5] Only forward confirmation: Only forward 0


[com5] Sample received confirmation: Sample received for button 4


[com5] Graph command received: graph


[com5] Outputs [raw]: b'0.998080 0.000000 0.000058 0.013343 \n'
[com5] Outputs: ['0.998080', '0.000000', '0.000058', '0.013343']
[com5] Predicted button: 1
[com5] Error: 0.492414

[com5] Sample sent in: 977.0615234375 milliseconds)
[com5] Sending sample montserrat.2jb2rlp2.ingestion-8499f64fc9-mr8hw.json (288/500): Button 1
[com5] Sending train command
[com5] Train start confirmation: ok


[com5] Button confirmation: Button 1


[com5] Only forward confirmation: Only forward 0


[com5] Sample received confirmation: Sample received for button 1


[com5] Graph command received: graph


[com5] Outputs [raw]: b'0.390935 0.000009 0.251105 0.003411 \n'
[com5] Outputs: ['0.390935', '0.000009', '0.251105', '0.003411']
[com5] Predicted button: 1
[com5] Error: 0.108507

[com5] Sample sent in: 982.37109375 milliseconds)
[com5] Sending sample pedraforca.2hna0dqm.ingestion-55946b7658-t54wj.json (289/500): Button 2
[com5] Sending train command
[com5] Train start confirmation: ok


[com5] Button confirmation: Button 2


[com5] Only forward confirmation: Only forward 0


[com5] Sample received confirmation: Sample received for button 2


[com5] Graph command received: graph


[com5] Outputs [raw]: b'0.040157 0.007637 0.000133 0.002072 \n'
[com5] Outputs: ['0.040157', '0.007637', '0.000133', '0.002072']
[com5] Predicted button: 1
[com5] Error: 0.246600

[com5] Sample sent in: 973.365966796875 milliseconds)
[com5] Sending sample vermell.2im7h6cl.ingestion-65c5587588-dvjvm.json (290/500): Button 3
[com5] Sending train command
[com5] Train start confirmation: ok


[com5] Button confirmation: Button 3


[com5] Only forward confirmation: Only forward 0


[com5] Sample received confirmation: Sample received for button 3


[com5] Graph command received: graph


[com5] Outputs [raw]: b'0.010099 0.000014 0.889519 0.000277 \n'
[com5] Outputs: ['0.010099', '0.000014', '0.889519', '0.000277']
[com5] Predicted button: 3
[com5] Error: 0.003077

[com5] Sample sent in: 985.49365234375 milliseconds)
[com5] Sending sample blau.2im7kndf.ingestion-65c5587588-dvjvm.json (291/500): Button 4
[com5] Sending train command
[com5] Train start confirmation: ok


[com5] Button confirmation: Button 4


[com5] Only forward confirmation: Only forward 0


[com5] Sample received confirmation: Sample received for button 4


[com5] Graph command received: graph


[com5] Outputs [raw]: b'0.093399 0.000010 0.096814 0.196746 \n'
[com5] Outputs: ['0.093399', '0.000010', '0.096814', '0.196746']
[com5] Predicted button: 4
[com5] Error: 0.165828

[com5] Sample sent in: 980.7998046875 milliseconds)
[com5] Sending sample montserrat.2i1jdos6.ingestion-6fbcb45f68-gjdgd.json (292/500): Button 1
[com5] Sending train command
[com5] Train start confirmation: ok


[com5] Button confirmation: Button 1


[com5] Only forward confirmation: Only forward 0


[com5] Sample received confirmation: Sample received for button 1


[com5] Graph command received: graph


[com5] Outputs [raw]: b'0.999807 0.000005 0.003943 0.000002 \n'
[com5] Outputs: ['0.999807', '0.000005', '0.003943', '0.000002']
[com5] Predicted button: 1
[com5] Error: 0.000004

[com5] Sample sent in: 980.68017578125 milliseconds)
[com5] Sending sample pedraforca.2hnauqc7.ingestion-55946b7658-stxnc.json (293/500): Button 2
[com5] Sending train command
[com5] Train start confirmation: ok


[com5] Button confirmation: Button 2


[com5] Only forward confirmation: Only forward 0


[com5] Sample received confirmation: Sample received for button 2


[com5] Graph command received: graph


[com5] Outputs [raw]: b'0.000391 0.998630 0.000164 0.000035 \n'
[com5] Outputs: ['0.000391', '0.998630', '0.000164', '0.000035']
[com5] Predicted button: 2
[com5] Error: 0.000001

[com5] Sample sent in: 984.37353515625 milliseconds)
[com5] Sending sample vermell.2im6vf05.ingestion-65c5587588-lg5cg.json (294/500): Button 3
[com5] Sending train command
[com5] Train start confirmation: ok


[com5] Button confirmation: Button 3


[com5] Only forward confirmation: Only forward 0


[com5] Sample received confirmation: Sample received for button 3


[com5] Graph command received: graph


[com5] Outputs [raw]: b'0.002011 0.095752 0.842712 0.000004 \n'
[com5] Outputs: ['0.002011', '0.095752', '0.842712', '0.000004']
[com5] Predicted button: 3
[com5] Error: 0.008478

[com5] Sample sent in: 981.902099609375 milliseconds)
[com5] Sending sample blau.2im7dfun.ingestion-65c5587588-smqjm.json (295/500): Button 4
[com5] Sending train command
[com5] Train start confirmation: ok


[com5] Button confirmation: Button 4


[com5] Only forward confirmation: Only forward 0


[com5] Sample received confirmation: Sample received for button 4


[com5] Graph command received: graph


[com5] Outputs [raw]: b'0.326380 0.003335 0.085611 0.341814 \n'
[com5] Outputs: ['0.326380', '0.003335', '0.085611', '0.341814']
[com5] Predicted button: 4
[com5] Error: 0.136768

[com5] Sample sent in: 984.4716796875 milliseconds)
[com5] Sending sample montserrat.2jdj40fl.ingestion-bcfbf9bfd-96mhc.json (296/500): Button 1
[com5] Sending train command
[com5] Train start confirmation: ok


[com5] Button confirmation: Button 1


[com5] Only forward confirmation: Only forward 0


[com5] Sample received confirmation: Sample received for button 1


[com5] Graph command received: graph


[com5] Outputs [raw]: b'0.971670 0.000637 0.002817 0.002815 \n'
[com5] Outputs: ['0.971670', '0.000637', '0.002817', '0.002815']
[com5] Predicted button: 1
[com5] Error: 0.000205

[com5] Sample sent in: 973.299560546875 milliseconds)
[com5] Sending sample pedraforca.2jdjj29q.ingestion-7979684cc8-tbwcn.json (297/500): Button 2
[com5] Sending train command
[com5] Train start confirmation: ok


[com5] Button confirmation: Button 2


[com5] Only forward confirmation: Only forward 0


[com5] Sample received confirmation: Sample received for button 2


[com5] Graph command received: graph


[com5] Outputs [raw]: b'0.100606 0.998708 0.000121 0.000098 \n'
[com5] Outputs: ['0.100606', '0.998708', '0.000121', '0.000098']
[com5] Predicted button: 2
[com5] Error: 0.002531

[com5] Sample sent in: 958.048583984375 milliseconds)
[com5] Sending sample vermell.2im7gk2d.ingestion-65c5587588-smqjm.json (298/500): Button 3
[com5] Sending train command
[com5] Train start confirmation: ok


[com5] Button confirmation: Button 3


[com5] Only forward confirmation: Only forward 0


[com5] Sample received confirmation: Sample received for button 3


[com5] Graph command received: graph


[com5] Outputs [raw]: b'0.000149 0.011798 0.842679 0.010429 \n'
[com5] Outputs: ['0.000149', '0.011798', '0.842679', '0.010429']
[com5] Predicted button: 3
[com5] Error: 0.006249

[com5] Sample sent in: 968.429443359375 milliseconds)
[com5] Sending sample blau.2im7e7ae.ingestion-65c5587588-lg5cg.json (299/500): Button 4
[com5] Sending train command
[com5] Train start confirmation: ok


[com5] Button confirmation: Button 4


[com5] Only forward confirmation: Only forward 0


[com5] Sample received confirmation: Sample received for button 4


[com5] Graph command received: graph


[com5] Outputs [raw]: b'0.001685 0.980095 0.000776 0.995412 \n'
[com5] Outputs: ['0.001685', '0.980095', '0.000776', '0.995412']
[com5] Predicted button: 4
[com5] Error: 0.240153

[com5] Sample sent in: 978.543212890625 milliseconds)
[com5] Sending sample montserrat.2jdj9vl9.ingestion-bcfbf9bfd-96mhc.json (300/500): Button 1
[com5] Sending train command
[com5] Train start confirmation: ok


[com5] Button confirmation: Button 1


[com5] Only forward confirmation: Only forward 0


[com5] Sample received confirmation: Sample received for button 1


[com5] Graph command received: graph


[com5] Outputs [raw]: b'0.997556 0.003174 0.000038 0.412453 \n'
[com5] Outputs: ['0.997556', '0.003174', '0.000038', '0.412453']
[com5] Predicted button: 1
[com5] Error: 0.042533

[com5] Sample sent in: 969.859375 milliseconds)
[com5] Sending sample pedraforca.2i1jla8o.ingestion-6fbcb45f68-8grp6.json (301/500): Button 2
[com5] Sending train command
[com5] Train start confirmation: ok


[com5] Button confirmation: Button 2


[com5] Only forward confirmation: Only forward 0


[com5] Sample received confirmation: Sample received for button 2


[com5] Graph command received: graph


[com5] Outputs [raw]: b'0.000030 0.999898 0.000310 0.000383 \n'
[com5] Outputs: ['0.000030', '0.999898', '0.000310', '0.000383']
[com5] Predicted button: 2
[com5] Error: 0.000000

[com5] Sample sent in: 980.958740234375 milliseconds)
[com5] Sending sample vermell.2im6s1gr.ingestion-65c5587588-lg5cg.json (302/500): Button 3
[com5] Sending train command
[com5] Train start confirmation: ok


[com5] Button confirmation: Button 3


[com5] Only forward confirmation: Only forward 0


[com5] Sample received confirmation: Sample received for button 3


[com5] Graph command received: graph


[com5] Outputs [raw]: b'0.001690 0.000006 0.999926 0.000833 \n'
[com5] Outputs: ['0.001690', '0.000006', '0.999926', '0.000833']
[com5] Predicted button: 3
[com5] Error: 0.000001

[com5] Sample sent in: 990.444580078125 milliseconds)
[com5] Sending sample blau.2im7k8sg.ingestion-65c5587588-smqjm.json (303/500): Button 4
[com5] Sending train command
[com5] Train start confirmation: ok


[com5] Button confirmation: Button 4


[com5] Only forward confirmation: Only forward 0


[com5] Sample received confirmation: Sample received for button 4


[com5] Graph command received: graph


[com5] Outputs [raw]: b'0.072090 0.040505 0.000690 0.992373 \n'
[com5] Outputs: ['0.072090', '0.040505', '0.000690', '0.992373']
[com5] Predicted button: 4
[com5] Error: 0.001724

[com5] Sample sent in: 980.91796875 milliseconds)
[com5] Sending sample montserrat.2i19ocht.ingestion-6fbcb45f68-gjdgd.json (304/500): Button 1
[com5] Sending train command
[com5] Train start confirmation: ok


[com5] Button confirmation: Button 1


[com5] Only forward confirmation: Only forward 0


[com5] Sample received confirmation: Sample received for button 1


[com5] Graph command received: graph


[com5] Outputs [raw]: b'0.999618 0.000617 0.000000 0.025829 \n'
[com5] Outputs: ['0.999618', '0.000617', '0.000000', '0.025829']
[com5] Predicted button: 1
[com5] Error: 0.000167

[com5] Sample sent in: 978.371826171875 milliseconds)
[com5] Sending sample pedraforca.2jdjh7cm.ingestion-7979684cc8-tbwcn.json (305/500): Button 2
[com5] Sending train command
[com5] Train start confirmation: ok


[com5] Button confirmation: Button 2


[com5] Only forward confirmation: Only forward 0


[com5] Sample received confirmation: Sample received for button 2


[com5] Graph command received: graph


[com5] Outputs [raw]: b'0.000084 0.999934 0.000058 0.000220 \n'
[com5] Outputs: ['0.000084', '0.999934', '0.000058', '0.000220']
[com5] Predicted button: 2
[com5] Error: 0.000000

[com5] Sample sent in: 979.023193359375 milliseconds)
[com5] Sending sample vermell.2im6vh15.ingestion-65c5587588-smqjm.json (306/500): Button 3
[com5] Sending train command
[com5] Train start confirmation: ok


[com5] Button confirmation: Button 3


[com5] Only forward confirmation: Only forward 0


[com5] Sample received confirmation: Sample received for button 3


[com5] Graph command received: graph


[com5] Outputs [raw]: b'0.062447 0.388745 0.903176 0.000006 \n'
[com5] Outputs: ['0.062447', '0.388745', '0.903176', '0.000006']
[com5] Predicted button: 3
[com5] Error: 0.041099

[com5] Sample sent in: 980.59521484375 milliseconds)
[com5] Sending sample blau.2im8on3d.ingestion-65c5587588-smqjm.json (307/500): Button 4
[com5] Sending train command
[com5] Train start confirmation: ok


[com5] Button confirmation: Button 4


[com5] Only forward confirmation: Only forward 0


[com5] Sample received confirmation: Sample received for button 4


[com5] Graph command received: graph


[com5] Outputs [raw]: b'0.877323 0.001427 0.002826 0.089528 \n'
[com5] Outputs: ['0.877323', '0.001427', '0.002826', '0.089528']
[com5] Predicted button: 1
[com5] Error: 0.399666

[com5] Sample sent in: 982.7041015625 milliseconds)
[com5] Sending sample montserrat.2jdj6n3o.ingestion-bcfbf9bfd-96mhc.json (308/500): Button 1
[com5] Sending train command
[com5] Train start confirmation: ok


[com5] Button confirmation: Button 1


[com5] Only forward confirmation: Only forward 0


[com5] Sample received confirmation: Sample received for button 1


[com5] Graph command received: graph


[com5] Outputs [raw]: b'0.997432 0.000935 0.000095 0.006602 \n'
[com5] Outputs: ['0.997432', '0.000935', '0.000095', '0.006602']
[com5] Predicted button: 1
[com5] Error: 0.000013

[com5] Sample sent in: 982.7294921875 milliseconds)
[com5] Sending sample pedraforca.2i6sm8e3.ingestion-6fbcb45f68-8grp6.json (309/500): Button 2
[com5] Sending train command
[com5] Train start confirmation: ok


[com5] Button confirmation: Button 2


[com5] Only forward confirmation: Only forward 0


[com5] Sample received confirmation: Sample received for button 2


[com5] Graph command received: graph


[com5] Outputs [raw]: b'0.060216 0.996835 0.000002 0.041538 \n'
[com5] Outputs: ['0.060216', '0.996835', '0.000002', '0.041538']
[com5] Predicted button: 2
[com5] Error: 0.001340

[com5] Sample sent in: 984.841796875 milliseconds)
[com5] Sending sample vermell.2im7mdtg.ingestion-65c5587588-lg5cg.json (310/500): Button 3
[com5] Sending train command
[com5] Train start confirmation: ok


[com5] Button confirmation: Button 3


[com5] Only forward confirmation: Only forward 0


[com5] Sample received confirmation: Sample received for button 3


[com5] Graph command received: graph


[com5] Outputs [raw]: b'0.335155 0.000122 0.988097 0.797648 \n'
[com5] Outputs: ['0.335155', '0.000122', '0.988097', '0.797648']
[com5] Predicted button: 3
[com5] Error: 0.187178

[com5] Sample sent in: 979.548828125 milliseconds)
[com5] Sending sample blau.2im8pcrs.ingestion-65c5587588-dvjvm.json (311/500): Button 4
[com5] Sending train command
[com5] Train start confirmation: ok


[com5] Button confirmation: Button 4


[com5] Only forward confirmation: Only forward 0


[com5] Sample received confirmation: Sample received for button 4


[com5] Graph command received: graph


[com5] Outputs [raw]: b'0.012185 0.044072 0.000877 0.993842 \n'
[com5] Outputs: ['0.012185', '0.044072', '0.000877', '0.993842']
[com5] Predicted button: 4
[com5] Error: 0.000532

[com5] Sample sent in: 977.6201171875 milliseconds)
[com5] Sending sample montserrat.2i1jdt28.ingestion-6fbcb45f68-v56rs.json (312/500): Button 1
[com5] Sending train command
[com5] Train start confirmation: ok


[com5] Button confirmation: Button 1


[com5] Only forward confirmation: Only forward 0


[com5] Sample received confirmation: Sample received for button 1


[com5] Graph command received: graph


[com5] Outputs [raw]: b'0.999878 0.012866 0.000035 0.000352 \n'
[com5] Outputs: ['0.999878', '0.012866', '0.000035', '0.000352']
[com5] Predicted button: 1
[com5] Error: 0.000041

[com5] Sample sent in: 985.776611328125 milliseconds)
[com5] Sending sample pedraforca.2hna08iu.ingestion-55946b7658-t54wj.json (313/500): Button 2
[com5] Sending train command
[com5] Train start confirmation: ok


[com5] Button confirmation: Button 2


[com5] Only forward confirmation: Only forward 0


[com5] Sample received confirmation: Sample received for button 2


[com5] Graph command received: graph


[com5] Outputs [raw]: b'0.000992 0.851907 0.000376 0.501924 \n'
[com5] Outputs: ['0.000992', '0.851907', '0.000376', '0.501924']
[com5] Predicted button: 2
[com5] Error: 0.068465

[com5] Sample sent in: 981.40185546875 milliseconds)
[com5] Sending sample vermell.2im7g80s.ingestion-65c5587588-lg5cg.json (314/500): Button 3
[com5] Sending train command
[com5] Train start confirmation: ok


[com5] Button confirmation: Button 3


[com5] Only forward confirmation: Only forward 0


[com5] Sample received confirmation: Sample received for button 3


[com5] Graph command received: graph


[com5] Outputs [raw]: b'0.000145 0.704058 0.659018 0.318925 \n'
[com5] Outputs: ['0.000145', '0.704058', '0.659018', '0.318925']
[com5] Predicted button: 2
[com5] Error: 0.178420

[com5] Sample sent in: 988.408203125 milliseconds)
[com5] Sending sample blau.2im7k549.ingestion-65c5587588-dvjvm.json (315/500): Button 4
[com5] Sending train command
[com5] Train start confirmation: ok


[com5] Button confirmation: Button 4


[com5] Only forward confirmation: Only forward 0


[com5] Sample received confirmation: Sample received for button 4


[com5] Graph command received: graph


[com5] Outputs [raw]: b'0.026408 0.000735 0.002383 0.984383 \n'
[com5] Outputs: ['0.026408', '0.000735', '0.002383', '0.984383']
[com5] Predicted button: 4
[com5] Error: 0.000237

[com5] Sample sent in: 981.670166015625 milliseconds)
[com5] Sending sample montserrat.2jb698a0.ingestion-8499f64fc9-mr8hw.json (316/500): Button 1
[com5] Sending train command
[com5] Train start confirmation: ok


[com5] Button confirmation: Button 1


[com5] Only forward confirmation: Only forward 0


[com5] Sample received confirmation: Sample received for button 1


[com5] Graph command received: graph


[com5] Outputs [raw]: b'0.998283 0.000296 0.000028 0.022728 \n'
[com5] Outputs: ['0.998283', '0.000296', '0.000028', '0.022728']
[com5] Predicted button: 1
[com5] Error: 0.000130

[com5] Sample sent in: 982.37060546875 milliseconds)
[com5] Sending sample pedraforca.2jdjiu96.ingestion-7979684cc8-9nv75.json (317/500): Button 2
[com5] Sending train command
[com5] Train start confirmation: ok


[com5] Button confirmation: Button 2


[com5] Only forward confirmation: Only forward 0


[com5] Sample received confirmation: Sample received for button 2


[com5] Graph command received: graph


[com5] Outputs [raw]: b'0.996201 0.000020 0.000116 0.235474 \n'
[com5] Outputs: ['0.996201', '0.000020', '0.000116', '0.235474']
[com5] Predicted button: 1
[com5] Error: 0.511956

[com5] Sample sent in: 983.80859375 milliseconds)
[com5] Sending sample vermell.2im7lt1i.ingestion-65c5587588-lg5cg.json (318/500): Button 3
[com5] Sending train command
[com5] Train start confirmation: ok


[com5] Button confirmation: Button 3


[com5] Only forward confirmation: Only forward 0


[com5] Sample received confirmation: Sample received for button 3


[com5] Graph command received: graph


[com5] Outputs [raw]: b'0.000082 0.000079 0.971585 0.257634 \n'
[com5] Outputs: ['0.000082', '0.000079', '0.971585', '0.257634']
[com5] Predicted button: 3
[com5] Error: 0.016796

[com5] Sample sent in: 982.166259765625 milliseconds)
[com5] Sending sample blau.2im7dpf8.ingestion-65c5587588-lg5cg.json (319/500): Button 4
[com5] Sending train command
[com5] Train start confirmation: ok


[com5] Button confirmation: Button 4


[com5] Only forward confirmation: Only forward 0


[com5] Sample received confirmation: Sample received for button 4


[com5] Graph command received: graph


[com5] Outputs [raw]: b'0.000010 0.007015 0.009513 0.629440 \n'
[com5] Outputs: ['0.000010', '0.007015', '0.009513', '0.629440']
[com5] Predicted button: 4
[com5] Error: 0.034364

[com5] Sample sent in: 985.093017578125 milliseconds)
[com5] Sending sample montserrat.2jb21d76.ingestion-8499f64fc9-mr8hw.json (320/500): Button 1
[com5] Sending train command
[com5] Train start confirmation: ok


[com5] Button confirmation: Button 1


[com5] Only forward confirmation: Only forward 0


[com5] Sample received confirmation: Sample received for button 1


[com5] Graph command received: graph


[com5] Outputs [raw]: b'0.002081 0.995609 0.000010 0.012650 \n'
[com5] Outputs: ['0.002081', '0.995609', '0.000010', '0.012650']
[com5] Predicted button: 2
[com5] Error: 0.496810

[com5] Sample sent in: 989.42626953125 milliseconds)
[com5] Sending sample pedraforca.2i1j9j7c.ingestion-6fbcb45f68-v56rs.json (321/500): Button 2
[com5] Sending train command
[com5] Train start confirmation: ok


[com5] Button confirmation: Button 2


[com5] Only forward confirmation: Only forward 0


[com5] Sample received confirmation: Sample received for button 2


[com5] Graph command received: graph


[com5] Outputs [raw]: b'0.000039 0.865012 0.001326 0.004108 \n'
[com5] Outputs: ['0.000039', '0.865012', '0.001326', '0.004108']
[com5] Predicted button: 2
[com5] Error: 0.004560

[com5] Sample sent in: 980.602294921875 milliseconds)
[com5] Sending sample vermell.2im7mja9.ingestion-65c5587588-smqjm.json (322/500): Button 3
[com5] Sending train command
[com5] Train start confirmation: ok


[com5] Button confirmation: Button 3


[com5] Only forward confirmation: Only forward 0


[com5] Sample received confirmation: Sample received for button 3


[com5] Graph command received: graph


[com5] Outputs [raw]: b'0.003307 0.000016 0.040675 0.539448 \n'
[com5] Outputs: ['0.003307', '0.000016', '0.040675', '0.539448']
[com5] Predicted button: 4
[com5] Error: 0.302830

[com5] Sample sent in: 957.50927734375 milliseconds)
[com5] Sending sample blau.2im8ltqn.ingestion-65c5587588-smqjm.json (323/500): Button 4
[com5] Sending train command
[com5] Train start confirmation: ok


[com5] Button confirmation: Button 4


[com5] Only forward confirmation: Only forward 0


[com5] Sample received confirmation: Sample received for button 4


[com5] Graph command received: graph


[com5] Outputs [raw]: b'0.000105 0.000015 0.069267 0.205589 \n'
[com5] Outputs: ['0.000105', '0.000015', '0.069267', '0.205589']
[com5] Predicted button: 4
[com5] Error: 0.158972

[com5] Sample sent in: 968.916748046875 milliseconds)
[com5] Sending sample montserrat.2jap3lcn.ingestion-8499f64fc9-mr8hw.json (324/500): Button 1
[com5] Sending train command
[com5] Train start confirmation: ok


[com5] Button confirmation: Button 1


[com5] Only forward confirmation: Only forward 0


[com5] Sample received confirmation: Sample received for button 1


[com5] Graph command received: graph


[com5] Outputs [raw]: b'0.997010 0.018237 0.000620 0.000068 \n'
[com5] Outputs: ['0.997010', '0.018237', '0.000620', '0.000068']
[com5] Predicted button: 1
[com5] Error: 0.000085

[com5] Sample sent in: 971.187255859375 milliseconds)
[com5] Sending sample pedraforca.2jdjibge.ingestion-7979684cc8-5gkxz.json (325/500): Button 2
[com5] Sending train command
[com5] Train start confirmation: ok


[com5] Button confirmation: Button 2


[com5] Only forward confirmation: Only forward 0


[com5] Sample received confirmation: Sample received for button 2


[com5] Graph command received: graph


[com5] Outputs [raw]: b'0.000113 0.986866 0.000901 0.000970 \n'
[com5] Outputs: ['0.000113', '0.986866', '0.000901', '0.000970']
[com5] Predicted button: 2
[com5] Error: 0.000044

[com5] Sample sent in: 976.997802734375 milliseconds)
[com5] Sending sample vermell.2im6u5rh.ingestion-65c5587588-dvjvm.json (326/500): Button 3
[com5] Sending train command
[com5] Train start confirmation: ok


[com5] Button confirmation: Button 3


[com5] Only forward confirmation: Only forward 0


[com5] Sample received confirmation: Sample received for button 3


[com5] Graph command received: graph


[com5] Outputs [raw]: b'0.000000 0.000038 0.999997 0.000001 \n'
[com5] Outputs: ['0.000000', '0.000038', '0.999997', '0.000001']
[com5] Predicted button: 3
[com5] Error: 0.000000

[com5] Sample sent in: 968.0009765625 milliseconds)
[com5] Sending sample blau.2im7jena.ingestion-65c5587588-lg5cg.json (327/500): Button 4
[com5] Sending train command
[com5] Train start confirmation: ok


[com5] Button confirmation: Button 4


[com5] Only forward confirmation: Only forward 0


[com5] Sample received confirmation: Sample received for button 4


[com5] Graph command received: graph


[com5] Outputs [raw]: b'0.130870 0.000736 0.001115 0.371672 \n'
[com5] Outputs: ['0.130870', '0.000736', '0.001115', '0.371672']
[com5] Predicted button: 4
[com5] Error: 0.102981

[com5] Sample sent in: 962.02978515625 milliseconds)
[com5] Sending sample montserrat.2i1jek25.ingestion-6fbcb45f68-v56rs.json (328/500): Button 1
[com5] Sending train command
[com5] Train start confirmation: ok


[com5] Button confirmation: Button 1


[com5] Only forward confirmation: Only forward 0


[com5] Sample received confirmation: Sample received for button 1


[com5] Graph command received: graph


[com5] Outputs [raw]: b'0.996221 0.003835 0.000010 0.000222 \n'
[com5] Outputs: ['0.996221', '0.003835', '0.000010', '0.000222']
[com5] Predicted button: 1
[com5] Error: 0.000007

[com5] Sample sent in: 987.046875 milliseconds)
[com5] Sending sample pedraforca.2jdjgdca.ingestion-7979684cc8-9nv75.json (329/500): Button 2
[com5] Sending train command
[com5] Train start confirmation: ok


[com5] Button confirmation: Button 2


[com5] Only forward confirmation: Only forward 0


[com5] Sample received confirmation: Sample received for button 2


[com5] Graph command received: graph


[com5] Outputs [raw]: b'0.002733 0.979905 0.000006 0.000001 \n'
[com5] Outputs: ['0.002733', '0.979905', '0.000006', '0.000001']
[com5] Predicted button: 2
[com5] Error: 0.000103

[com5] Sample sent in: 984.949462890625 milliseconds)
[com5] Sending sample vermell.2im7fok7.ingestion-65c5587588-dvjvm.json (330/500): Button 3
[com5] Sending train command
[com5] Train start confirmation: ok


[com5] Button confirmation: Button 3


[com5] Only forward confirmation: Only forward 0


[com5] Sample received confirmation: Sample received for button 3


[com5] Graph command received: graph


[com5] Outputs [raw]: b'0.000004 0.000000 1.000000 0.000000 \n'
[com5] Outputs: ['0.000004', '0.000000', '1.000000', '0.000000']
[com5] Predicted button: 3
[com5] Error: 0.000000

[com5] Sample sent in: 984.8125 milliseconds)
[com5] Sending sample blau.2im8ojn1.ingestion-65c5587588-smqjm.json (331/500): Button 4
[com5] Sending train command
[com5] Train start confirmation: ok


[com5] Button confirmation: Button 4


[com5] Only forward confirmation: Only forward 0


[com5] Sample received confirmation: Sample received for button 4


[com5] Graph command received: graph


[com5] Outputs [raw]: b'0.002042 0.011308 0.005989 0.288566 \n'
[com5] Outputs: ['0.002042', '0.011308', '0.005989', '0.288566']
[com5] Predicted button: 4
[com5] Error: 0.126577

[com5] Sample sent in: 981.406494140625 milliseconds)
[com5] Sending sample montserrat.2jdj5eir.ingestion-bcfbf9bfd-pdtnn.json (332/500): Button 1
[com5] Sending train command
[com5] Train start confirmation: ok


[com5] Button confirmation: Button 1


[com5] Only forward confirmation: Only forward 0


[com5] Sample received confirmation: Sample received for button 1


[com5] Graph command received: graph


[com5] Outputs [raw]: b'0.993031 0.000004 0.092359 0.000005 \n'
[com5] Outputs: ['0.993031', '0.000004', '0.092359', '0.000005']
[com5] Predicted button: 1
[com5] Error: 0.002145

[com5] Sample sent in: 957.846435546875 milliseconds)
[com5] Sending sample pedraforca.2jdjjo8o.ingestion-7979684cc8-5gkxz.json (333/500): Button 2
[com5] Sending train command
[com5] Train start confirmation: ok


[com5] Button confirmation: Button 2


[com5] Only forward confirmation: Only forward 0


[com5] Sample received confirmation: Sample received for button 2


[com5] Graph command received: graph


[com5] Outputs [raw]: b'0.006393 0.021012 0.003223 0.000245 \n'
[com5] Outputs: ['0.006393', '0.021012', '0.003223', '0.000245']
[com5] Predicted button: 2
[com5] Error: 0.239617

[com5] Sample sent in: 969.3857421875 milliseconds)
[com5] Sending sample vermell.2im76rlf.ingestion-65c5587588-dvjvm.json (334/500): Button 3
[com5] Sending train command
[com5] Train start confirmation: ok


[com5] Button confirmation: Button 3


[com5] Only forward confirmation: Only forward 0


[com5] Sample received confirmation: Sample received for button 3


[com5] Graph command received: graph


[com5] Outputs [raw]: b'0.000006 0.000000 1.000000 0.000360 \n'
[com5] Outputs: ['0.000006', '0.000000', '1.000000', '0.000360']
[com5] Predicted button: 3
[com5] Error: 0.000000

[com5] Sample sent in: 971.927490234375 milliseconds)
[com5] Sending sample blau.2im7de45.ingestion-65c5587588-lg5cg.json (335/500): Button 4
[com5] Sending train command
[com5] Train start confirmation: ok


[com5] Button confirmation: Button 4


[com5] Only forward confirmation: Only forward 0


[com5] Sample received confirmation: Sample received for button 4


[com5] Graph command received: graph


[com5] Outputs [raw]: b'0.003712 0.000005 0.769214 0.993062 \n'
[com5] Outputs: ['0.003712', '0.000005', '0.769214', '0.993062']
[com5] Predicted button: 4
[com5] Error: 0.147938

[com5] Sample sent in: 974.531494140625 milliseconds)
[com5] Sending sample montserrat.2jdjajsa.ingestion-bcfbf9bfd-96mhc.json (336/500): Button 1
[com5] Sending train command
[com5] Train start confirmation: ok


[com5] Button confirmation: Button 1


[com5] Only forward confirmation: Only forward 0


[com5] Sample received confirmation: Sample received for button 1


[com5] Graph command received: graph


[com5] Outputs [raw]: b'0.996911 0.000001 0.020084 0.042678 \n'
[com5] Outputs: ['0.996911', '0.000001', '0.020084', '0.042678']
[com5] Predicted button: 1
[com5] Error: 0.000559

[com5] Sample sent in: 953.183349609375 milliseconds)
[com5] Sending sample pedraforca.2i1j9c5g.ingestion-6fbcb45f68-gjdgd.json (337/500): Button 2
[com5] Sending train command
[com5] Train start confirmation: ok


[com5] Button confirmation: Button 2


[com5] Only forward confirmation: Only forward 0


[com5] Sample received confirmation: Sample received for button 2


[com5] Graph command received: graph


[com5] Outputs [raw]: b'0.005182 0.895489 0.000036 0.000662 \n'
[com5] Outputs: ['0.005182', '0.895489', '0.000036', '0.000662']
[com5] Predicted button: 2
[com5] Error: 0.002737

[com5] Sample sent in: 962.542724609375 milliseconds)
[com5] Sending sample vermell.2im7fl49.ingestion-65c5587588-smqjm.json (338/500): Button 3
[com5] Sending train command
[com5] Train start confirmation: ok


[com5] Button confirmation: Button 3


[com5] Only forward confirmation: Only forward 0


[com5] Sample received confirmation: Sample received for button 3


[com5] Graph command received: graph


[com5] Outputs [raw]: b'0.000000 0.000004 0.999989 0.000086 \n'
[com5] Outputs: ['0.000000', '0.000004', '0.999989', '0.000086']
[com5] Predicted button: 3
[com5] Error: 0.000000

[com5] Sample sent in: 965.807373046875 milliseconds)
[com5] Sending sample blau.2im7jtki.ingestion-65c5587588-smqjm.json (339/500): Button 4
[com5] Sending train command
[com5] Train start confirmation: ok


[com5] Button confirmation: Button 4


[com5] Only forward confirmation: Only forward 0


[com5] Sample received confirmation: Sample received for button 4


[com5] Graph command received: graph


[com5] Outputs [raw]: b'0.000987 0.000001 0.777080 0.983705 \n'
[com5] Outputs: ['0.000987', '0.000001', '0.777080', '0.983705']
[com5] Predicted button: 4
[com5] Error: 0.151030

[com5] Sample sent in: 959.9638671875 milliseconds)
[com5] Sending sample montserrat.2i1jhgf3.ingestion-6fbcb45f68-v56rs.json (340/500): Button 1
[com5] Sending train command
[com5] Train start confirmation: ok


[com5] Button confirmation: Button 1


[com5] Only forward confirmation: Only forward 0


[com5] Sample received confirmation: Sample received for button 1


[com5] Graph command received: graph


[com5] Outputs [raw]: b'0.998862 0.000128 0.000140 0.033591 \n'
[com5] Outputs: ['0.998862', '0.000128', '0.000140', '0.033591']
[com5] Predicted button: 1
[com5] Error: 0.000282

[com5] Sample sent in: 960.265625 milliseconds)
[com5] Sending sample pedraforca.2hnau1gn.ingestion-55946b7658-stxnc.json (341/500): Button 2
[com5] Sending train command
[com5] Train start confirmation: ok


[com5] Button confirmation: Button 2


[com5] Only forward confirmation: Only forward 0


[com5] Sample received confirmation: Sample received for button 2


[com5] Graph command received: graph


[com5] Outputs [raw]: b'0.001298 0.989282 0.000178 0.035072 \n'
[com5] Outputs: ['0.001298', '0.989282', '0.000178', '0.035072']
[com5] Predicted button: 2
[com5] Error: 0.000337

[com5] Sample sent in: 981.284423828125 milliseconds)
[com5] Sending sample vermell.2im7fu44.ingestion-65c5587588-smqjm.json (342/500): Button 3
[com5] Sending train command
[com5] Train start confirmation: ok


[com5] Button confirmation: Button 3


[com5] Only forward confirmation: Only forward 0


[com5] Sample received confirmation: Sample received for button 3


[com5] Graph command received: graph


[com5] Outputs [raw]: b'0.000065 0.000000 0.982969 0.441260 \n'
[com5] Outputs: ['0.000065', '0.000000', '0.982969', '0.441260']
[com5] Predicted button: 3
[com5] Error: 0.048750

[com5] Sample sent in: 976.831787109375 milliseconds)
[com5] Sending sample blau.2im7jm9r.ingestion-65c5587588-lg5cg.json (343/500): Button 4
[com5] Sending train command
[com5] Train start confirmation: ok


[com5] Button confirmation: Button 4


[com5] Only forward confirmation: Only forward 0


[com5] Sample received confirmation: Sample received for button 4


[com5] Graph command received: graph


[com5] Outputs [raw]: b'0.000307 0.000007 0.000326 0.999938 \n'
[com5] Outputs: ['0.000307', '0.000007', '0.000326', '0.999938']
[com5] Predicted button: 4
[com5] Error: 0.000000

[com5] Sample sent in: 966.841552734375 milliseconds)
[com5] Sending sample montserrat.2jdj2msj.ingestion-bcfbf9bfd-96mhc.json (344/500): Button 1
[com5] Sending train command
[com5] Train start confirmation: ok


[com5] Button confirmation: Button 1


[com5] Only forward confirmation: Only forward 0


[com5] Sample received confirmation: Sample received for button 1


[com5] Graph command received: graph


[com5] Outputs [raw]: b'0.998234 0.000003 0.000117 0.000004 \n'
[com5] Outputs: ['0.998234', '0.000003', '0.000117', '0.000004']
[com5] Predicted button: 1
[com5] Error: 0.000001

[com5] Sample sent in: 967.617431640625 milliseconds)
[com5] Sending sample pedraforca.2jdjjaee.ingestion-7979684cc8-5gkxz.json (345/500): Button 2
[com5] Sending train command
[com5] Train start confirmation: ok


[com5] Button confirmation: Button 2


[com5] Only forward confirmation: Only forward 0


[com5] Sample received confirmation: Sample received for button 2


[com5] Graph command received: graph


[com5] Outputs [raw]: b'0.021272 0.906937 0.000011 0.000001 \n'
[com5] Outputs: ['0.021272', '0.906937', '0.000011', '0.000001']
[com5] Predicted button: 2
[com5] Error: 0.002278

[com5] Sample sent in: 960.2265625 milliseconds)
[com5] Sending sample vermell.2im6r47i.ingestion-65c5587588-smqjm.json (346/500): Button 3
[com5] Sending train command
[com5] Train start confirmation: ok


[com5] Button confirmation: Button 3


[com5] Only forward confirmation: Only forward 0


[com5] Sample received confirmation: Sample received for button 3


[com5] Graph command received: graph


[com5] Outputs [raw]: b'0.036585 0.000000 0.666523 0.000000 \n'
[com5] Outputs: ['0.036585', '0.000000', '0.666523', '0.000000']
[com5] Predicted button: 3
[com5] Error: 0.028136

[com5] Sample sent in: 961.000732421875 milliseconds)
[com5] Sending sample blau.2im6sqg9.ingestion-65c5587588-dvjvm.json (347/500): Button 4
[com5] Sending train command
[com5] Train start confirmation: ok


[com5] Button confirmation: Button 4


[com5] Only forward confirmation: Only forward 0


[com5] Sample received confirmation: Sample received for button 4


[com5] Graph command received: graph


[com5] Outputs [raw]: b'0.000520 0.000111 0.000099 0.999483 \n'
[com5] Outputs: ['0.000520', '0.000111', '0.000099', '0.999483']
[com5] Predicted button: 4
[com5] Error: 0.000000

[com5] Sample sent in: 953.5234375 milliseconds)
[com5] Sending sample montserrat.2i19orqi.ingestion-6fbcb45f68-v56rs.json (348/500): Button 1
[com5] Sending train command
[com5] Train start confirmation: ok


[com5] Button confirmation: Button 1


[com5] Only forward confirmation: Only forward 0


[com5] Sample received confirmation: Sample received for button 1


[com5] Graph command received: graph


[com5] Outputs [raw]: b'0.996972 0.000184 0.000000 0.000127 \n'
[com5] Outputs: ['0.996972', '0.000184', '0.000000', '0.000127']
[com5] Predicted button: 1
[com5] Error: 0.000002

[com5] Sample sent in: 957.978515625 milliseconds)
[com5] Sending sample pedraforca.2jdjjmcg.ingestion-7979684cc8-9nv75.json (349/500): Button 2
[com5] Sending train command
[com5] Train start confirmation: ok


[com5] Button confirmation: Button 2


[com5] Only forward confirmation: Only forward 0


[com5] Sample received confirmation: Sample received for button 2


[com5] Graph command received: graph


[com5] Outputs [raw]: b'0.939243 0.010433 0.000153 0.000039 \n'
[com5] Outputs: ['0.939243', '0.010433', '0.000153', '0.000039']
[com5] Predicted button: 1
[com5] Error: 0.465355

[com5] Sample sent in: 959.88427734375 milliseconds)
[com5] Sending sample vermell.2im7m2ha.ingestion-65c5587588-dvjvm.json (350/500): Button 3
[com5] Sending train command
[com5] Train start confirmation: ok


[com5] Button confirmation: Button 3


[com5] Only forward confirmation: Only forward 0


[com5] Sample received confirmation: Sample received for button 3


[com5] Graph command received: graph


[com5] Outputs [raw]: b'0.001895 0.000000 0.927645 0.001910 \n'
[com5] Outputs: ['0.001895', '0.000000', '0.927645', '0.001910']
[com5] Predicted button: 3
[com5] Error: 0.001311

[com5] Sample sent in: 955.859130859375 milliseconds)
[com5] Sending sample blau.2im7dhr0.ingestion-65c5587588-lg5cg.json (351/500): Button 4
[com5] Sending train command
[com5] Train start confirmation: ok


[com5] Button confirmation: Button 4


[com5] Only forward confirmation: Only forward 0


[com5] Sample received confirmation: Sample received for button 4


[com5] Graph command received: graph


[com5] Outputs [raw]: b'0.000313 0.000000 0.002473 0.963260 \n'
[com5] Outputs: ['0.000313', '0.000000', '0.002473', '0.963260']
[com5] Predicted button: 4
[com5] Error: 0.000339

[com5] Sample sent in: 956.593017578125 milliseconds)
[com5] Sending sample montserrat.2jdj4se4.ingestion-bcfbf9bfd-pdtnn.json (352/500): Button 1
[com5] Sending train command
[com5] Train start confirmation: ok


[com5] Button confirmation: Button 1


[com5] Only forward confirmation: Only forward 0


[com5] Sample received confirmation: Sample received for button 1


[com5] Graph command received: graph


[com5] Outputs [raw]: b'0.003585 0.097752 0.000060 0.043978 \n'
[com5] Outputs: ['0.003585', '0.097752', '0.000060', '0.043978']
[com5] Predicted button: 2
[com5] Error: 0.251083

[com5] Sample sent in: 960.138427734375 milliseconds)
[com5] Sending sample pedraforca.2jdjjcgp.ingestion-7979684cc8-tbwcn.json (353/500): Button 2
[com5] Sending train command
[com5] Train start confirmation: ok


[com5] Button confirmation: Button 2


[com5] Only forward confirmation: Only forward 0


[com5] Sample received confirmation: Sample received for button 2


[com5] Graph command received: graph


[com5] Outputs [raw]: b'0.000003 0.996729 0.000050 0.001675 \n'
[com5] Outputs: ['0.000003', '0.996729', '0.000050', '0.001675']
[com5] Predicted button: 2
[com5] Error: 0.000003

[com5] Sample sent in: 958.371337890625 milliseconds)
[com5] Sending sample vermell.2im7gib8.ingestion-65c5587588-dvjvm.json (354/500): Button 3
[com5] Sending train command
[com5] Train start confirmation: ok


[com5] Button confirmation: Button 3


[com5] Only forward confirmation: Only forward 0


[com5] Sample received confirmation: Sample received for button 3


[com5] Graph command received: graph


[com5] Outputs [raw]: b'0.000002 0.000000 0.979414 0.699337 \n'
[com5] Outputs: ['0.000002', '0.000000', '0.979414', '0.699337']
[com5] Predicted button: 3
[com5] Error: 0.122374

[com5] Sample sent in: 956.131103515625 milliseconds)
[com5] Sending sample blau.2im7jglq.ingestion-65c5587588-smqjm.json (355/500): Button 4
[com5] Sending train command
[com5] Train start confirmation: ok


[com5] Button confirmation: Button 4


[com5] Only forward confirmation: Only forward 0


[com5] Sample received confirmation: Sample received for button 4


[com5] Graph command received: graph


[com5] Outputs [raw]: b'0.000567 0.000191 0.000001 0.999625 \n'
[com5] Outputs: ['0.000567', '0.000191', '0.000001', '0.999625']
[com5] Predicted button: 4
[com5] Error: 0.000000

[com5] Sample sent in: 971.685302734375 milliseconds)
[com5] Sending sample montserrat.2i1je14p.ingestion-6fbcb45f68-v56rs.json (356/500): Button 1
[com5] Sending train command
[com5] Train start confirmation: ok


[com5] Button confirmation: Button 1


[com5] Only forward confirmation: Only forward 0


[com5] Sample received confirmation: Sample received for button 1


[com5] Graph command received: graph


[com5] Outputs [raw]: b'0.999374 0.000003 0.000021 0.000042 \n'
[com5] Outputs: ['0.999374', '0.000003', '0.000021', '0.000042']
[com5] Predicted button: 1
[com5] Error: 0.000000

[com5] Sample sent in: 970.858642578125 milliseconds)
[com5] Sending sample pedraforca.2jdjggp7.ingestion-7979684cc8-5gkxz.json (357/500): Button 2
[com5] Sending train command
[com5] Train start confirmation: ok


[com5] Button confirmation: Button 2


[com5] Only forward confirmation: Only forward 0


[com5] Sample received confirmation: Sample received for button 2


[com5] Graph command received: graph


[com5] Outputs [raw]: b'0.001647 0.958133 0.000001 0.000501 \n'
[com5] Outputs: ['0.001647', '0.958133', '0.000001', '0.000501']
[com5] Predicted button: 2
[com5] Error: 0.000439

[com5] Sample sent in: 968.359130859375 milliseconds)
[com5] Sending sample vermell.2im6v50u.ingestion-65c5587588-lg5cg.json (358/500): Button 3
[com5] Sending train command
[com5] Train start confirmation: ok


[com5] Button confirmation: Button 3


[com5] Only forward confirmation: Only forward 0


[com5] Sample received confirmation: Sample received for button 3


[com5] Graph command received: graph


[com5] Outputs [raw]: b'0.000029 0.000012 0.974953 0.000000 \n'
[com5] Outputs: ['0.000029', '0.000012', '0.974953', '0.000000']
[com5] Predicted button: 3
[com5] Error: 0.000157

[com5] Sample sent in: 951.996826171875 milliseconds)
[com5] Sending sample blau.2im8oedt.ingestion-65c5587588-dvjvm.json (359/500): Button 4
[com5] Sending train command
[com5] Train start confirmation: ok


[com5] Button confirmation: Button 4


[com5] Only forward confirmation: Only forward 0


[com5] Sample received confirmation: Sample received for button 4


[com5] Graph command received: graph


[com5] Outputs [raw]: b'0.000051 0.000157 0.061379 0.005974 \n'
[com5] Outputs: ['0.000051', '0.000157', '0.061379', '0.005974']
[com5] Predicted button: 3
[com5] Error: 0.247964

[com5] Sample sent in: 950.4140625 milliseconds)
[com5] Sending sample montserrat.2i19op31.ingestion-6fbcb45f68-8grp6.json (360/500): Button 1
[com5] Sending train command
[com5] Train start confirmation: ok


[com5] Button confirmation: Button 1


[com5] Only forward confirmation: Only forward 0


[com5] Sample received confirmation: Sample received for button 1


[com5] Graph command received: graph


[com5] Outputs [raw]: b'0.004826 0.001983 0.000007 0.185566 \n'
[com5] Outputs: ['0.004826', '0.001983', '0.000007', '0.185566']
[com5] Predicted button: 4
[com5] Error: 0.256203

[com5] Sample sent in: 958.4482421875 milliseconds)
[com5] Sending sample pedraforca.2i6u183p.ingestion-6fbcb45f68-gjdgd.json (361/500): Button 2
[com5] Sending train command
[com5] Train start confirmation: ok


[com5] Button confirmation: Button 2


[com5] Only forward confirmation: Only forward 0


[com5] Sample received confirmation: Sample received for button 2


[com5] Graph command received: graph


[com5] Outputs [raw]: b'0.000005 0.958588 0.003352 0.000001 \n'
[com5] Outputs: ['0.000005', '0.958588', '0.003352', '0.000001']
[com5] Predicted button: 2
[com5] Error: 0.000432

[com5] Sample sent in: 952.3095703125 milliseconds)
[com5] Sending sample vermell.2im7ma6h.ingestion-65c5587588-lg5cg.json (362/500): Button 3
[com5] Sending train command
[com5] Train start confirmation: ok


[com5] Button confirmation: Button 3


[com5] Only forward confirmation: Only forward 0


[com5] Sample received confirmation: Sample received for button 3


[com5] Graph command received: graph


[com5] Outputs [raw]: b'0.000255 0.000000 0.029607 0.012735 \n'
[com5] Outputs: ['0.000255', '0.000000', '0.029607', '0.012735']
[com5] Predicted button: 3
[com5] Error: 0.235456

[com5] Sample sent in: 976.446533203125 milliseconds)
[com5] Sending sample blau.2im7jco3.ingestion-65c5587588-smqjm.json (363/500): Button 4
[com5] Sending train command
[com5] Train start confirmation: ok


[com5] Button confirmation: Button 4


[com5] Only forward confirmation: Only forward 0


[com5] Sample received confirmation: Sample received for button 4


[com5] Graph command received: graph


[com5] Outputs [raw]: b'0.002239 0.000029 0.000002 0.906560 \n'
[com5] Outputs: ['0.002239', '0.000029', '0.000002', '0.906560']
[com5] Predicted button: 4
[com5] Error: 0.002184

[com5] Sample sent in: 975.058837890625 milliseconds)
[com5] Sending sample montserrat.2jdj7u01.ingestion-7979684cc8-tbwcn.json (364/500): Button 1
[com5] Sending train command
[com5] Train start confirmation: ok


[com5] Button confirmation: Button 1


[com5] Only forward confirmation: Only forward 0


[com5] Sample received confirmation: Sample received for button 1


[com5] Graph command received: graph


[com5] Outputs [raw]: b'0.986194 0.000002 0.000067 0.004365 \n'
[com5] Outputs: ['0.986194', '0.000002', '0.000067', '0.004365']
[com5] Predicted button: 1
[com5] Error: 0.000052

[com5] Sample sent in: 954.7509765625 milliseconds)
[com5] Sending sample pedraforca.2jdjlg30.ingestion-7979684cc8-9nv75.json (365/500): Button 2
[com5] Sending train command
[com5] Train start confirmation: ok


[com5] Button confirmation: Button 2


[com5] Only forward confirmation: Only forward 0


[com5] Sample received confirmation: Sample received for button 2


[com5] Graph command received: graph


[com5] Outputs [raw]: b'0.002381 0.992711 0.000000 0.000042 \n'
[com5] Outputs: ['0.002381', '0.992711', '0.000000', '0.000042']
[com5] Predicted button: 2
[com5] Error: 0.000015

[com5] Sample sent in: 951.997314453125 milliseconds)
[com5] Sending sample vermell.2im7fj6m.ingestion-65c5587588-lg5cg.json (366/500): Button 3
[com5] Sending train command
[com5] Train start confirmation: ok


[com5] Button confirmation: Button 3


[com5] Only forward confirmation: Only forward 0


[com5] Sample received confirmation: Sample received for button 3


[com5] Graph command received: graph


[com5] Outputs [raw]: b'0.000000 0.000026 0.993012 0.000000 \n'
[com5] Outputs: ['0.000000', '0.000026', '0.993012', '0.000000']
[com5] Predicted button: 3
[com5] Error: 0.000012

[com5] Sample sent in: 968.7041015625 milliseconds)
[com5] Sending sample blau.2im6usu8.ingestion-65c5587588-dvjvm.json (367/500): Button 4
[com5] Sending train command
[com5] Train start confirmation: ok


[com5] Button confirmation: Button 4


[com5] Only forward confirmation: Only forward 0


[com5] Sample received confirmation: Sample received for button 4


[com5] Graph command received: graph


[com5] Outputs [raw]: b'0.000716 0.321342 0.000044 0.560845 \n'
[com5] Outputs: ['0.000716', '0.321342', '0.000044', '0.560845']
[com5] Predicted button: 4
[com5] Error: 0.074030

[com5] Sample sent in: 960.071044921875 milliseconds)
[com5] Sending sample montserrat.2i1jderg.ingestion-6fbcb45f68-v56rs.json (368/500): Button 1
[com5] Sending train command
[com5] Train start confirmation: ok


[com5] Button confirmation: Button 1


[com5] Only forward confirmation: Only forward 0


[com5] Sample received confirmation: Sample received for button 1


[com5] Graph command received: graph


[com5] Outputs [raw]: b'0.311034 0.000003 0.000002 0.476394 \n'
[com5] Outputs: ['0.311034', '0.000003', '0.000002', '0.476394']
[com5] Predicted button: 4
[com5] Error: 0.175406

[com5] Sample sent in: 980.58984375 milliseconds)
[com5] Sending sample pedraforca.2jdjhvhn.ingestion-7979684cc8-tbwcn.json (369/500): Button 2
[com5] Sending train command
[com5] Train start confirmation: ok


[com5] Button confirmation: Button 2


[com5] Only forward confirmation: Only forward 0


[com5] Sample received confirmation: Sample received for button 2


[com5] Graph command received: graph


[com5] Outputs [raw]: b'0.000166 0.997207 0.000008 0.001811 \n'
[com5] Outputs: ['0.000166', '0.997207', '0.000008', '0.001811']
[com5] Predicted button: 2
[com5] Error: 0.000003

[com5] Sample sent in: 980.07666015625 milliseconds)
[com5] Sending sample vermell.2im7ffm9.ingestion-65c5587588-dvjvm.json (370/500): Button 3
[com5] Sending train command
[com5] Train start confirmation: ok


[com5] Button confirmation: Button 3


[com5] Only forward confirmation: Only forward 0


[com5] Sample received confirmation: Sample received for button 3


[com5] Graph command received: graph


[com5] Outputs [raw]: b'0.000008 0.000015 0.613312 0.000550 \n'
[com5] Outputs: ['0.000008', '0.000015', '0.613312', '0.000550']
[com5] Predicted button: 3
[com5] Error: 0.037382

[com5] Sample sent in: 979.27001953125 milliseconds)
[com5] Sending sample blau.2im6ro8h.ingestion-65c5587588-dvjvm.json (371/500): Button 4
[com5] Sending train command
[com5] Train start confirmation: ok


[com5] Button confirmation: Button 4


[com5] Only forward confirmation: Only forward 0


[com5] Sample received confirmation: Sample received for button 4


[com5] Graph command received: graph


[com5] Outputs [raw]: b'0.000005 0.000003 0.076356 0.000104 \n'
[com5] Outputs: ['0.000005', '0.000003', '0.076356', '0.000104']
[com5] Predicted button: 3
[com5] Error: 0.251406

[com5] Sample sent in: 974.811279296875 milliseconds)
[com5] Sending sample montserrat.2jaak9v8.ingestion-8499f64fc9-vwzgb.json (372/500): Button 1
[com5] Sending train command
[com5] Train start confirmation: ok


[com5] Button confirmation: Button 1


[com5] Only forward confirmation: Only forward 0


[com5] Sample received confirmation: Sample received for button 1


[com5] Graph command received: graph


[com5] Outputs [raw]: b'0.738067 0.000008 0.000018 0.017393 \n'
[com5] Outputs: ['0.738067', '0.000008', '0.000018', '0.017393']
[com5] Predicted button: 1
[com5] Error: 0.017228

[com5] Sample sent in: 964.931640625 milliseconds)
[com5] Sending sample pedraforca.2jdjilti.ingestion-7979684cc8-9nv75.json (373/500): Button 2
[com5] Sending train command
[com5] Train start confirmation: ok


[com5] Button confirmation: Button 2


[com5] Only forward confirmation: Only forward 0


[com5] Sample received confirmation: Sample received for button 2


[com5] Graph command received: graph


[com5] Outputs [raw]: b'0.009779 0.742315 0.006308 0.000000 \n'
[com5] Outputs: ['0.009779', '0.742315', '0.006308', '0.000000']
[com5] Predicted button: 2
[com5] Error: 0.016634

[com5] Sample sent in: 970.947265625 milliseconds)
[com5] Sending sample vermell.2im6su0j.ingestion-65c5587588-lg5cg.json (374/500): Button 3
[com5] Sending train command
[com5] Train start confirmation: ok


[com5] Button confirmation: Button 3


[com5] Only forward confirmation: Only forward 0


[com5] Sample received confirmation: Sample received for button 3


[com5] Graph command received: graph


[com5] Outputs [raw]: b'0.013578 0.000006 0.938731 0.000000 \n'
[com5] Outputs: ['0.013578', '0.000006', '0.938731', '0.000000']
[com5] Predicted button: 3
[com5] Error: 0.000985

[com5] Sample sent in: 967.206787109375 milliseconds)
[com5] Sending sample blau.2im8q1ve.ingestion-65c5587588-smqjm.json (375/500): Button 4
[com5] Sending train command
[com5] Train start confirmation: ok


[com5] Button confirmation: Button 4


[com5] Only forward confirmation: Only forward 0


[com5] Sample received confirmation: Sample received for button 4


[com5] Graph command received: graph


[com5] Outputs [raw]: b'0.000005 0.000026 0.033647 0.000001 \n'
[com5] Outputs: ['0.000005', '0.000026', '0.033647', '0.000001']
[com5] Predicted button: 3
[com5] Error: 0.250283

[com5] Sample sent in: 964.798095703125 milliseconds)
[com5] Sending sample montserrat.2jdj702r.ingestion-bcfbf9bfd-d2549.json (376/500): Button 1
[com5] Sending train command
[com5] Train start confirmation: ok


[com5] Button confirmation: Button 1


[com5] Only forward confirmation: Only forward 0


[com5] Sample received confirmation: Sample received for button 1


[com5] Graph command received: graph


[com5] Outputs [raw]: b'0.999894 0.000000 0.000159 0.000019 \n'
[com5] Outputs: ['0.999894', '0.000000', '0.000159', '0.000019']
[com5] Predicted button: 1
[com5] Error: 0.000000

[com5] Sample sent in: 977.9365234375 milliseconds)
[com5] Sending sample pedraforca.2hnauud7.ingestion-55946b7658-stxnc.json (377/500): Button 2
[com5] Sending train command
[com5] Train start confirmation: ok


[com5] Button confirmation: Button 2


[com5] Only forward confirmation: Only forward 0


[com5] Sample received confirmation: Sample received for button 2


[com5] Graph command received: graph


[com5] Outputs [raw]: b'0.000005 0.001322 0.882898 0.000028 \n'
[com5] Outputs: ['0.000005', '0.001322', '0.882898', '0.000028']
[com5] Predicted button: 3
[com5] Error: 0.444217

[com5] Sample sent in: 975.88818359375 milliseconds)
[com5] Sending sample vermell.2im7g1pa.ingestion-65c5587588-smqjm.json (378/500): Button 3
[com5] Sending train command
[com5] Train start confirmation: ok


[com5] Button confirmation: Button 3


[com5] Only forward confirmation: Only forward 0


[com5] Sample received confirmation: Sample received for button 3


[com5] Graph command received: graph


[com5] Outputs [raw]: b'0.000102 0.000051 0.469609 0.000087 \n'
[com5] Outputs: ['0.000102', '0.000051', '0.469609', '0.000087']
[com5] Predicted button: 3
[com5] Error: 0.070329

[com5] Sample sent in: 977.55859375 milliseconds)
[com5] Sending sample blau.2im6ss81.ingestion-65c5587588-smqjm.json (379/500): Button 4
[com5] Sending train command
[com5] Train start confirmation: ok


[com5] Button confirmation: Button 4


[com5] Only forward confirmation: Only forward 0


[com5] Sample received confirmation: Sample received for button 4


[com5] Graph command received: graph


[com5] Outputs [raw]: b'0.126572 0.002300 0.000048 0.017686 \n'
[com5] Outputs: ['0.126572', '0.002300', '0.000048', '0.017686']
[com5] Predicted button: 1
[com5] Error: 0.245242

[com5] Sample sent in: 989.7099609375 milliseconds)
[com5] Sending sample montserrat.2i1jdv5j.ingestion-6fbcb45f68-8grp6.json (380/500): Button 1
[com5] Sending train command
[com5] Train start confirmation: ok


[com5] Button confirmation: Button 1


[com5] Only forward confirmation: Only forward 0


[com5] Sample received confirmation: Sample received for button 1


[com5] Graph command received: graph


[com5] Outputs [raw]: b'0.999967 0.000008 0.000060 0.000033 \n'
[com5] Outputs: ['0.999967', '0.000008', '0.000060', '0.000033']
[com5] Predicted button: 1
[com5] Error: 0.000000

[com5] Sample sent in: 962.892578125 milliseconds)
[com5] Sending sample pedraforca.2jdjidb0.ingestion-7979684cc8-tbwcn.json (381/500): Button 2
[com5] Sending train command
[com5] Train start confirmation: ok


[com5] Button confirmation: Button 2


[com5] Only forward confirmation: Only forward 0


[com5] Sample received confirmation: Sample received for button 2


[com5] Graph command received: graph


[com5] Outputs [raw]: b'0.000000 0.958750 0.485923 0.597135 \n'
[com5] Outputs: ['0.000000', '0.958750', '0.485923', '0.597135']
[com5] Predicted button: 2
[com5] Error: 0.148598

[com5] Sample sent in: 978.692138671875 milliseconds)
[com5] Sending sample vermell.2im6svti.ingestion-65c5587588-smqjm.json (382/500): Button 3
[com5] Sending train command
[com5] Train start confirmation: ok


[com5] Button confirmation: Button 3


[com5] Only forward confirmation: Only forward 0


[com5] Sample received confirmation: Sample received for button 3


[com5] Graph command received: graph


[com5] Outputs [raw]: b'0.001666 0.000012 0.941738 0.000000 \n'
[com5] Outputs: ['0.001666', '0.000012', '0.941738', '0.000000']
[com5] Predicted button: 3
[com5] Error: 0.000849

[com5] Sample sent in: 986.38720703125 milliseconds)
[com5] Sending sample blau.2im7ei1c.ingestion-65c5587588-dvjvm.json (383/500): Button 4
[com5] Sending train command
[com5] Train start confirmation: ok


[com5] Button confirmation: Button 4


[com5] Only forward confirmation: Only forward 0


[com5] Sample received confirmation: Sample received for button 4


[com5] Graph command received: graph


[com5] Outputs [raw]: b'0.018478 0.000009 0.003881 0.015341 \n'
[com5] Outputs: ['0.018478', '0.000009', '0.003881', '0.015341']
[com5] Predicted button: 1
[com5] Error: 0.242477

[com5] Sample sent in: 969.582275390625 milliseconds)
[com5] Sending sample montserrat.2i19p1je.ingestion-6fbcb45f68-gjdgd.json (384/500): Button 1
[com5] Sending train command
[com5] Train start confirmation: ok


[com5] Button confirmation: Button 1


[com5] Only forward confirmation: Only forward 0


[com5] Sample received confirmation: Sample received for button 1


[com5] Graph command received: graph


[com5] Outputs [raw]: b'0.429785 0.000007 0.066832 0.000251 \n'
[com5] Outputs: ['0.429785', '0.000007', '0.066832', '0.000251']
[com5] Predicted button: 1
[com5] Error: 0.082403

[com5] Sample sent in: 977.33056640625 milliseconds)
[com5] Sending sample pedraforca.2i1j9pmu.ingestion-6fbcb45f68-gjdgd.json (385/500): Button 2
[com5] Sending train command
[com5] Train start confirmation: ok


[com5] Button confirmation: Button 2


[com5] Only forward confirmation: Only forward 0


[com5] Sample received confirmation: Sample received for button 2


[com5] Graph command received: graph


[com5] Outputs [raw]: b'0.000015 0.980075 0.026118 0.000000 \n'
[com5] Outputs: ['0.000015', '0.980075', '0.026118', '0.000000']
[com5] Predicted button: 2
[com5] Error: 0.000270

[com5] Sample sent in: 970.4453125 milliseconds)
[com5] Sending sample vermell.2im7a1uh.ingestion-65c5587588-smqjm.json (386/500): Button 3
[com5] Sending train command
[com5] Train start confirmation: ok


[com5] Button confirmation: Button 3


[com5] Only forward confirmation: Only forward 0


[com5] Sample received confirmation: Sample received for button 3


[com5] Graph command received: graph


[com5] Outputs [raw]: b'0.000000 0.000114 0.642776 0.000004 \n'
[com5] Outputs: ['0.000000', '0.000114', '0.642776', '0.000004']
[com5] Predicted button: 3
[com5] Error: 0.031902

[com5] Sample sent in: 984.798583984375 milliseconds)
[com5] Sending sample blau.2im7jo1q.ingestion-65c5587588-dvjvm.json (387/500): Button 4
[com5] Sending train command
[com5] Train start confirmation: ok


[com5] Button confirmation: Button 4


[com5] Only forward confirmation: Only forward 0


[com5] Sample received confirmation: Sample received for button 4


[com5] Graph command received: graph


[com5] Outputs [raw]: b'0.629062 0.000000 0.274432 0.000000 \n'
[com5] Outputs: ['0.629062', '0.000000', '0.274432', '0.000000']
[com5] Predicted button: 1
[com5] Error: 0.367758

[com5] Sample sent in: 999.2099609375 milliseconds)
[com5] Sending sample montserrat.2japkn21.ingestion-8499f64fc9-vwzgb.json (388/500): Button 1
[com5] Sending train command
[com5] Train start confirmation: ok


[com5] Button confirmation: Button 1


[com5] Only forward confirmation: Only forward 0


[com5] Sample received confirmation: Sample received for button 1


[com5] Graph command received: graph


[com5] Outputs [raw]: b'0.934595 0.000059 0.000100 0.002204 \n'
[com5] Outputs: ['0.934595', '0.000059', '0.000100', '0.002204']
[com5] Predicted button: 1
[com5] Error: 0.001071

[com5] Sample sent in: 969.052978515625 milliseconds)
[com5] Sending sample pedraforca.2i1jldsp.ingestion-6fbcb45f68-8grp6.json (389/500): Button 2
[com5] Sending train command
[com5] Train start confirmation: ok


[com5] Button confirmation: Button 2


[com5] Only forward confirmation: Only forward 0


[com5] Sample received confirmation: Sample received for button 2


[com5] Graph command received: graph


[com5] Outputs [raw]: b'0.015726 0.984835 0.000023 0.000000 \n'
[com5] Outputs: ['0.015726', '0.984835', '0.000023', '0.000000']
[com5] Predicted button: 2
[com5] Error: 0.000119

[com5] Sample sent in: 981.578125 milliseconds)
[com5] Sending sample vermell.2im6qs1u.ingestion-65c5587588-dvjvm.json (390/500): Button 3
[com5] Sending train command
[com5] Train start confirmation: ok


[com5] Button confirmation: Button 3


[com5] Only forward confirmation: Only forward 0


[com5] Sample received confirmation: Sample received for button 3


[com5] Graph command received: graph


[com5] Outputs [raw]: b'0.001957 0.000005 0.999858 0.000000 \n'
[com5] Outputs: ['0.001957', '0.000005', '0.999858', '0.000000']
[com5] Predicted button: 3
[com5] Error: 0.000001

[com5] Sample sent in: 970.72705078125 milliseconds)
[com5] Sending sample blau.2im7f5p8.ingestion-65c5587588-lg5cg.json (391/500): Button 4
[com5] Sending train command
[com5] Train start confirmation: ok


[com5] Button confirmation: Button 4


[com5] Only forward confirmation: Only forward 0


[com5] Sample received confirmation: Sample received for button 4


[com5] Graph command received: graph


[com5] Outputs [raw]: b'0.350122 0.000644 0.003737 0.000469 \n'
[com5] Outputs: ['0.350122', '0.000644', '0.003737', '0.000469']
[com5] Predicted button: 1
[com5] Error: 0.280415

[com5] Sample sent in: 989.085205078125 milliseconds)
[com5] Sending sample montserrat.2i19ou8o.ingestion-6fbcb45f68-v56rs.json (392/500): Button 1
[com5] Sending train command
[com5] Train start confirmation: ok


[com5] Button confirmation: Button 1


[com5] Only forward confirmation: Only forward 0


[com5] Sample received confirmation: Sample received for button 1


[com5] Graph command received: graph


[com5] Outputs [raw]: b'0.999998 0.000000 0.000228 0.000001 \n'
[com5] Outputs: ['0.999998', '0.000000', '0.000228', '0.000001']
[com5] Predicted button: 1
[com5] Error: 0.000000

[com5] Sample sent in: 977.193359375 milliseconds)
[com5] Sending sample pedraforca.2jdjh0lo.ingestion-7979684cc8-5gkxz.json (393/500): Button 2
[com5] Sending train command
[com5] Train start confirmation: ok


[com5] Button confirmation: Button 2


[com5] Only forward confirmation: Only forward 0


[com5] Sample received confirmation: Sample received for button 2


[com5] Graph command received: graph


[com5] Outputs [raw]: b'0.000754 0.988193 0.009285 0.000000 \n'
[com5] Outputs: ['0.000754', '0.988193', '0.009285', '0.000000']
[com5] Predicted button: 2
[com5] Error: 0.000057

[com5] Sample sent in: 987.17578125 milliseconds)
[com5] Sending sample vermell.2im6u7ku.ingestion-65c5587588-lg5cg.json (394/500): Button 3
[com5] Sending train command
[com5] Train start confirmation: ok


[com5] Button confirmation: Button 3


[com5] Only forward confirmation: Only forward 0


[com5] Sample received confirmation: Sample received for button 3


[com5] Graph command received: graph


[com5] Outputs [raw]: b'0.000218 0.000000 0.999994 0.000000 \n'
[com5] Outputs: ['0.000218', '0.000000', '0.999994', '0.000000']
[com5] Predicted button: 3
[com5] Error: 0.000000

[com5] Sample sent in: 979.845703125 milliseconds)
[com5] Sending sample blau.2im8paud.ingestion-65c5587588-lg5cg.json (395/500): Button 4
[com5] Sending train command
[com5] Train start confirmation: ok


[com5] Button confirmation: Button 4


[com5] Only forward confirmation: Only forward 0


[com5] Sample received confirmation: Sample received for button 4


[com5] Graph command received: graph


[com5] Outputs [raw]: b'0.021274 0.000184 0.065570 0.016014 \n'
[com5] Outputs: ['0.021274', '0.000184', '0.065570', '0.016014']
[com5] Predicted button: 3
[com5] Error: 0.243245

[com5] Sample sent in: 980.4814453125 milliseconds)
[com5] Sending sample montserrat.2i1jfdd1.ingestion-6fbcb45f68-v56rs.json (396/500): Button 1
[com5] Sending train command
[com5] Train start confirmation: ok


[com5] Button confirmation: Button 1


[com5] Only forward confirmation: Only forward 0


[com5] Sample received confirmation: Sample received for button 1


[com5] Graph command received: graph


[com5] Outputs [raw]: b'0.994295 0.000000 0.285898 0.000000 \n'
[com5] Outputs: ['0.994295', '0.000000', '0.285898', '0.000000']
[com5] Predicted button: 1
[com5] Error: 0.020443

[com5] Sample sent in: 994.132080078125 milliseconds)
[com5] Sending sample pedraforca.2i1jlflu.ingestion-6fbcb45f68-gjdgd.json (397/500): Button 2
[com5] Sending train command
[com5] Train start confirmation: ok


[com5] Button confirmation: Button 2


[com5] Only forward confirmation: Only forward 0


[com5] Sample received confirmation: Sample received for button 2


[com5] Graph command received: graph


[com5] Outputs [raw]: b'0.000002 0.984109 0.005008 0.000010 \n'
[com5] Outputs: ['0.000002', '0.984109', '0.005008', '0.000010']
[com5] Predicted button: 2
[com5] Error: 0.000069

[com5] Sample sent in: 973.98974609375 milliseconds)
[com5] Sending sample vermell.2im7h14n.ingestion-65c5587588-lg5cg.json (398/500): Button 3
[com5] Sending train command
[com5] Train start confirmation: ok


[com5] Button confirmation: Button 3


[com5] Only forward confirmation: Only forward 0


[com5] Sample received confirmation: Sample received for button 3


[com5] Graph command received: graph


[com5] Outputs [raw]: b'0.000008 0.000000 0.999709 0.000000 \n'
[com5] Outputs: ['0.000008', '0.000000', '0.999709', '0.000000']
[com5] Predicted button: 3
[com5] Error: 0.000000

[com5] Sample sent in: 975.42724609375 milliseconds)
[com5] Sending sample blau.2im7ecpl.ingestion-65c5587588-dvjvm.json (399/500): Button 4
[com5] Sending train command
[com5] Train start confirmation: ok


[com5] Button confirmation: Button 4


[com5] Only forward confirmation: Only forward 0


[com5] Sample received confirmation: Sample received for button 4


[com5] Graph command received: graph


[com5] Outputs [raw]: b'0.003957 0.000511 0.011397 0.000179 \n'
[com5] Outputs: ['0.003957', '0.000511', '0.011397', '0.000179']
[com5] Predicted button: 3
[com5] Error: 0.249947

[com5] Sample sent in: 971.77490234375 milliseconds)
[com5] Sending sample montserrat.2jdj9gln.ingestion-bcfbf9bfd-96mhc.json (400/500): Button 1
[com5] Sending train command
[com5] Train start confirmation: ok


[com5] Button confirmation: Button 1


[com5] Only forward confirmation: Only forward 0


[com5] Sample received confirmation: Sample received for button 1


[com5] Graph command received: graph


[com5] Outputs [raw]: b'0.998835 0.000001 0.000005 0.000190 \n'
[com5] Outputs: ['0.998835', '0.000001', '0.000005', '0.000190']
[com5] Predicted button: 1
[com5] Error: 0.000000

[com5] Sample sent in: 970.186279296875 milliseconds)
[com5] Sending sample pedraforca.2jdji1ie.ingestion-7979684cc8-9nv75.json (401/500): Button 2
[com5] Sending train command
[com5] Train start confirmation: ok


[com5] Button confirmation: Button 2


[com5] Only forward confirmation: Only forward 0


[com5] Sample received confirmation: Sample received for button 2


[com5] Graph command received: graph


[com5] Outputs [raw]: b'0.000002 0.991902 0.000299 0.000000 \n'
[com5] Outputs: ['0.000002', '0.991902', '0.000299', '0.000000']
[com5] Predicted button: 2
[com5] Error: 0.000016

[com5] Sample sent in: 974.825439453125 milliseconds)
[com5] Sending sample vermell.2im7lnjs.ingestion-65c5587588-smqjm.json (402/500): Button 3
[com5] Sending train command
[com5] Train start confirmation: ok


[com5] Button confirmation: Button 3


[com5] Only forward confirmation: Only forward 0


[com5] Sample received confirmation: Sample received for button 3


[com5] Graph command received: graph


[com5] Outputs [raw]: b'0.000294 0.000013 0.902488 0.000612 \n'
[com5] Outputs: ['0.000294', '0.000013', '0.902488', '0.000612']
[com5] Predicted button: 3
[com5] Error: 0.002377

[com5] Sample sent in: 974.97998046875 milliseconds)
[com5] Sending sample blau.2im8o907.ingestion-65c5587588-lg5cg.json (403/500): Button 4
[com5] Sending train command
[com5] Train start confirmation: ok


[com5] Button confirmation: Button 4


[com5] Only forward confirmation: Only forward 0


[com5] Sample received confirmation: Sample received for button 4


[com5] Graph command received: graph


[com5] Outputs [raw]: b'0.000588 0.000000 0.033590 0.000750 \n'
[com5] Outputs: ['0.000588', '0.000000', '0.033590', '0.000750']
[com5] Predicted button: 3
[com5] Error: 0.249907

[com5] Sample sent in: 976.13427734375 milliseconds)
[com5] Sending sample montserrat.2i1jhqoq.ingestion-6fbcb45f68-gjdgd.json (404/500): Button 1
[com5] Sending train command
[com5] Train start confirmation: ok


[com5] Button confirmation: Button 1


[com5] Only forward confirmation: Only forward 0


[com5] Sample received confirmation: Sample received for button 1


[com5] Graph command received: graph


[com5] Outputs [raw]: b'0.993070 0.000003 0.018205 0.000000 \n'
[com5] Outputs: ['0.993070', '0.000003', '0.018205', '0.000000']
[com5] Predicted button: 1
[com5] Error: 0.000095

[com5] Sample sent in: 988.0947265625 milliseconds)
[com5] Sending sample pedraforca.2jdji5kg.ingestion-7979684cc8-9nv75.json (405/500): Button 2
[com5] Sending train command
[com5] Train start confirmation: ok


[com5] Button confirmation: Button 2


[com5] Only forward confirmation: Only forward 0


[com5] Sample received confirmation: Sample received for button 2


[com5] Graph command received: graph


[com5] Outputs [raw]: b'0.000027 0.959087 0.010245 0.000000 \n'
[com5] Outputs: ['0.000027', '0.959087', '0.010245', '0.000000']
[com5] Predicted button: 2
[com5] Error: 0.000445

[com5] Sample sent in: 979.473876953125 milliseconds)
[com5] Sending sample vermell.2im7gglf.ingestion-65c5587588-lg5cg.json (406/500): Button 3
[com5] Sending train command
[com5] Train start confirmation: ok


[com5] Button confirmation: Button 3


[com5] Only forward confirmation: Only forward 0


[com5] Sample received confirmation: Sample received for button 3


[com5] Graph command received: graph


[com5] Outputs [raw]: b'0.000000 0.000003 0.999800 0.000000 \n'
[com5] Outputs: ['0.000000', '0.000003', '0.999800', '0.000000']
[com5] Predicted button: 3
[com5] Error: 0.000000

[com5] Sample sent in: 973.626953125 milliseconds)
[com5] Sending sample blau.2im6upcv.ingestion-65c5587588-smqjm.json (407/500): Button 4
[com5] Sending train command
[com5] Train start confirmation: ok


[com5] Button confirmation: Button 4


[com5] Only forward confirmation: Only forward 0


[com5] Sample received confirmation: Sample received for button 4


[com5] Graph command received: graph


[com5] Outputs [raw]: b'0.007692 0.000050 0.014239 0.002032 \n'
[com5] Outputs: ['0.007692', '0.000050', '0.014239', '0.002032']
[com5] Predicted button: 3
[com5] Error: 0.249051

[com5] Sample sent in: 983.281005859375 milliseconds)
[com5] Sending sample montserrat.2jdja2fs.ingestion-7979684cc8-tbwcn.json (408/500): Button 1
[com5] Sending train command
[com5] Train start confirmation: ok


[com5] Button confirmation: Button 1


[com5] Only forward confirmation: Only forward 0


[com5] Sample received confirmation: Sample received for button 1


[com5] Graph command received: graph


[com5] Outputs [raw]: b'0.987813 0.000639 0.000001 0.006453 \n'
[com5] Outputs: ['0.987813', '0.000639', '0.000001', '0.006453']
[com5] Predicted button: 1
[com5] Error: 0.000048

[com5] Sample sent in: 982.688232421875 milliseconds)
[com5] Sending sample pedraforca.2i1j9eh0.ingestion-6fbcb45f68-v56rs.json (409/500): Button 2
[com5] Sending train command
[com5] Train start confirmation: ok


[com5] Button confirmation: Button 2


[com5] Only forward confirmation: Only forward 0


[com5] Sample received confirmation: Sample received for button 2


[com5] Graph command received: graph


[com5] Outputs [raw]: b'0.000236 0.977546 0.000253 0.000000 \n'
[com5] Outputs: ['0.000236', '0.977546', '0.000253', '0.000000']
[com5] Predicted button: 2
[com5] Error: 0.000126

[com5] Sample sent in: 965.11474609375 milliseconds)
[com5] Sending sample vermell.2im7hbhe.ingestion-65c5587588-smqjm.json (410/500): Button 3
[com5] Sending train command
[com5] Train start confirmation: ok


[com5] Button confirmation: Button 3


[com5] Only forward confirmation: Only forward 0


[com5] Sample received confirmation: Sample received for button 3


[com5] Graph command received: graph


[com5] Outputs [raw]: b'0.000000 0.000000 0.999997 0.000000 \n'
[com5] Outputs: ['0.000000', '0.000000', '0.999997', '0.000000']
[com5] Predicted button: 3
[com5] Error: 0.000000

[com5] Sample sent in: 970.141357421875 milliseconds)
[com5] Sending sample blau.2im8o77f.ingestion-65c5587588-smqjm.json (411/500): Button 4
[com5] Sending train command
[com5] Train start confirmation: ok


[com5] Button confirmation: Button 4


[com5] Only forward confirmation: Only forward 0


[com5] Sample received confirmation: Sample received for button 4


[com5] Graph command received: graph


[com5] Outputs [raw]: b'0.000116 0.000141 0.158445 0.006452 \n'
[com5] Outputs: ['0.000116', '0.000141', '0.158445', '0.006452']
[com5] Predicted button: 3
[com5] Error: 0.253061

[com5] Sample sent in: 965.607177734375 milliseconds)
[com5] Sending sample montserrat.2jdj5a4c.ingestion-bcfbf9bfd-96mhc.json (412/500): Button 1
[com5] Sending train command
[com5] Train start confirmation: ok


[com5] Button confirmation: Button 1


[com5] Only forward confirmation: Only forward 0


[com5] Sample received confirmation: Sample received for button 1


[com5] Graph command received: graph


[com5] Outputs [raw]: b'0.993572 0.000000 0.356838 0.000000 \n'
[com5] Outputs: ['0.993572', '0.000000', '0.356838', '0.000000']
[com5] Predicted button: 1
[com5] Error: 0.031844

[com5] Sample sent in: 970.38818359375 milliseconds)
[com5] Sending sample pedraforca.2jdjef44.ingestion-7979684cc8-5gkxz.json (413/500): Button 2
[com5] Sending train command
[com5] Train start confirmation: ok


[com5] Button confirmation: Button 2


[com5] Only forward confirmation: Only forward 0


[com5] Sample received confirmation: Sample received for button 2


[com5] Graph command received: graph


[com5] Outputs [raw]: b'0.065676 0.987127 0.000009 0.000000 \n'
[com5] Outputs: ['0.065676', '0.987127', '0.000009', '0.000000']
[com5] Predicted button: 2
[com5] Error: 0.001120

[com5] Sample sent in: 960.705078125 milliseconds)
[com5] Sending sample vermell.2im7fbom.ingestion-65c5587588-lg5cg.json (414/500): Button 3
[com5] Sending train command
[com5] Train start confirmation: ok


[com5] Button confirmation: Button 3


[com5] Only forward confirmation: Only forward 0


[com5] Sample received confirmation: Sample received for button 3


[com5] Graph command received: graph


[com5] Outputs [raw]: b'0.000000 0.000000 0.999962 0.000000 \n'
[com5] Outputs: ['0.000000', '0.000000', '0.999962', '0.000000']
[com5] Predicted button: 3
[com5] Error: 0.000000

[com5] Sample sent in: 980.676513671875 milliseconds)
[com5] Sending sample blau.2im8ls0h.ingestion-65c5587588-dvjvm.json (415/500): Button 4
[com5] Sending train command
[com5] Train start confirmation: ok


[com5] Button confirmation: Button 4


[com5] Only forward confirmation: Only forward 0


[com5] Sample received confirmation: Sample received for button 4


[com5] Graph command received: graph


[com5] Outputs [raw]: b'0.000055 0.000007 0.014906 0.001923 \n'
[com5] Outputs: ['0.000055', '0.000007', '0.014906', '0.001923']
[com5] Predicted button: 3
[com5] Error: 0.249095

[com5] Sample sent in: 984.259765625 milliseconds)
[com5] Sending sample montserrat.2i1jfhcv.ingestion-6fbcb45f68-v56rs.json (416/500): Button 1
[com5] Sending train command
[com5] Train start confirmation: ok


[com5] Button confirmation: Button 1


[com5] Only forward confirmation: Only forward 0


[com5] Sample received confirmation: Sample received for button 1


[com5] Graph command received: graph


[com5] Outputs [raw]: b'0.988719 0.000000 0.007354 0.000007 \n'
[com5] Outputs: ['0.988719', '0.000000', '0.007354', '0.000007']
[com5] Predicted button: 1
[com5] Error: 0.000045

[com5] Sample sent in: 975.302490234375 milliseconds)
[com5] Sending sample pedraforca.2jdjhmma.ingestion-7979684cc8-tbwcn.json (417/500): Button 2
[com5] Sending train command
[com5] Train start confirmation: ok


[com5] Button confirmation: Button 2


[com5] Only forward confirmation: Only forward 0


[com5] Sample received confirmation: Sample received for button 2


[com5] Graph command received: graph


[com5] Outputs [raw]: b'0.000162 0.162233 0.007437 0.000000 \n'
[com5] Outputs: ['0.000162', '0.162233', '0.007437', '0.000000']
[com5] Predicted button: 2
[com5] Error: 0.175477

[com5] Sample sent in: 970.235595703125 milliseconds)
[com5] Sending sample vermell.2im6rvj5.ingestion-65c5587588-smqjm.json (418/500): Button 3
[com5] Sending train command
[com5] Train start confirmation: ok


[com5] Button confirmation: Button 3


[com5] Only forward confirmation: Only forward 0


[com5] Sample received confirmation: Sample received for button 3


[com5] Graph command received: graph


[com5] Outputs [raw]: b'0.000098 0.000000 0.998486 0.000000 \n'
[com5] Outputs: ['0.000098', '0.000000', '0.998486', '0.000000']
[com5] Predicted button: 3
[com5] Error: 0.000001

[com5] Sample sent in: 976.35009765625 milliseconds)
[com5] Sending sample blau.2im7e93t.ingestion-65c5587588-dvjvm.json (419/500): Button 4
[com5] Sending train command
[com5] Train start confirmation: ok


[com5] Button confirmation: Button 4


[com5] Only forward confirmation: Only forward 0


[com5] Sample received confirmation: Sample received for button 4


[com5] Graph command received: graph


[com5] Outputs [raw]: b'0.003840 0.000318 0.013611 0.027074 \n'
[com5] Outputs: ['0.003840', '0.000318', '0.013611', '0.027074']
[com5] Predicted button: 4
[com5] Error: 0.236696

[com5] Sample sent in: 981.1337890625 milliseconds)
[com5] Sending sample montserrat.2irh2d1c.ingestion-7b48868958-pc82c.json (420/500): Button 1
[com5] Sending train command
[com5] Train start confirmation: ok


[com5] Button confirmation: Button 1


[com5] Only forward confirmation: Only forward 0


[com5] Sample received confirmation: Sample received for button 1


[com5] Graph command received: graph


[com5] Outputs [raw]: b'0.001691 0.000055 0.150954 0.000302 \n'
[com5] Outputs: ['0.001691', '0.000055', '0.150954', '0.000302']
[com5] Predicted button: 3
[com5] Error: 0.254852

[com5] Sample sent in: 990.465087890625 milliseconds)
[com5] Sending sample pedraforca.2jdjjeff.ingestion-7979684cc8-5gkxz.json (421/500): Button 2
[com5] Sending train command
[com5] Train start confirmation: ok


[com5] Button confirmation: Button 2


[com5] Only forward confirmation: Only forward 0


[com5] Sample received confirmation: Sample received for button 2


[com5] Graph command received: graph


[com5] Outputs [raw]: b'0.000030 0.992239 0.000013 0.000000 \n'
[com5] Outputs: ['0.000030', '0.992239', '0.000013', '0.000000']
[com5] Predicted button: 2
[com5] Error: 0.000015

[com5] Sample sent in: 970.669189453125 milliseconds)
[com5] Sending sample vermell.2im6qmmq.ingestion-65c5587588-smqjm.json (422/500): Button 3
[com5] Sending train command
[com5] Train start confirmation: ok


[com5] Button confirmation: Button 3


[com5] Only forward confirmation: Only forward 0


[com5] Sample received confirmation: Sample received for button 3


[com5] Graph command received: graph


[com5] Outputs [raw]: b'0.000036 0.000215 0.971331 0.000000 \n'
[com5] Outputs: ['0.000036', '0.000215', '0.971331', '0.000000']
[com5] Predicted button: 3
[com5] Error: 0.000205

[com5] Sample sent in: 970.953369140625 milliseconds)
[com5] Sending sample blau.2im6tge3.ingestion-65c5587588-lg5cg.json (423/500): Button 4
[com5] Sending train command
[com5] Train start confirmation: ok


[com5] Button confirmation: Button 4


[com5] Only forward confirmation: Only forward 0


[com5] Sample received confirmation: Sample received for button 4


[com5] Graph command received: graph


[com5] Outputs [raw]: b'0.000000 0.000000 0.907923 0.000000 \n'
[com5] Outputs: ['0.000000', '0.000000', '0.907923', '0.000000']
[com5] Predicted button: 3
[com5] Error: 0.456081

[com5] Sample sent in: 988.5244140625 milliseconds)
[com5] Sending sample montserrat.2i19paei.ingestion-6fbcb45f68-v56rs.json (424/500): Button 1
[com5] Sending train command
[com5] Train start confirmation: ok


[com5] Button confirmation: Button 1


[com5] Only forward confirmation: Only forward 0


[com5] Sample received confirmation: Sample received for button 1


[com5] Graph command received: graph


[com5] Outputs [raw]: b'0.999910 0.000000 0.000012 0.000010 \n'
[com5] Outputs: ['0.999910', '0.000000', '0.000012', '0.000010']
[com5] Predicted button: 1
[com5] Error: 0.000000

[com5] Sample sent in: 986.803466796875 milliseconds)
[com5] Sending sample pedraforca.2jdjguah.ingestion-7979684cc8-9nv75.json (425/500): Button 2
[com5] Sending train command
[com5] Train start confirmation: ok


[com5] Button confirmation: Button 2


[com5] Only forward confirmation: Only forward 0


[com5] Sample received confirmation: Sample received for button 2


[com5] Graph command received: graph


[com5] Outputs [raw]: b'0.006717 0.993706 0.000325 0.000000 \n'
[com5] Outputs: ['0.006717', '0.993706', '0.000325', '0.000000']
[com5] Predicted button: 2
[com5] Error: 0.000021

[com5] Sample sent in: 978.36865234375 milliseconds)
[com5] Sending sample vermell.2im7lpca.ingestion-65c5587588-lg5cg.json (426/500): Button 3
[com5] Sending train command
[com5] Train start confirmation: ok


[com5] Button confirmation: Button 3


[com5] Only forward confirmation: Only forward 0


[com5] Sample received confirmation: Sample received for button 3


[com5] Graph command received: graph


[com5] Outputs [raw]: b'0.000743 0.000101 0.003676 0.000078 \n'
[com5] Outputs: ['0.000743', '0.000101', '0.003676', '0.000078']
[com5] Predicted button: 3
[com5] Error: 0.248166

[com5] Sample sent in: 982.572021484375 milliseconds)
[com5] Sending sample blau.2im6taeh.ingestion-65c5587588-smqjm.json (427/500): Button 4
[com5] Sending train command
[com5] Train start confirmation: ok


[com5] Button confirmation: Button 4


[com5] Only forward confirmation: Only forward 0


[com5] Sample received confirmation: Sample received for button 4


[com5] Graph command received: graph


[com5] Outputs [raw]: b'0.006533 0.246622 0.000038 0.481215 \n'
[com5] Outputs: ['0.006533', '0.246622', '0.000038', '0.481215']
[com5] Predicted button: 4
[com5] Error: 0.082501

[com5] Sample sent in: 967.9658203125 milliseconds)
[com5] Sending sample montserrat.2jdj4co3.ingestion-bcfbf9bfd-pdtnn.json (428/500): Button 1
[com5] Sending train command
[com5] Train start confirmation: ok


[com5] Button confirmation: Button 1


[com5] Only forward confirmation: Only forward 0


[com5] Sample received confirmation: Sample received for button 1


[com5] Graph command received: graph


[com5] Outputs [raw]: b'0.999902 0.000000 0.000004 0.000015 \n'
[com5] Outputs: ['0.999902', '0.000000', '0.000004', '0.000015']
[com5] Predicted button: 1
[com5] Error: 0.000000

[com5] Sample sent in: 972.460693359375 milliseconds)
[com5] Sending sample pedraforca.2i19d8k5.ingestion-6fbcb45f68-gjdgd.json (429/500): Button 2
[com5] Sending train command
[com5] Train start confirmation: ok


[com5] Button confirmation: Button 2


[com5] Only forward confirmation: Only forward 0


[com5] Sample received confirmation: Sample received for button 2


[com5] Graph command received: graph


[com5] Outputs [raw]: b'0.000009 0.001368 0.527030 0.000001 \n'
[com5] Outputs: ['0.000009', '0.001368', '0.527030', '0.000001']
[com5] Predicted button: 3
[com5] Error: 0.318757

[com5] Sample sent in: 967.267333984375 milliseconds)
[com5] Sending sample vermell.2im6qg74.ingestion-65c5587588-lg5cg.json (430/500): Button 3
[com5] Sending train command
[com5] Train start confirmation: ok


[com5] Button confirmation: Button 3


[com5] Only forward confirmation: Only forward 0


[com5] Sample received confirmation: Sample received for button 3


[com5] Graph command received: graph


[com5] Outputs [raw]: b'0.000142 0.000000 0.931980 0.000000 \n'
[com5] Outputs: ['0.000142', '0.000000', '0.931980', '0.000000']
[com5] Predicted button: 3
[com5] Error: 0.001157

[com5] Sample sent in: 974.772216796875 milliseconds)
[com5] Sending sample blau.2im8lq3g.ingestion-65c5587588-smqjm.json (431/500): Button 4
[com5] Sending train command
[com5] Train start confirmation: ok


[com5] Button confirmation: Button 4


[com5] Only forward confirmation: Only forward 0


[com5] Sample received confirmation: Sample received for button 4


[com5] Graph command received: graph


[com5] Outputs [raw]: b'0.000029 0.000113 0.000059 0.046911 \n'
[com5] Outputs: ['0.000029', '0.000113', '0.000059', '0.046911']
[com5] Predicted button: 4
[com5] Error: 0.227095

[com5] Sample sent in: 981.306640625 milliseconds)
[com5] Sending sample montserrat.2jdj6t2q.ingestion-bcfbf9bfd-96mhc.json (432/500): Button 1
[com5] Sending train command
[com5] Train start confirmation: ok


[com5] Button confirmation: Button 1


[com5] Only forward confirmation: Only forward 0


[com5] Sample received confirmation: Sample received for button 1


[com5] Graph command received: graph


[com5] Outputs [raw]: b'0.998589 0.000008 0.000004 0.001311 \n'
[com5] Outputs: ['0.998589', '0.000008', '0.000004', '0.001311']
[com5] Predicted button: 1
[com5] Error: 0.000001

[com5] Sample sent in: 979.1181640625 milliseconds)
[com5] Sending sample pedraforca.2jdjhr19.ingestion-7979684cc8-5gkxz.json (433/500): Button 2
[com5] Sending train command
[com5] Train start confirmation: ok


[com5] Button confirmation: Button 2


[com5] Only forward confirmation: Only forward 0


[com5] Sample received confirmation: Sample received for button 2


[com5] Graph command received: graph


[com5] Outputs [raw]: b'0.000030 0.119582 0.000270 0.000007 \n'
[com5] Outputs: ['0.000030', '0.119582', '0.000270', '0.000007']
[com5] Predicted button: 2
[com5] Error: 0.193784

[com5] Sample sent in: 975.00439453125 milliseconds)
[com5] Sending sample vermell.2im7h7vf.ingestion-65c5587588-smqjm.json (434/500): Button 3
[com5] Sending train command
[com5] Train start confirmation: ok


[com5] Button confirmation: Button 3


[com5] Only forward confirmation: Only forward 0


[com5] Sample received confirmation: Sample received for button 3


[com5] Graph command received: graph


[com5] Outputs [raw]: b'0.000000 0.000007 0.997523 0.000000 \n'
[com5] Outputs: ['0.000000', '0.000007', '0.997523', '0.000000']
[com5] Predicted button: 3
[com5] Error: 0.000002

[com5] Sample sent in: 992.630126953125 milliseconds)
[com5] Sending sample blau.2im6vtpj.ingestion-65c5587588-dvjvm.json (435/500): Button 4
[com5] Sending train command
[com5] Train start confirmation: ok


[com5] Button confirmation: Button 4


[com5] Only forward confirmation: Only forward 0


[com5] Sample received confirmation: Sample received for button 4


[com5] Graph command received: graph


[com5] Outputs [raw]: b'0.000004 0.007466 0.000000 0.966077 \n'
[com5] Outputs: ['0.000004', '0.007466', '0.000000', '0.966077']
[com5] Predicted button: 4
[com5] Error: 0.000302

[com5] Sample sent in: 976.8935546875 milliseconds)
[com5] Sending sample montserrat.2jabnjlt.ingestion-8499f64fc9-xnfkp.json (436/500): Button 1
[com5] Sending train command
[com5] Train start confirmation: ok


[com5] Button confirmation: Button 1


[com5] Only forward confirmation: Only forward 0


[com5] Sample received confirmation: Sample received for button 1


[com5] Graph command received: graph


[com5] Outputs [raw]: b'0.999689 0.000002 0.000000 0.000467 \n'
[com5] Outputs: ['0.999689', '0.000002', '0.000000', '0.000467']
[com5] Predicted button: 1
[com5] Error: 0.000000

[com5] Sample sent in: 995.87353515625 milliseconds)
[com5] Sending sample pedraforca.2jdjk0rs.ingestion-7979684cc8-9nv75.json (437/500): Button 2
[com5] Sending train command
[com5] Train start confirmation: ok


[com5] Button confirmation: Button 2


[com5] Only forward confirmation: Only forward 0


[com5] Sample received confirmation: Sample received for button 2


[com5] Graph command received: graph


[com5] Outputs [raw]: b'0.000000 0.999976 0.000001 0.000553 \n'
[com5] Outputs: ['0.000000', '0.999976', '0.000001', '0.000553']
[com5] Predicted button: 2
[com5] Error: 0.000000

[com5] Sample sent in: 991.697509765625 milliseconds)
[com5] Sending sample vermell.2im7fsa9.ingestion-65c5587588-dvjvm.json (438/500): Button 3
[com5] Sending train command
[com5] Train start confirmation: ok


[com5] Button confirmation: Button 3


[com5] Only forward confirmation: Only forward 0


[com5] Sample received confirmation: Sample received for button 3


[com5] Graph command received: graph


[com5] Outputs [raw]: b'0.000232 0.000003 0.054669 0.000000 \n'
[com5] Outputs: ['0.000232', '0.000003', '0.054669', '0.000000']
[com5] Predicted button: 3
[com5] Error: 0.223413

[com5] Sample sent in: 980.4580078125 milliseconds)
[com5] Sending sample blau.2im7jkdt.ingestion-65c5587588-dvjvm.json (439/500): Button 4
[com5] Sending train command
[com5] Train start confirmation: ok


[com5] Button confirmation: Button 4


[com5] Only forward confirmation: Only forward 0


[com5] Sample received confirmation: Sample received for button 4


[com5] Graph command received: graph


[com5] Outputs [raw]: b'0.000095 0.000341 0.000020 0.974090 \n'
[com5] Outputs: ['0.000095', '0.000341', '0.000020', '0.974090']
[com5] Predicted button: 4
[com5] Error: 0.000168

[com5] Sample sent in: 1000.7431640625 milliseconds)
[com5] Sending sample montserrat.2i19p4hg.ingestion-6fbcb45f68-v56rs.json (440/500): Button 1
[com5] Sending train command
[com5] Train start confirmation: ok


[com5] Button confirmation: Button 1


[com5] Only forward confirmation: Only forward 0


[com5] Sample received confirmation: Sample received for button 1


[com5] Graph command received: graph


[com5] Outputs [raw]: b'0.998772 0.000002 0.000000 0.000032 \n'
[com5] Outputs: ['0.998772', '0.000002', '0.000000', '0.000032']
[com5] Predicted button: 1
[com5] Error: 0.000000

[com5] Sample sent in: 991.61572265625 milliseconds)
[com5] Sending sample pedraforca.2hn9vbbq.ingestion-55946b7658-stxnc.json (441/500): Button 2
[com5] Sending train command
[com5] Train start confirmation: ok


[com5] Button confirmation: Button 2


[com5] Only forward confirmation: Only forward 0


[com5] Sample received confirmation: Sample received for button 2


[com5] Graph command received: graph


[com5] Outputs [raw]: b'0.000060 0.381631 0.001873 0.000000 \n'
[com5] Outputs: ['0.000060', '0.381631', '0.001873', '0.000000']
[com5] Predicted button: 2
[com5] Error: 0.095596

[com5] Sample sent in: 966.839111328125 milliseconds)
[com5] Sending sample vermell.2im7mc2n.ingestion-65c5587588-smqjm.json (442/500): Button 3
[com5] Sending train command
[com5] Train start confirmation: ok


[com5] Button confirmation: Button 3


[com5] Only forward confirmation: Only forward 0


[com5] Sample received confirmation: Sample received for button 3


[com5] Graph command received: graph


[com5] Outputs [raw]: b'0.027363 0.000069 0.000091 0.000617 \n'
[com5] Outputs: ['0.027363', '0.000069', '0.000091', '0.000617']
[com5] Predicted button: 1
[com5] Error: 0.250142

[com5] Sample sent in: 978.162841796875 milliseconds)
[com5] Sending sample blau.2im7jrp7.ingestion-65c5587588-dvjvm.json (443/500): Button 4
[com5] Sending train command
[com5] Train start confirmation: ok


[com5] Button confirmation: Button 4


[com5] Only forward confirmation: Only forward 0


[com5] Sample received confirmation: Sample received for button 4


[com5] Graph command received: graph


[com5] Outputs [raw]: b'0.000041 0.002659 0.000000 0.755513 \n'
[com5] Outputs: ['0.000041', '0.002659', '0.000000', '0.755513']
[com5] Predicted button: 4
[com5] Error: 0.014945

[com5] Sample sent in: 984.745361328125 milliseconds)
[com5] Sending sample montserrat.2i1jdqsi.ingestion-6fbcb45f68-8grp6.json (444/500): Button 1
[com5] Sending train command
[com5] Train start confirmation: ok


[com5] Button confirmation: Button 1


[com5] Only forward confirmation: Only forward 0


[com5] Sample received confirmation: Sample received for button 1


[com5] Graph command received: graph


[com5] Outputs [raw]: b'0.997865 0.002206 0.000001 0.003556 \n'
[com5] Outputs: ['0.997865', '0.002206', '0.000001', '0.003556']
[com5] Predicted button: 1
[com5] Error: 0.000006

[com5] Sample sent in: 980.15380859375 milliseconds)
[com5] Sending sample pedraforca.2jdjinvi.ingestion-7979684cc8-5gkxz.json (445/500): Button 2
[com5] Sending train command
[com5] Train start confirmation: ok


[com5] Button confirmation: Button 2


[com5] Only forward confirmation: Only forward 0


[com5] Sample received confirmation: Sample received for button 2


[com5] Graph command received: graph


[com5] Outputs [raw]: b'0.001654 0.999936 0.000000 0.040207 \n'
[com5] Outputs: ['0.001654', '0.999936', '0.000000', '0.040207']
[com5] Predicted button: 2
[com5] Error: 0.000405

[com5] Sample sent in: 980.49853515625 milliseconds)
[com5] Sending sample vermell.2im7a087.ingestion-65c5587588-dvjvm.json (446/500): Button 3
[com5] Sending train command
[com5] Train start confirmation: ok


[com5] Button confirmation: Button 3


[com5] Only forward confirmation: Only forward 0


[com5] Sample received confirmation: Sample received for button 3


[com5] Graph command received: graph


[com5] Outputs [raw]: b'0.000000 0.000116 0.002183 0.000000 \n'
[com5] Outputs: ['0.000000', '0.000116', '0.002183', '0.000000']
[com5] Predicted button: 3
[com5] Error: 0.248909

[com5] Sample sent in: 986.0498046875 milliseconds)
[com5] Sending sample blau.2im7f3pi.ingestion-65c5587588-smqjm.json (447/500): Button 4
[com5] Sending train command
[com5] Train start confirmation: ok


[com5] Button confirmation: Button 4


[com5] Only forward confirmation: Only forward 0


[com5] Sample received confirmation: Sample received for button 4


[com5] Graph command received: graph


[com5] Outputs [raw]: b'0.000000 0.000022 0.037199 0.000000 \n'
[com5] Outputs: ['0.000000', '0.000022', '0.037199', '0.000000']
[com5] Predicted button: 3
[com5] Error: 0.250346

[com5] Sample sent in: 966.4970703125 milliseconds)
[com5] Sending sample montserrat.2jb1b82i.ingestion-8499f64fc9-xnfkp.json (448/500): Button 1
[com5] Sending train command
[com5] Train start confirmation: ok


[com5] Button confirmation: Button 1


[com5] Only forward confirmation: Only forward 0


[com5] Sample received confirmation: Sample received for button 1


[com5] Graph command received: graph


[com5] Outputs [raw]: b'0.999314 0.057731 0.000000 0.000140 \n'
[com5] Outputs: ['0.999314', '0.057731', '0.000000', '0.000140']
[com5] Predicted button: 1
[com5] Error: 0.000833

[com5] Sample sent in: 965.955810546875 milliseconds)
[com5] Sending sample pedraforca.2i1jl8h7.ingestion-6fbcb45f68-v56rs.json (449/500): Button 2
[com5] Sending train command
[com5] Train start confirmation: ok


[com5] Button confirmation: Button 2


[com5] Only forward confirmation: Only forward 0


[com5] Sample received confirmation: Sample received for button 2


[com5] Graph command received: graph


[com5] Outputs [raw]: b'0.000001 1.000000 0.000002 0.003151 \n'
[com5] Outputs: ['0.000001', '1.000000', '0.000002', '0.003151']
[com5] Predicted button: 2
[com5] Error: 0.000002

[com5] Sample sent in: 988.5419921875 milliseconds)
[com5] Sending sample vermell.2im7aki5.ingestion-65c5587588-lg5cg.json (450/500): Button 3
[com5] Sending train command
[com5] Train start confirmation: ok


[com5] Button confirmation: Button 3


[com5] Only forward confirmation: Only forward 0


[com5] Sample received confirmation: Sample received for button 3


[com5] Graph command received: graph


[com5] Outputs [raw]: b'0.000000 0.663305 0.043665 0.000000 \n'
[com5] Outputs: ['0.000000', '0.663305', '0.043665', '0.000000']
[com5] Predicted button: 2
[com5] Error: 0.338638

[com5] Sample sent in: 988.75634765625 milliseconds)
[com5] Sending sample blau.2im7jpu8.ingestion-65c5587588-smqjm.json (451/500): Button 4
[com5] Sending train command
[com5] Train start confirmation: ok


[com5] Button confirmation: Button 4


[com5] Only forward confirmation: Only forward 0


[com5] Sample received confirmation: Sample received for button 4


[com5] Graph command received: graph


[com5] Outputs [raw]: b'0.000107 0.030905 0.000000 0.398371 \n'
[com5] Outputs: ['0.000107', '0.030905', '0.000000', '0.398371']
[com5] Predicted button: 4
[com5] Error: 0.090728

[com5] Sample sent in: 971.2470703125 milliseconds)
[com5] Sending sample montserrat.2jdj4fhh.ingestion-bcfbf9bfd-96mhc.json (452/500): Button 1
[com5] Sending train command
[com5] Train start confirmation: ok


[com5] Button confirmation: Button 1


[com5] Only forward confirmation: Only forward 0


[com5] Sample received confirmation: Sample received for button 1


[com5] Graph command received: graph


[com5] Outputs [raw]: b'0.156404 0.076385 0.000012 0.003699 \n'
[com5] Outputs: ['0.156404', '0.076385', '0.000012', '0.003699']
[com5] Predicted button: 1
[com5] Error: 0.179376

[com5] Sample sent in: 989.226318359375 milliseconds)
[com5] Sending sample pedraforca.2jdjjs7g.ingestion-7979684cc8-9nv75.json (453/500): Button 2
[com5] Sending train command
[com5] Train start confirmation: ok


[com5] Button confirmation: Button 2


[com5] Only forward confirmation: Only forward 0


[com5] Sample received confirmation: Sample received for button 2


[com5] Graph command received: graph


[com5] Outputs [raw]: b'0.215590 0.998351 0.000000 0.000028 \n'
[com5] Outputs: ['0.215590', '0.998351', '0.000000', '0.000028']
[com5] Predicted button: 2
[com5] Error: 0.011620

[com5] Sample sent in: 964.82470703125 milliseconds)
[com5] Sending sample vermell.2im6u3u9.ingestion-65c5587588-lg5cg.json (454/500): Button 3
[com5] Sending train command
[com5] Train start confirmation: ok


[com5] Button confirmation: Button 3


[com5] Only forward confirmation: Only forward 0


[com5] Sample received confirmation: Sample received for button 3


[com5] Graph command received: graph


[com5] Outputs [raw]: b'0.000007 0.000164 0.832089 0.001935 \n'
[com5] Outputs: ['0.000007', '0.000164', '0.832089', '0.001935']
[com5] Predicted button: 3
[com5] Error: 0.007049

[com5] Sample sent in: 969.593994140625 milliseconds)
[com5] Sending sample blau.2im8o3jd.ingestion-65c5587588-dvjvm.json (455/500): Button 4
[com5] Sending train command
[com5] Train start confirmation: ok


[com5] Button confirmation: Button 4


[com5] Only forward confirmation: Only forward 0


[com5] Sample received confirmation: Sample received for button 4


[com5] Graph command received: graph


[com5] Outputs [raw]: b'0.040120 0.297041 0.000001 0.987049 \n'
[com5] Outputs: ['0.040120', '0.297041', '0.000001', '0.987049']
[com5] Predicted button: 4
[com5] Error: 0.022503

[com5] Sample sent in: 954.130859375 milliseconds)
[com5] Sending sample montserrat.2i1jhuli.ingestion-6fbcb45f68-v56rs.json (456/500): Button 1
[com5] Sending train command
[com5] Train start confirmation: ok


[com5] Button confirmation: Button 1


[com5] Only forward confirmation: Only forward 0


[com5] Sample received confirmation: Sample received for button 1


[com5] Graph command received: graph


[com5] Outputs [raw]: b'0.999329 0.002389 0.000003 0.000000 \n'
[com5] Outputs: ['0.999329', '0.002389', '0.000003', '0.000000']
[com5] Predicted button: 1
[com5] Error: 0.000002

[com5] Sample sent in: 982.03857421875 milliseconds)
[com5] Sending sample pedraforca.2jdjhoo2.ingestion-7979684cc8-9nv75.json (457/500): Button 2
[com5] Sending train command
[com5] Train start confirmation: ok


[com5] Button confirmation: Button 2


[com5] Only forward confirmation: Only forward 0


[com5] Sample received confirmation: Sample received for button 2


[com5] Graph command received: graph


[com5] Outputs [raw]: b'0.003177 0.999943 0.000000 0.000189 \n'
[com5] Outputs: ['0.003177', '0.999943', '0.000000', '0.000189']
[com5] Predicted button: 2
[com5] Error: 0.000003

[com5] Sample sent in: 966.90380859375 milliseconds)
[com5] Sending sample vermell.2im7a7a7.ingestion-65c5587588-lg5cg.json (458/500): Button 3
[com5] Sending train command
[com5] Train start confirmation: ok


[com5] Button confirmation: Button 3


[com5] Only forward confirmation: Only forward 0


[com5] Sample received confirmation: Sample received for button 3


[com5] Graph command received: graph


[com5] Outputs [raw]: b'0.000000 0.000039 0.867741 0.988434 \n'
[com5] Outputs: ['0.000000', '0.000039', '0.867741', '0.988434']
[com5] Predicted button: 4
[com5] Error: 0.248623

[com5] Sample sent in: 979.626953125 milliseconds)
[com5] Sending sample blau.2im8og90.ingestion-65c5587588-smqjm.json (459/500): Button 4
[com5] Sending train command
[com5] Train start confirmation: ok


[com5] Button confirmation: Button 4


[com5] Only forward confirmation: Only forward 0


[com5] Sample received confirmation: Sample received for button 4


[com5] Graph command received: graph


[com5] Outputs [raw]: b'0.002736 0.015805 0.000147 0.999716 \n'
[com5] Outputs: ['0.002736', '0.015805', '0.000147', '0.999716']
[com5] Predicted button: 4
[com5] Error: 0.000064

[com5] Sample sent in: 970.3251953125 milliseconds)
[com5] Sending sample montserrat.2irdoabk.ingestion-7b48868958-6wxmq.json (460/500): Button 1
[com5] Sending train command
[com5] Train start confirmation: ok


[com5] Button confirmation: Button 1


[com5] Only forward confirmation: Only forward 0


[com5] Sample received confirmation: Sample received for button 1


[com5] Graph command received: graph


[com5] Outputs [raw]: b'0.997952 0.000194 0.000000 0.912861 \n'
[com5] Outputs: ['0.997952', '0.000194', '0.000000', '0.912861']
[com5] Predicted button: 1
[com5] Error: 0.208330

[com5] Sample sent in: 972.19189453125 milliseconds)
[com5] Sending sample pedraforca.2jdjjqac.ingestion-7979684cc8-5gkxz.json (461/500): Button 2
[com5] Sending train command
[com5] Train start confirmation: ok


[com5] Button confirmation: Button 2


[com5] Only forward confirmation: Only forward 0


[com5] Sample received confirmation: Sample received for button 2


[com5] Graph command received: graph


[com5] Outputs [raw]: b'0.021619 0.013062 0.000000 0.987006 \n'
[com5] Outputs: ['0.021619', '0.013062', '0.000000', '0.987006']
[com5] Predicted button: 4
[com5] Error: 0.487174

[com5] Sample sent in: 990.822509765625 milliseconds)
[com5] Sending sample vermell.2im76th3.ingestion-65c5587588-lg5cg.json (462/500): Button 3
[com5] Sending train command
[com5] Train start confirmation: ok


[com5] Button confirmation: Button 3


[com5] Only forward confirmation: Only forward 0


[com5] Sample received confirmation: Sample received for button 3


[com5] Graph command received: graph


[com5] Outputs [raw]: b'0.000002 0.000000 0.995946 0.000000 \n'
[com5] Outputs: ['0.000002', '0.000000', '0.995946', '0.000000']
[com5] Predicted button: 3
[com5] Error: 0.000004

[com5] Sample sent in: 972.451416015625 milliseconds)
[com5] Sending sample blau.2im8ockt.ingestion-65c5587588-lg5cg.json (463/500): Button 4
[com5] Sending train command
[com5] Train start confirmation: ok


[com5] Button confirmation: Button 4


[com5] Only forward confirmation: Only forward 0


[com5] Sample received confirmation: Sample received for button 4


[com5] Graph command received: graph


[com5] Outputs [raw]: b'0.001625 0.001281 0.010564 0.999965 \n'
[com5] Outputs: ['0.001625', '0.001281', '0.010564', '0.999965']
[com5] Predicted button: 4
[com5] Error: 0.000029

[com5] Sample sent in: 970.9716796875 milliseconds)
[com5] Sending sample montserrat.2jak2kt4.ingestion-8499f64fc9-xnfkp.json (464/500): Button 1
[com5] Sending train command
[com5] Train start confirmation: ok


[com5] Button confirmation: Button 1


[com5] Only forward confirmation: Only forward 0


[com5] Sample received confirmation: Sample received for button 1


[com5] Graph command received: graph


[com5] Outputs [raw]: b'0.999607 0.000393 0.000001 0.298154 \n'
[com5] Outputs: ['0.999607', '0.000393', '0.000001', '0.298154']
[com5] Predicted button: 1
[com5] Error: 0.022224

[com5] Sample sent in: 972.195068359375 milliseconds)
[com5] Sending sample pedraforca.2jdjihli.ingestion-7979684cc8-tbwcn.json (465/500): Button 2
[com5] Sending train command
[com5] Train start confirmation: ok


[com5] Button confirmation: Button 2


[com5] Only forward confirmation: Only forward 0


[com5] Sample received confirmation: Sample received for button 2


[com5] Graph command received: graph


[com5] Outputs [raw]: b'0.139212 0.946072 0.000000 0.529916 \n'
[com5] Outputs: ['0.139212', '0.946072', '0.000000', '0.529916']
[com5] Predicted button: 2
[com5] Error: 0.075775

[com5] Sample sent in: 973.580078125 milliseconds)
[com5] Sending sample vermell.2im6qvvp.ingestion-65c5587588-lg5cg.json (466/500): Button 3
[com5] Sending train command
[com5] Train start confirmation: ok


[com5] Button confirmation: Button 3


[com5] Only forward confirmation: Only forward 0


[com5] Sample received confirmation: Sample received for button 3


[com5] Graph command received: graph


[com5] Outputs [raw]: b'0.063470 0.000000 0.264559 0.000000 \n'
[com5] Outputs: ['0.063470', '0.000000', '0.264559', '0.000000']
[com5] Predicted button: 3
[com5] Error: 0.136226

[com5] Sample sent in: 972.716064453125 milliseconds)
[com5] Sending sample blau.2im8p95a.ingestion-65c5587588-smqjm.json (467/500): Button 4
[com5] Sending train command
[com5] Train start confirmation: ok


[com5] Button confirmation: Button 4


[com5] Only forward confirmation: Only forward 0


[com5] Sample received confirmation: Sample received for button 4


[com5] Graph command received: graph


[com5] Outputs [raw]: b'0.004493 0.002934 0.003668 0.999949 \n'
[com5] Outputs: ['0.004493', '0.002934', '0.003668', '0.999949']
[com5] Predicted button: 4
[com5] Error: 0.000011

[com5] Sample sent in: 974.060791015625 milliseconds)
[com5] Sending sample montserrat.2jdj2vmj.ingestion-bcfbf9bfd-d2549.json (468/500): Button 1
[com5] Sending train command
[com5] Train start confirmation: ok


[com5] Button confirmation: Button 1


[com5] Only forward confirmation: Only forward 0


[com5] Sample received confirmation: Sample received for button 1


[com5] Graph command received: graph


[com5] Outputs [raw]: b'0.999377 0.000069 0.000232 0.011442 \n'
[com5] Outputs: ['0.999377', '0.000069', '0.000232', '0.011442']
[com5] Predicted button: 1
[com5] Error: 0.000033

[com5] Sample sent in: 978.48388671875 milliseconds)
[com5] Sending sample pedraforca.2jdjhhqq.ingestion-7979684cc8-tbwcn.json (469/500): Button 2
[com5] Sending train command
[com5] Train start confirmation: ok


[com5] Button confirmation: Button 2


[com5] Only forward confirmation: Only forward 0


[com5] Sample received confirmation: Sample received for button 2


[com5] Graph command received: graph


[com5] Outputs [raw]: b'0.133848 0.999236 0.000000 0.000089 \n'
[com5] Outputs: ['0.133848', '0.999236', '0.000000', '0.000089']
[com5] Predicted button: 2
[com5] Error: 0.004479

[com5] Sample sent in: 975.62646484375 milliseconds)
[com5] Sending sample vermell.2im7gev6.ingestion-65c5587588-dvjvm.json (470/500): Button 3
[com5] Sending train command
[com5] Train start confirmation: ok


[com5] Button confirmation: Button 3


[com5] Only forward confirmation: Only forward 0


[com5] Sample received confirmation: Sample received for button 3


[com5] Graph command received: graph


[com5] Outputs [raw]: b'0.000147 0.000000 0.991941 0.000000 \n'
[com5] Outputs: ['0.000147', '0.000000', '0.991941', '0.000000']
[com5] Predicted button: 3
[com5] Error: 0.000016

[com5] Sample sent in: 987.5244140625 milliseconds)
[com5] Sending sample blau.2im8m378.ingestion-65c5587588-lg5cg.json (471/500): Button 4
[com5] Sending train command
[com5] Train start confirmation: ok


[com5] Button confirmation: Button 4


[com5] Only forward confirmation: Only forward 0


[com5] Sample received confirmation: Sample received for button 4


[com5] Graph command received: graph


[com5] Outputs [raw]: b'0.000407 0.047094 0.882868 0.000000 \n'
[com5] Outputs: ['0.000407', '0.047094', '0.882868', '0.000000']
[com5] Predicted button: 3
[com5] Error: 0.445419

[com5] Sample sent in: 980.240234375 milliseconds)
[com5] Sending sample montserrat.2i1jf2ev.ingestion-6fbcb45f68-8grp6.json (472/500): Button 1
[com5] Sending train command
[com5] Train start confirmation: ok


[com5] Button confirmation: Button 1


[com5] Only forward confirmation: Only forward 0


[com5] Sample received confirmation: Sample received for button 1


[com5] Graph command received: graph


[com5] Outputs [raw]: b'0.674478 0.000010 0.000000 0.000506 \n'
[com5] Outputs: ['0.674478', '0.000010', '0.000000', '0.000506']
[com5] Predicted button: 1
[com5] Error: 0.026491

[com5] Sample sent in: 982.537109375 milliseconds)
[com5] Sending sample pedraforca.2jdji9g6.ingestion-7979684cc8-9nv75.json (473/500): Button 2
[com5] Sending train command
[com5] Train start confirmation: ok


[com5] Button confirmation: Button 2


[com5] Only forward confirmation: Only forward 0


[com5] Sample received confirmation: Sample received for button 2


[com5] Graph command received: graph


[com5] Outputs [raw]: b'0.017254 0.999551 0.000015 0.000071 \n'
[com5] Outputs: ['0.017254', '0.999551', '0.000015', '0.000071']
[com5] Predicted button: 2
[com5] Error: 0.000074

[com5] Sample sent in: 980.922119140625 milliseconds)
[com5] Sending sample vermell.2im7fqfj.ingestion-65c5587588-lg5cg.json (474/500): Button 3
[com5] Sending train command
[com5] Train start confirmation: ok


[com5] Button confirmation: Button 3


[com5] Only forward confirmation: Only forward 0


[com5] Sample received confirmation: Sample received for button 3


[com5] Graph command received: graph


[com5] Outputs [raw]: b'0.000000 0.000015 0.999987 0.000000 \n'
[com5] Outputs: ['0.000000', '0.000015', '0.999987', '0.000000']
[com5] Predicted button: 3
[com5] Error: 0.000000

[com5] Sample sent in: 992.762939453125 milliseconds)
[com5] Sending sample blau.2im7k6vu.ingestion-65c5587588-lg5cg.json (475/500): Button 4
[com5] Sending train command
[com5] Train start confirmation: ok


[com5] Button confirmation: Button 4


[com5] Only forward confirmation: Only forward 0


[com5] Sample received confirmation: Sample received for button 4


[com5] Graph command received: graph


[com5] Outputs [raw]: b'0.000058 0.000003 0.005064 0.998257 \n'
[com5] Outputs: ['0.000058', '0.000003', '0.005064', '0.998257']
[com5] Predicted button: 4
[com5] Error: 0.000007

[com5] Sample sent in: 976.80419921875 milliseconds)
[com5] Sending sample montserrat.2jdj49mt.ingestion-bcfbf9bfd-96mhc.json (476/500): Button 1
[com5] Sending train command
[com5] Train start confirmation: ok


[com5] Button confirmation: Button 1


[com5] Only forward confirmation: Only forward 0


[com5] Sample received confirmation: Sample received for button 1


[com5] Graph command received: graph


[com5] Outputs [raw]: b'0.999984 0.000001 0.000009 0.000482 \n'
[com5] Outputs: ['0.999984', '0.000001', '0.000009', '0.000482']
[com5] Predicted button: 1
[com5] Error: 0.000000

[com5] Sample sent in: 976.26806640625 milliseconds)
[com5] Sending sample pedraforca.2jdjhtd9.ingestion-7979684cc8-5gkxz.json (477/500): Button 2
[com5] Sending train command
[com5] Train start confirmation: ok


[com5] Button confirmation: Button 2


[com5] Only forward confirmation: Only forward 0


[com5] Sample received confirmation: Sample received for button 2


[com5] Graph command received: graph


[com5] Outputs [raw]: b'0.988037 0.939925 0.000080 0.000102 \n'
[com5] Outputs: ['0.988037', '0.939925', '0.000080', '0.000102']
[com5] Predicted button: 1
[com5] Error: 0.244956

[com5] Sample sent in: 985.42529296875 milliseconds)
[com5] Sending sample vermell.2im7fdn5.ingestion-65c5587588-dvjvm.json (478/500): Button 3
[com5] Sending train command
[com5] Train start confirmation: ok


[com5] Button confirmation: Button 3


[com5] Only forward confirmation: Only forward 0


[com5] Sample received confirmation: Sample received for button 3


[com5] Graph command received: graph


[com5] Outputs [raw]: b'0.067320 0.000000 0.999556 0.000000 \n'
[com5] Outputs: ['0.067320', '0.000000', '0.999556', '0.000000']
[com5] Predicted button: 3
[com5] Error: 0.001133

[com5] Sample sent in: 986.59521484375 milliseconds)
[com5] Sending sample blau.2im8m531.ingestion-65c5587588-dvjvm.json (479/500): Button 4
[com5] Sending train command
[com5] Train start confirmation: ok


[com5] Button confirmation: Button 4


[com5] Only forward confirmation: Only forward 0


[com5] Sample received confirmation: Sample received for button 4


[com5] Graph command received: graph


[com5] Outputs [raw]: b'0.000000 0.000005 0.019688 0.003129 \n'
[com5] Outputs: ['0.000000', '0.000005', '0.019688', '0.003129']
[com5] Predicted button: 3
[com5] Error: 0.248535

[com5] Sample sent in: 981.069580078125 milliseconds)
[com5] Sending sample montserrat.2i19p7a6.ingestion-6fbcb45f68-gjdgd.json (480/500): Button 1
[com5] Sending train command
[com5] Train start confirmation: ok


[com5] Button confirmation: Button 1


[com5] Only forward confirmation: Only forward 0


[com5] Sample received confirmation: Sample received for button 1


[com5] Graph command received: graph


[com5] Outputs [raw]: b'0.999992 0.000000 0.000068 0.000009 \n'
[com5] Outputs: ['0.999992', '0.000000', '0.000068', '0.000009']
[com5] Predicted button: 1
[com5] Error: 0.000000

[com5] Sample sent in: 961.198486328125 milliseconds)
[com5] Sending sample pedraforca.2i19d5vh.ingestion-6fbcb45f68-v56rs.json (481/500): Button 2
[com5] Sending train command
[com5] Train start confirmation: ok


[com5] Button confirmation: Button 2


[com5] Only forward confirmation: Only forward 0


[com5] Sample received confirmation: Sample received for button 2


[com5] Graph command received: graph


[com5] Outputs [raw]: b'0.000702 0.803649 0.001503 0.004469 \n'
[com5] Outputs: ['0.000702', '0.803649', '0.001503', '0.004469']
[com5] Predicted button: 2
[com5] Error: 0.009644

[com5] Sample sent in: 976.8447265625 milliseconds)
[com5] Sending sample vermell.2im7f9tj.ingestion-65c5587588-smqjm.json (482/500): Button 3
[com5] Sending train command
[com5] Train start confirmation: ok


[com5] Button confirmation: Button 3


[com5] Only forward confirmation: Only forward 0


[com5] Sample received confirmation: Sample received for button 3


[com5] Graph command received: graph


[com5] Outputs [raw]: b'0.155630 0.000000 0.364444 0.000000 \n'
[com5] Outputs: ['0.155630', '0.000000', '0.364444', '0.000000']
[com5] Predicted button: 3
[com5] Error: 0.107038

[com5] Sample sent in: 970.060302734375 milliseconds)
[com5] Sending sample blau.2im8oi0f.ingestion-65c5587588-dvjvm.json (483/500): Button 4
[com5] Sending train command
[com5] Train start confirmation: ok


[com5] Button confirmation: Button 4


[com5] Only forward confirmation: Only forward 0


[com5] Sample received confirmation: Sample received for button 4


[com5] Graph command received: graph


[com5] Outputs [raw]: b'0.104096 0.000140 0.006737 0.979696 \n'
[com5] Outputs: ['0.104096', '0.000140', '0.006737', '0.979696']
[com5] Predicted button: 4
[com5] Error: 0.002823

[com5] Sample sent in: 964.85546875 milliseconds)
[com5] Sending sample montserrat.2i19pgmh.ingestion-6fbcb45f68-v56rs.json (484/500): Button 1
[com5] Sending train command
[com5] Train start confirmation: ok


[com5] Button confirmation: Button 1


[com5] Only forward confirmation: Only forward 0


[com5] Sample received confirmation: Sample received for button 1


[com5] Graph command received: graph


[com5] Outputs [raw]: b'0.999520 0.000021 0.000000 0.009471 \n'
[com5] Outputs: ['0.999520', '0.000021', '0.000000', '0.009471']
[com5] Predicted button: 1
[com5] Error: 0.000022

[com5] Sample sent in: 979.843994140625 milliseconds)
[com5] Sending sample pedraforca.2i1j9ldh.ingestion-6fbcb45f68-gjdgd.json (485/500): Button 2
[com5] Sending train command
[com5] Train start confirmation: ok


[com5] Button confirmation: Button 2


[com5] Only forward confirmation: Only forward 0


[com5] Sample received confirmation: Sample received for button 2


[com5] Graph command received: graph


[com5] Outputs [raw]: b'0.009576 0.999803 0.000131 0.000010 \n'
[com5] Outputs: ['0.009576', '0.999803', '0.000131', '0.000010']
[com5] Predicted button: 2
[com5] Error: 0.000023

[com5] Sample sent in: 974.573486328125 milliseconds)
[com5] Sending sample vermell.2im6s3hb.ingestion-65c5587588-smqjm.json (486/500): Button 3
[com5] Sending train command
[com5] Train start confirmation: ok


[com5] Button confirmation: Button 3


[com5] Only forward confirmation: Only forward 0


[com5] Sample received confirmation: Sample received for button 3


[com5] Graph command received: graph


[com5] Outputs [raw]: b'0.000054 0.009208 0.775772 0.000000 \n'
[com5] Outputs: ['0.000054', '0.009208', '0.775772', '0.000000']
[com5] Predicted button: 3
[com5] Error: 0.012591

[com5] Sample sent in: 983.5390625 milliseconds)
[com5] Sending sample blau.2im7egdn.ingestion-65c5587588-dvjvm.json (487/500): Button 4
[com5] Sending train command
[com5] Train start confirmation: ok


[com5] Button confirmation: Button 4


[com5] Only forward confirmation: Only forward 0


[com5] Sample received confirmation: Sample received for button 4


[com5] Graph command received: graph


[com5] Outputs [raw]: b'0.355857 0.001480 0.001522 0.478786 \n'
[com5] Outputs: ['0.355857', '0.001480', '0.001522', '0.478786']
[com5] Predicted button: 4
[com5] Error: 0.099576

[com5] Sample sent in: 989.844970703125 milliseconds)
[com5] Sending sample montserrat.2i1jdkko.ingestion-6fbcb45f68-gjdgd.json (488/500): Button 1
[com5] Sending train command
[com5] Train start confirmation: ok


[com5] Button confirmation: Button 1


[com5] Only forward confirmation: Only forward 0


[com5] Sample received confirmation: Sample received for button 1


[com5] Graph command received: graph


[com5] Outputs [raw]: b'0.999968 0.000241 0.001653 0.000000 \n'
[com5] Outputs: ['0.999968', '0.000241', '0.001653', '0.000000']
[com5] Predicted button: 1
[com5] Error: 0.000001

[com5] Sample sent in: 985.587646484375 milliseconds)
[com5] Sending sample pedraforca.2hnaufhc.ingestion-55946b7658-stxnc.json (489/500): Button 2
[com5] Sending train command
[com5] Train start confirmation: ok


[com5] Button confirmation: Button 2


[com5] Only forward confirmation: Only forward 0


[com5] Sample received confirmation: Sample received for button 2


[com5] Graph command received: graph


[com5] Outputs [raw]: b'0.001645 0.996303 0.000444 0.027026 \n'
[com5] Outputs: ['0.001645', '0.996303', '0.000444', '0.027026']
[com5] Predicted button: 2
[com5] Error: 0.000187

[com5] Sample sent in: 984.95263671875 milliseconds)
[com5] Sending sample vermell.2im7fmt1.ingestion-65c5587588-lg5cg.json (490/500): Button 3
[com5] Sending train command
[com5] Train start confirmation: ok


[com5] Button confirmation: Button 3


[com5] Only forward confirmation: Only forward 0


[com5] Sample received confirmation: Sample received for button 3


[com5] Graph command received: graph


[com5] Outputs [raw]: b'0.000000 0.001657 0.999944 0.000025 \n'
[com5] Outputs: ['0.000000', '0.001657', '0.999944', '0.000025']
[com5] Predicted button: 3
[com5] Error: 0.000001

[com5] Sample sent in: 988.84130859375 milliseconds)
[com5] Sending sample blau.2im7enuj.ingestion-65c5587588-smqjm.json (491/500): Button 4
[com5] Sending train command
[com5] Train start confirmation: ok


[com5] Button confirmation: Button 4


[com5] Only forward confirmation: Only forward 0


[com5] Sample received confirmation: Sample received for button 4


[com5] Graph command received: graph


[com5] Outputs [raw]: b'0.064759 0.000054 0.000115 0.997805 \n'
[com5] Outputs: ['0.064759', '0.000054', '0.000115', '0.997805']
[com5] Predicted button: 4
[com5] Error: 0.001050

[com5] Sample sent in: 984.321044921875 milliseconds)
[com5] Sending sample montserrat.2jb1c3f6.ingestion-8499f64fc9-xnfkp.json (492/500): Button 1
[com5] Sending train command
[com5] Train start confirmation: ok


[com5] Button confirmation: Button 1


[com5] Only forward confirmation: Only forward 0


[com5] Sample received confirmation: Sample received for button 1


[com5] Graph command received: graph


[com5] Outputs [raw]: b'0.998049 0.000019 0.077870 0.001330 \n'
[com5] Outputs: ['0.998049', '0.000019', '0.077870', '0.001330']
[com5] Predicted button: 1
[com5] Error: 0.001517

[com5] Sample sent in: 984.5234375 milliseconds)
[com5] Sending sample pedraforca.2jdjifeq.ingestion-7979684cc8-5gkxz.json (493/500): Button 2
[com5] Sending train command
[com5] Train start confirmation: ok


[com5] Button confirmation: Button 2


[com5] Only forward confirmation: Only forward 0


[com5] Sample received confirmation: Sample received for button 2


[com5] Graph command received: graph


[com5] Outputs [raw]: b'0.870445 0.817881 0.158358 0.000001 \n'
[com5] Outputs: ['0.870445', '0.817881', '0.158358', '0.000001']
[com5] Predicted button: 1
[com5] Error: 0.203980

[com5] Sample sent in: 983.61572265625 milliseconds)
[com5] Sending sample vermell.2im77bjm.ingestion-65c5587588-smqjm.json (494/500): Button 3
[com5] Sending train command
[com5] Train start confirmation: ok


[com5] Button confirmation: Button 3


[com5] Only forward confirmation: Only forward 0


[com5] Sample received confirmation: Sample received for button 3


[com5] Graph command received: graph


[com5] Outputs [raw]: b'0.000233 0.000000 0.999996 0.000022 \n'
[com5] Outputs: ['0.000233', '0.000000', '0.999996', '0.000022']
[com5] Predicted button: 3
[com5] Error: 0.000000

[com5] Sample sent in: 978.99951171875 milliseconds)
[com5] Sending sample blau.2im8o1v3.ingestion-65c5587588-lg5cg.json (495/500): Button 4
[com5] Sending train command
[com5] Train start confirmation: ok


[com5] Button confirmation: Button 4


[com5] Only forward confirmation: Only forward 0


[com5] Sample received confirmation: Sample received for button 4


[com5] Graph command received: graph


[com5] Outputs [raw]: b'0.000233 0.000026 0.430783 0.999894 \n'
[com5] Outputs: ['0.000233', '0.000026', '0.430783', '0.999894']
[com5] Predicted button: 4
[com5] Error: 0.046394

[com5] Sample sent in: 987.737548828125 milliseconds)
[com5] Sending sample montserrat.2i19oee2.ingestion-6fbcb45f68-8grp6.json (496/500): Button 1
[com5] Sending train command
[com5] Train start confirmation: ok


[com5] Button confirmation: Button 1


[com5] Only forward confirmation: Only forward 0


[com5] Sample received confirmation: Sample received for button 1


[com5] Graph command received: graph


[com5] Outputs [raw]: b'0.872244 0.001138 0.148976 0.000007 \n'
[com5] Outputs: ['0.872244', '0.001138', '0.148976', '0.000007']
[com5] Predicted button: 1
[com5] Error: 0.009629

[com5] Sample sent in: 983.998779296875 milliseconds)
[com5] Sending sample pedraforca.2hnausc5.ingestion-55946b7658-ffsx7.json (497/500): Button 2
[com5] Sending train command
[com5] Train start confirmation: ok


[com5] Button confirmation: Button 2


[com5] Only forward confirmation: Only forward 0


[com5] Sample received confirmation: Sample received for button 2


[com5] Graph command received: graph


[com5] Outputs [raw]: b'0.127579 0.702162 0.000631 0.034684 \n'
[com5] Outputs: ['0.127579', '0.702162', '0.000631', '0.034684']
[com5] Predicted button: 2
[com5] Error: 0.026547

[com5] Sample sent in: 972.550537109375 milliseconds)
[com5] Sending sample vermell.2im6u9c1.ingestion-65c5587588-dvjvm.json (498/500): Button 3
[com5] Sending train command
[com5] Train start confirmation: ok


[com5] Button confirmation: Button 3


[com5] Only forward confirmation: Only forward 0


[com5] Sample received confirmation: Sample received for button 3


[com5] Graph command received: graph


[com5] Outputs [raw]: b'0.000000 0.000000 1.000000 0.000000 \n'
[com5] Outputs: ['0.000000', '0.000000', '1.000000', '0.000000']
[com5] Predicted button: 3
[com5] Error: 0.000000

[com5] Sample sent in: 969.373779296875 milliseconds)
[com5] Sending sample blau.2im7jauf.ingestion-65c5587588-dvjvm.json (499/500): Button 4
[com5] Sending train command
[com5] Train start confirmation: ok


[com5] Button confirmation: Button 4


[com5] Only forward confirmation: Only forward 0


[com5] Sample received confirmation: Sample received for button 4


[com5] Graph command received: graph


[com5] Outputs [raw]: b'0.000000 0.000000 0.999998 0.000000 \n'
[com5] Outputs: ['0.000000', '0.000000', '0.999998', '0.000000']
[com5] Predicted button: 3
[com5] Error: 0.499999

[com5] Sample sent in: 975.4013671875 milliseconds)
Batch time: 489.0199246406555 seconds)
Starting Federated Learning
[com5] Starting connection...
[com5] syn_ack: b'<'
[com5] Connection accepted.
[com5] Num epochs: 500
[com5] Min weight: -6.1188130378723145, max weight: 5.255126476287842
[com5] Scaling precision: 0.04460368436925551
[com5] Receiving model...
[com5] Model received from com5 (0.8219635486602783 seconds)
[[ 0.92308223 -0.12320898  0.44586742 ... -0.3783471   0.24053748
   0.17355265]]
Devices num epochs: [500]
[com5] Average millis: 0.0 milliseconds)
[com5] Sending model...
[com5] Min weight to send: -6.1188130378723145, max: 5.255126476287842
[com5] Sending weight 0: 0.9230822324752808
[com5] Sending weight 1: -0.12320897728204727
[com5] Sending weight 2: 0.4458674192428589
[com5] Sending weight 3: -1.1431407928466797
[com5] Sending weight 4: 0.07119083404541016
Model sent to com5 (0.970137357711792 seconds)
Model received confirmation: Model received


FL time: 1.8968372344970703 seconds)
Trained in (491.91899728775024 seconds)
[com5] Training loss total: 53.85410048908428
[com5] Training loss mean: 0.10770820097816856
[com5] Training accuracy: 0.756
Generated plots/1-no.png
